Component: ARM Compiler 5.06 update 7 (build 960) Tool: armlink [4d3601]

==============================================================================

Section Cross References

    startup_stm32h750xx.o(RESET) refers to startup_stm32h750xx.o(STACK) for __initial_sp
    startup_stm32h750xx.o(RESET) refers to startup_stm32h750xx.o(.text) for Reset_Handler
    startup_stm32h750xx.o(RESET) refers to stm32h7xx_it.o(i.NMI_Handler) for NMI_Handler
    startup_stm32h750xx.o(RESET) refers to stm32h7xx_it.o(i.HardFault_Handler) for HardFault_Handler
    startup_stm32h750xx.o(RESET) refers to stm32h7xx_it.o(i.MemManage_Handler) for MemManage_Handler
    startup_stm32h750xx.o(RESET) refers to stm32h7xx_it.o(i.BusFault_Handler) for BusFault_Handler
    startup_stm32h750xx.o(RESET) refers to stm32h7xx_it.o(i.UsageFault_Handler) for UsageFault_Handler
    startup_stm32h750xx.o(RESET) refers to stm32h7xx_it.o(i.SVC_Handler) for SVC_Handler
    startup_stm32h750xx.o(RESET) refers to stm32h7xx_it.o(i.DebugMon_Handler) for DebugMon_Handler
    startup_stm32h750xx.o(RESET) refers to stm32h7xx_it.o(i.PendSV_Handler) for PendSV_Handler
    startup_stm32h750xx.o(RESET) refers to stm32h7xx_it.o(i.SysTick_Handler) for SysTick_Handler
    startup_stm32h750xx.o(RESET) refers to stm32h7xx_it.o(i.DMA1_Stream0_IRQHandler) for DMA1_Stream0_IRQHandler
    startup_stm32h750xx.o(RESET) refers to stm32h7xx_it.o(i.ADC_IRQHandler) for ADC_IRQHandler
    startup_stm32h750xx.o(.text) refers to system_stm32h7xx.o(i.SystemInit) for SystemInit
    startup_stm32h750xx.o(.text) refers to entry.o(.ARM.Collect$$$$00000000) for __main
    main.o(i.HAL_ADC_ConvCpltCallback) refers to main.o(.data) for .data
    main.o(i.PeriphCommonClock_Config) refers to memseta.o(.text) for __aeabi_memclr4
    main.o(i.PeriphCommonClock_Config) refers to stm32h7xx_hal_rcc_ex.o(i.HAL_RCCEx_PeriphCLKConfig) for HAL_RCCEx_PeriphCLKConfig
    main.o(i.SystemClock_Config) refers to memseta.o(.text) for __aeabi_memclr4
    main.o(i.SystemClock_Config) refers to stm32h7xx_hal_pwr_ex.o(i.HAL_PWREx_ConfigSupply) for HAL_PWREx_ConfigSupply
    main.o(i.SystemClock_Config) refers to stm32h7xx_hal_rcc.o(i.HAL_RCC_OscConfig) for HAL_RCC_OscConfig
    main.o(i.SystemClock_Config) refers to stm32h7xx_hal_rcc.o(i.HAL_RCC_ClockConfig) for HAL_RCC_ClockConfig
    main.o(i.fputc) refers to stm32h7xx_hal_uart.o(i.HAL_UART_Transmit) for HAL_UART_Transmit
    main.o(i.fputc) refers to usart.o(.bss) for huart1
    main.o(i.main) refers to stm32h7xx_hal.o(i.HAL_Init) for HAL_Init
    main.o(i.main) refers to main.o(i.SystemClock_Config) for SystemClock_Config
    main.o(i.main) refers to main.o(i.PeriphCommonClock_Config) for PeriphCommonClock_Config
    main.o(i.main) refers to gpio.o(i.MX_GPIO_Init) for MX_GPIO_Init
    main.o(i.main) refers to dma.o(i.MX_DMA_Init) for MX_DMA_Init
    main.o(i.main) refers to adc.o(i.MX_ADC1_Init) for MX_ADC1_Init
    main.o(i.main) refers to tim.o(i.MX_TIM3_Init) for MX_TIM3_Init
    main.o(i.main) refers to usart.o(i.MX_USART1_UART_Init) for MX_USART1_UART_Init
    main.o(i.main) refers to adc.o(i.MX_ADC2_Init) for MX_ADC2_Init
    main.o(i.main) refers to stm32h7xx_hal_adc.o(i.HAL_ADC_Start) for HAL_ADC_Start
    main.o(i.main) refers to stm32h7xx_hal_adc_ex.o(i.HAL_ADCEx_MultiModeStart_DMA) for HAL_ADCEx_MultiModeStart_DMA
    main.o(i.main) refers to stm32h7xx_hal_tim.o(i.HAL_TIM_Base_Start) for HAL_TIM_Base_Start
    main.o(i.main) refers to stm32h7xx_hal_adc.o(i.HAL_ADC_Stop) for HAL_ADC_Stop
    main.o(i.main) refers to transformfunctions.o(i.arm_cfft_f32) for arm_cfft_f32
    main.o(i.main) refers to complexmathfunctions.o(i.arm_cmplx_mag_f32) for arm_cmplx_mag_f32
    main.o(i.main) refers to statisticsfunctions.o(i.arm_max_f32) for arm_max_f32
    main.o(i.main) refers to atan2f.o(i.__hardfp_atan2f) for __hardfp_atan2f
    main.o(i.main) refers to main.o(i.midfliter) for midfliter
    main.o(i.main) refers to adc.o(.bss) for hadc2
    main.o(i.main) refers to main.o(.bss) for .bss
    main.o(i.main) refers to tim.o(.bss) for htim3
    main.o(i.main) refers to main.o(.data) for .data
    main.o(i.main) refers to commontables.o(.constdata) for arm_cfft_sR_f32_len4096
    main.o(i.midfliter) refers to malloc.o(i.malloc) for malloc
    main.o(i.midfliter) refers to supportfunctions.o(i.arm_sort_init_f32) for arm_sort_init_f32
    main.o(i.midfliter) refers to supportfunctions.o(i.arm_sort_f32) for arm_sort_f32
    main.o(i.midfliter) refers to malloc.o(i.free) for free
    adc.o(i.HAL_ADC_MspDeInit) refers to stm32h7xx_hal_gpio.o(i.HAL_GPIO_DeInit) for HAL_GPIO_DeInit
    adc.o(i.HAL_ADC_MspDeInit) refers to stm32h7xx_hal_dma.o(i.HAL_DMA_DeInit) for HAL_DMA_DeInit
    adc.o(i.HAL_ADC_MspDeInit) refers to adc.o(.data) for .data
    adc.o(i.HAL_ADC_MspInit) refers to memseta.o(.text) for __aeabi_memclr4
    adc.o(i.HAL_ADC_MspInit) refers to stm32h7xx_hal_gpio.o(i.HAL_GPIO_Init) for HAL_GPIO_Init
[...]
    C:/Users/ZhuShaomin/AppData/Local/Arm/Packs/ARM/CMSIS-DSP/1.15.0/Source/FastMathFunctions/FastMathFunctions.c 0x00000000   Number         0  fastmathfunctions.o ABSOLUTE
    C:/Users/ZhuShaomin/AppData/Local/Arm/Packs/ARM/CMSIS-DSP/1.15.0/Source/FastMathFunctions/FastMathFunctionsF16.c 0x00000000   Number         0  fastmathfunctionsf16.o ABSOLUTE
    C:/Users/ZhuShaomin/AppData/Local/Arm/Packs/ARM/CMSIS-DSP/1.15.0/Source/FilteringFunctions/FilteringFunctions.c 0x00000000   Number         0  filteringfunctions.o ABSOLUTE
    C:/Users/ZhuShaomin/AppData/Local/Arm/Packs/ARM/CMSIS-DSP/1.15.0/Source/FilteringFunctions/FilteringFunctionsF16.c 0x00000000   Number         0  filteringfunctionsf16.o ABSOLUTE
    C:/Users/ZhuShaomin/AppData/Local/Arm/Packs/ARM/CMSIS-DSP/1.15.0/Source/InterpolationFunctions/InterpolationFunctions.c 0x00000000   Number         0  interpolationfunctions.o ABSOLUTE
    C:/Users/ZhuShaomin/AppData/Local/Arm/Packs/ARM/CMSIS-DSP/1.15.0/Source/InterpolationFunctions/InterpolationFunctionsF16.c 0x00000000   Number         0  interpolationfunctionsf16.o ABSOLUTE
    C:/Users/ZhuShaomin/AppData/Local/Arm/Packs/ARM/CMSIS-DSP/1.15.0/Source/MatrixFunctions/MatrixFunctions.c 0x00000000   Number         0  matrixfunctions.o ABSOLUTE
    C:/Users/ZhuShaomin/AppData/Local/Arm/Packs/ARM/CMSIS-DSP/1.15.0/Source/MatrixFunctions/MatrixFunctionsF16.c 0x00000000   Number         0  matrixfunctionsf16.o ABSOLUTE
    C:/Users/ZhuShaomin/AppData/Local/Arm/Packs/ARM/CMSIS-DSP/1.15.0/Source/QuaternionMathFunctions/QuaternionMathFunctions.c 0x00000000   Number         0  quaternionmathfunctions.o ABSOLUTE
    C:/Users/ZhuShaomin/AppData/Local/Arm/Packs/ARM/CMSIS-DSP/1.15.0/Source/SVMFunctions/SVMFunctions.c 0x00000000   Number         0  svmfunctions.o ABSOLUTE
    C:/Users/ZhuShaomin/AppData/Local/Arm/Packs/ARM/CMSIS-DSP/1.15.0/Source/SVMFunctions/SVMFunctionsF16.c 0x00000000   Number         0  svmfunctionsf16.o ABSOLUTE
    C:/Users/ZhuShaomin/AppData/Local/Arm/Packs/ARM/CMSIS-DSP/1.15.0/Source/StatisticsFunctions/StatisticsFunctions.c 0x00000000   Number         0  statisticsfunctions.o ABSOLUTE
    C:/Users/ZhuShaomin/AppData/Local/Arm/Packs/ARM/CMSIS-DSP/1.15.0/Source/StatisticsFunctions/StatisticsFunctionsF16.c 0x00000000   Number         0  statisticsfunctionsf16.o ABSOLUTE
    C:/Users/ZhuShaomin/AppData/Local/Arm/Packs/ARM/CMSIS-DSP/1.15.0/Source/SupportFunctions/SupportFunctions.c 0x00000000   Number         0  supportfunctions.o ABSOLUTE
    C:/Users/ZhuShaomin/AppData/Local/Arm/Packs/ARM/CMSIS-DSP/1.15.0/Source/SupportFunctions/SupportFunctionsF16.c 0x00000000   Number         0  supportfunctionsf16.o ABSOLUTE
    C:/Users/ZhuShaomin/AppData/Local/Arm/Packs/ARM/CMSIS-DSP/1.15.0/Source/TransformFunctions/TransformFunctions.c 0x00000000   Number         0  transformfunctions.o ABSOLUTE
    C:/Users/ZhuShaomin/AppData/Local/Arm/Packs/ARM/CMSIS-DSP/1.15.0/Source/TransformFunctions/TransformFunctionsF16.c 0x00000000   Number         0  transformfunctionsf16.o ABSOLUTE
    C:\Users\ZhuShaomin\AppData\Local\Arm\Packs\ARM\CMSIS-DSP\1.15.0\Source\BasicMathFunctions\BasicMathFunctions.c 0x00000000   Number         0  basicmathfunctions.o ABSOLUTE
    C:\Users\ZhuShaomin\AppData\Local\Arm\Packs\ARM\CMSIS-DSP\1.15.0\Source\BasicMathFunctions\BasicMathFunctionsF16.c 0x00000000   Number         0  basicmathfunctionsf16.o ABSOLUTE
    C:\Users\ZhuShaomin\AppData\Local\Arm\Packs\ARM\CMSIS-DSP\1.15.0\Source\BayesFunctions\BayesFunctions.c 0x00000000   Number         0  bayesfunctions.o ABSOLUTE
    C:\Users\ZhuShaomin\AppData\Local\Arm\Packs\ARM\CMSIS-DSP\1.15.0\Source\BayesFunctions\BayesFunctionsF16.c 0x00000000   Number         0  bayesfunctionsf16.o ABSOLUTE
    C:\Users\ZhuShaomin\AppData\Local\Arm\Packs\ARM\CMSIS-DSP\1.15.0\Source\CommonTables\CommonTables.c 0x00000000   Number         0  commontables.o ABSOLUTE
    C:\Users\ZhuShaomin\AppData\Local\Arm\Packs\ARM\CMSIS-DSP\1.15.0\Source\CommonTables\CommonTablesF16.c 0x00000000   Number         0  commontablesf16.o ABSOLUTE
    C:\Users\ZhuShaomin\AppData\Local\Arm\Packs\ARM\CMSIS-DSP\1.15.0\Source\ComplexMathFunctions\ComplexMathFunctions.c 0x00000000   Number         0  complexmathfunctions.o ABSOLUTE
    C:\Users\ZhuShaomin\AppData\Local\Arm\Packs\ARM\CMSIS-DSP\1.15.0\Source\ComplexMathFunctions\ComplexMathFunctionsF16.c 0x00000000   Number         0  complexmathfunctionsf16.o ABSOLUTE
    C:\Users\ZhuShaomin\AppData\Local\Arm\Packs\ARM\CMSIS-DSP\1.15.0\Source\ControllerFunctions\ControllerFunctions.c 0x00000000   Number         0  controllerfunctions.o ABSOLUTE
    C:\Users\ZhuShaomin\AppData\Local\Arm\Packs\ARM\CMSIS-DSP\1.15.0\Source\DistanceFunctions\DistanceFunctions.c 0x00000000   Number         0  distancefunctions.o ABSOLUTE
    C:\Users\ZhuShaomin\AppData\Local\Arm\Packs\ARM\CMSIS-DSP\1.15.0\Source\DistanceFunctions\DistanceFunctionsF16.c 0x00000000   Number         0  distancefunctionsf16.o ABSOLUTE
    C:\Users\ZhuShaomin\AppData\Local\Arm\Packs\ARM\CMSIS-DSP\1.15.0\Source\FastMathFunctions\FastMathFunctions.c 0x00000000   Number         0  fastmathfunctions.o ABSOLUTE
    C:\Users\ZhuShaomin\AppData\Local\Arm\Packs\ARM\CMSIS-DSP\1.15.0\Source\FastMathFunctions\FastMathFunctionsF16.c 0x00000000   Number         0  fastmathfunctionsf16.o ABSOLUTE
    C:\Users\ZhuShaomin\AppData\Local\Arm\Packs\ARM\CMSIS-DSP\1.15.0\Source\FilteringFunctions\FilteringFunctions.c 0x00000000   Number         0  filteringfunctions.o ABSOLUTE
    C:\Users\ZhuShaomin\AppData\Local\Arm\Packs\ARM\CMSIS-DSP\1.15.0\Source\FilteringFunctions\FilteringFunctionsF16.c 0x00000000   Number         0  filteringfunctionsf16.o ABSOLUTE
    C:\Users\ZhuShaomin\AppData\Local\Arm\Packs\ARM\CMSIS-DSP\1.15.0\Source\InterpolationFunctions\InterpolationFunctions.c 0x00000000   Number         0  interpolationfunctions.o ABSOLUTE
    C:\Users\ZhuShaomin\AppData\Local\Arm\Packs\ARM\CMSIS-DSP\1.15.0\Source\InterpolationFunctions\InterpolationFunctionsF16.c 0x00000000   Number         0  interpolationfunctionsf16.o ABSOLUTE
    C:\Users\ZhuShaomin\AppData\Local\Arm\Packs\ARM\CMSIS-DSP\1.15.0\Source\MatrixFunctions\MatrixFunctions.c 0x00000000   Number         0  matrixfunctions.o ABSOLUTE
    C:\Users\ZhuShaomin\AppData\Local\Arm\Packs\ARM\CMSIS-DSP\1.15.0\Source\MatrixFunctions\MatrixFunctionsF16.c 0x00000000   Number         0  matrixfunctionsf16.o ABSOLUTE
    C:\Users\ZhuShaomin\AppData\Local\Arm\Packs\ARM\CMSIS-DSP\1.15.0\Source\QuaternionMathFunctions\QuaternionMathFunctions.c 0x00000000   Number         0  quaternionmathfunctions.o ABSOLUTE
    C:\Users\ZhuShaomin\AppData\Local\Arm\Packs\ARM\CMSIS-DSP\1.15.0\Source\SVMFunctions\SVMFunctions.c 0x00000000   Number         0  svmfunctions.o ABSOLUTE
    C:\Users\ZhuShaomin\AppData\Local\Arm\Packs\ARM\CMSIS-DSP\1.15.0\Source\SVMFunctions\SVMFunctionsF16.c 0x00000000   Number         0  svmfunctionsf16.o ABSOLUTE
    C:\Users\ZhuShaomin\AppData\Local\Arm\Packs\ARM\CMSIS-DSP\1.15.0\Source\StatisticsFunctions\StatisticsFunctions.c 0x00000000   Number         0  statisticsfunctions.o ABSOLUTE
    C:\Users\ZhuShaomin\AppData\Local\Arm\Packs\ARM\CMSIS-DSP\1.15.0\Source\StatisticsFunctions\StatisticsFunctionsF16.c 0x00000000   Number         0  statisticsfunctionsf16.o ABSOLUTE
    C:\Users\ZhuShaomin\AppData\Local\Arm\Packs\ARM\CMSIS-DSP\1.15.0\Source\SupportFunctions\SupportFunctions.c 0x00000000   Number         0  supportfunctions.o ABSOLUTE
    C:\Users\ZhuShaomin\AppData\Local\Arm\Packs\ARM\CMSIS-DSP\1.15.0\Source\SupportFunctions\SupportFunctionsF16.c 0x00000000   Number         0  supportfunctionsf16.o ABSOLUTE
    C:\Users\ZhuShaomin\AppData\Local\Arm\Packs\ARM\CMSIS-DSP\1.15.0\Source\TransformFunctions\TransformFunctions.c 0x00000000   Number         0  transformfunctions.o ABSOLUTE
    C:\Users\ZhuShaomin\AppData\Local\Arm\Packs\ARM\CMSIS-DSP\1.15.0\Source\TransformFunctions\TransformFunctionsF16.c 0x00000000   Number         0  transformfunctionsf16.o ABSOLUTE
    dc.s                                     0x00000000   Number         0  dc.o ABSOLUTE
    handlers.s                               0x00000000   Number         0  handlers.o ABSOLUTE
    init.s                                   0x00000000   Number         0  init.o ABSOLUTE
    startup_stm32h750xx.s                    0x00000000   Number         0  startup_stm32h750xx.o ABSOLUTE
    RESET                                    0x08000000   Section      664  startup_stm32h750xx.o(RESET)
    .ARM.Collect$$$$00000000                 0x08000298   Section        0  entry.o(.ARM.Collect$$$$00000000)
    .ARM.Collect$$$$00000001                 0x08000298   Section        4  entry2.o(.ARM.Collect$$$$00000001)
    .ARM.Collect$$$$00000004                 0x0800029c   Section        4  entry5.o(.ARM.Collect$$$$00000004)
    .ARM.Collect$$$$00000008                 0x080002a0   Section        0  entry7b.o(.ARM.Collect$$$$00000008)
    .ARM.Collect$$$$0000000A                 0x080002a0   Section        0  entry8b.o(.ARM.Collect$$$$0000000A)
    .ARM.Collect$$$$0000000B                 0x080002a0   Section        8  entry9a.o(.ARM.Collect$$$$0000000B)
    .ARM.Collect$$$$0000000E                 0x080002a8   Section        4  entry12b.o(.ARM.Collect$$$$0000000E)
    .ARM.Collect$$$$0000000F                 0x080002ac   Section        0  entry10a.o(.ARM.Collect$$$$0000000F)
    .ARM.Collect$$$$00000011                 0x080002ac   Section        0  entry11a.o(.ARM.Collect$$$$00000011)
    .ARM.Collect$$$$00002712                 0x080002ac   Section        4  entry2.o(.ARM.Collect$$$$00002712)
    __lit__00000000                          0x080002ac   Data           4  entry2.o(.ARM.Collect$$$$00002712)
    .text                                    0x080002b0   Section       36  startup_stm32h750xx.o(.text)
    $v0                                      0x080002b0   Number         0  startup_stm32h750xx.o(.text)
    .text                                    0x080002d4   Section        0  uldiv.o(.text)
    .text                                    0x08000336   Section        0  llshl.o(.text)
    .text                                    0x08000354   Section        0  memcpya.o(.text)
    .text                                    0x08000378   Section        0  memseta.o(.text)
    .text                                    0x0800039c   Section        0  llushr.o(.text)
    .text                                    0x080003bc   Section        0  iusefp.o(.text)
    .text                                    0x080003bc   Section       36  init.o(.text)
    i.ADC_ConfigureBoostMode                 0x080003e0   Section        0  stm32h7xx_hal_adc.o(i.ADC_ConfigureBoostMode)
    i.ADC_ConversionStop                     0x080004e8   Section        0  stm32h7xx_hal_adc.o(i.ADC_ConversionStop)
    i.ADC_DMAConvCplt                        0x080005cc   Section        0  stm32h7xx_hal_adc.o(i.ADC_DMAConvCplt)
    i.ADC_DMAError                           0x08000634   Section        0  stm32h7xx_hal_adc.o(i.ADC_DMAError)
    i.ADC_DMAHalfConvCplt                    0x0800064e   Section        0  stm32h7xx_hal_adc.o(i.ADC_DMAHalfConvCplt)
    i.ADC_Disable                            0x08000658   Section        0  stm32h7xx_hal_adc.o(i.ADC_Disable)
    i.ADC_Enable                             0x080006c8   Section        0  stm32h7xx_hal_adc.o(i.ADC_Enable)
    i.ADC_IRQHandler                         0x08000770   Section        0  stm32h7xx_it.o(i.ADC_IRQHandler)
    i.BusFault_Handler                       0x0800078c   Section        0  stm32h7xx_it.o(i.BusFault_Handler)
    i.DMA1_Stream0_IRQHandler                0x08000790   Section        0  stm32h7xx_it.o(i.DMA1_Stream0_IRQHandler)
    i.DMA_CalcBaseAndBitshift                0x0800079c   Section        0  stm32h7xx_hal_dma.o(i.DMA_CalcBaseAndBitshift)
    DMA_CalcBaseAndBitshift                  0x0800079d   Thumb Code   168  stm32h7xx_hal_dma.o(i.DMA_CalcBaseAndBitshift)
    i.DMA_CalcDMAMUXChannelBaseAndMask       0x08000850   Section        0  stm32h7xx_hal_dma.o(i.DMA_CalcDMAMUXChannelBaseAndMask)
    DMA_CalcDMAMUXChannelBaseAndMask         0x08000851   Thumb Code   138  stm32h7xx_hal_dma.o(i.DMA_CalcDMAMUXChannelBaseAndMask)
    i.DMA_CalcDMAMUXRequestGenBaseAndMask    0x080008ec   Section        0  stm32h7xx_hal_dma.o(i.DMA_CalcDMAMUXRequestGenBaseAndMask)
    DMA_CalcDMAMUXRequestGenBaseAndMask      0x080008ed   Thumb Code   104  stm32h7xx_hal_dma.o(i.DMA_CalcDMAMUXRequestGenBaseAndMask)
    i.DMA_CheckFifoParam                     0x08000960   Section        0  stm32h7xx_hal_dma.o(i.DMA_CheckFifoParam)
    DMA_CheckFifoParam                       0x08000961   Thumb Code    84  stm32h7xx_hal_dma.o(i.DMA_CheckFifoParam)
    i.DMA_SetConfig                          0x080009b4   Section        0  stm32h7xx_hal_dma.o(i.DMA_SetConfig)
    DMA_SetConfig                            0x080009b5   Thumb Code   518  stm32h7xx_hal_dma.o(i.DMA_SetConfig)
    i.DebugMon_Handler                       0x08000bd4   Section        0  stm32h7xx_it.o(i.DebugMon_Handler)
    i.Error_Handler                          0x08000bd6   Section        0  main.o(i.Error_Handler)
    i.HAL_ADCEx_EndOfSamplingCallback        0x08000bda   Section        0  stm32h7xx_hal_adc_ex.o(i.HAL_ADCEx_EndOfSamplingCallback)
    i.HAL_ADCEx_InjectedConvCpltCallback     0x08000bdc   Section        0  stm32h7xx_hal_adc_ex.o(i.HAL_ADCEx_InjectedConvCpltCallback)
    i.HAL_ADCEx_InjectedQueueOverflowCallback 0x08000bde   Section        0  stm32h7xx_hal_adc_ex.o(i.HAL_ADCEx_InjectedQueueOverflowCallback)
    i.HAL_ADCEx_LevelOutOfWindow2Callback    0x08000be0   Section        0  stm32h7xx_hal_adc_ex.o(i.HAL_ADCEx_LevelOutOfWindow2Callback)
    i.HAL_ADCEx_LevelOutOfWindow3Callback    0x08000be2   Section        0  stm32h7xx_hal_adc_ex.o(i.HAL_ADCEx_LevelOutOfWindow3Callback)
    i.HAL_ADCEx_MultiModeConfigChannel       0x08000be4   Section        0  stm32h7xx_hal_adc_ex.o(i.HAL_ADCEx_MultiModeConfigChannel)
    i.HAL_ADCEx_MultiModeStart_DMA           0x08000d0c   Section        0  stm32h7xx_hal_adc_ex.o(i.HAL_ADCEx_MultiModeStart_DMA)
    i.HAL_ADC_ConfigChannel                  0x08000df0   Section        0  stm32h7xx_hal_adc.o(i.HAL_ADC_ConfigChannel)
    i.HAL_ADC_ConvCpltCallback               0x080011c8   Section        0  main.o(i.HAL_ADC_ConvCpltCallback)
    i.HAL_ADC_ConvHalfCpltCallback           0x080011d4   Section        0  stm32h7xx_hal_adc.o(i.HAL_ADC_ConvHalfCpltCallback)
    i.HAL_ADC_ErrorCallback                  0x080011d6   Section        0  stm32h7xx_hal_adc.o(i.HAL_ADC_ErrorCallback)
    i.HAL_ADC_IRQHandler                     0x080011d8   Section        0  stm32h7xx_hal_adc.o(i.HAL_ADC_IRQHandler)
    i.HAL_ADC_Init                           0x08001468   Section        0  stm32h7xx_hal_adc.o(i.HAL_ADC_Init)
    i.HAL_ADC_LevelOutOfWindowCallback       0x08001690   Section        0  stm32h7xx_hal_adc.o(i.HAL_ADC_LevelOutOfWindowCallback)
    i.HAL_ADC_MspInit                        0x08001694   Section        0  adc.o(i.HAL_ADC_MspInit)
    i.HAL_ADC_Start                          0x08001794   Section        0  stm32h7xx_hal_adc.o(i.HAL_ADC_Start)
    i.HAL_ADC_Stop                           0x0800189c   Section        0  stm32h7xx_hal_adc.o(i.HAL_ADC_Stop)
    i.HAL_DMA_IRQHandler                     0x080018dc   Section        0  stm32h7xx_hal_dma.o(i.HAL_DMA_IRQHandler)
    i.HAL_DMA_Init                           0x08001fc4   Section        0  stm32h7xx_hal_dma.o(i.HAL_DMA_Init)
    i.HAL_DMA_Start_IT                       0x08002388   Section        0  stm32h7xx_hal_dma.o(i.HAL_DMA_Start_IT)
    i.HAL_GPIO_Init                          0x08002624   Section        0  stm32h7xx_hal_gpio.o(i.HAL_GPIO_Init)
    i.HAL_GetREVID                           0x08002850   Section        0  stm32h7xx_hal.o(i.HAL_GetREVID)
    i.HAL_GetTick                            0x0800285c   Section        0  stm32h7xx_hal.o(i.HAL_GetTick)
    i.HAL_IncTick                            0x08002868   Section        0  stm32h7xx_hal.o(i.HAL_IncTick)
    i.HAL_Init                               0x08002878   Section        0  stm32h7xx_hal.o(i.HAL_Init)
    i.HAL_InitTick                           0x080028d4   Section        0  stm32h7xx_hal.o(i.HAL_InitTick)
    i.HAL_MspInit                            0x08002914   Section        0  stm32h7xx_hal_msp.o(i.HAL_MspInit)
    i.HAL_NVIC_EnableIRQ                     0x08002930   Section        0  stm32h7xx_hal_cortex.o(i.HAL_NVIC_EnableIRQ)
    i.HAL_NVIC_SetPriority                   0x0800294c   Section        0  stm32h7xx_hal_cortex.o(i.HAL_NVIC_SetPriority)
    i.HAL_NVIC_SetPriorityGrouping           0x0800298c   Section        0  stm32h7xx_hal_cortex.o(i.HAL_NVIC_SetPriorityGrouping)
    i.HAL_PWREx_ConfigSupply                 0x080029b0   Section        0  stm32h7xx_hal_pwr_ex.o(i.HAL_PWREx_ConfigSupply)
    i.HAL_RCCEx_GetD3PCLK1Freq               0x08002a04   Section        0  stm32h7xx_hal_rcc_ex.o(i.HAL_RCCEx_GetD3PCLK1Freq)
    i.HAL_RCCEx_GetPLL1ClockFreq             0x08002a28   Section        0  stm32h7xx_hal_rcc_ex.o(i.HAL_RCCEx_GetPLL1ClockFreq)
    i.HAL_RCCEx_GetPLL2ClockFreq             0x08002b70   Section        0  stm32h7xx_hal_rcc_ex.o(i.HAL_RCCEx_GetPLL2ClockFreq)
    i.HAL_RCCEx_GetPLL3ClockFreq             0x08002cb4   Section        0  stm32h7xx_hal_rcc_ex.o(i.HAL_RCCEx_GetPLL3ClockFreq)
    i.HAL_RCCEx_GetPeriphCLKFreq             0x08002df8   Section        0  stm32h7xx_hal_rcc_ex.o(i.HAL_RCCEx_GetPeriphCLKFreq)
    i.HAL_RCCEx_PeriphCLKConfig              0x080030c0   Section        0  stm32h7xx_hal_rcc_ex.o(i.HAL_RCCEx_PeriphCLKConfig)
    i.HAL_RCC_ClockConfig                    0x08003a6c   Section        0  stm32h7xx_hal_rcc.o(i.HAL_RCC_ClockConfig)
    i.HAL_RCC_GetHCLKFreq                    0x08003cc8   Section        0  stm32h7xx_hal_rcc.o(i.HAL_RCC_GetHCLKFreq)
    i.HAL_RCC_GetPCLK1Freq                   0x08003d0c   Section        0  stm32h7xx_hal_rcc.o(i.HAL_RCC_GetPCLK1Freq)
    i.HAL_RCC_GetPCLK2Freq                   0x08003d30   Section        0  stm32h7xx_hal_rcc.o(i.HAL_RCC_GetPCLK2Freq)
    i.HAL_RCC_GetSysClockFreq                0x08003d54   Section        0  stm32h7xx_hal_rcc.o(i.HAL_RCC_GetSysClockFreq)
    i.HAL_RCC_OscConfig                      0x08003e8c   Section        0  stm32h7xx_hal_rcc.o(i.HAL_RCC_OscConfig)
    i.HAL_SYSTICK_Config                     0x0800440e   Section        0  stm32h7xx_hal_cortex.o(i.HAL_SYSTICK_Config)
    i.HAL_TIMEx_MasterConfigSynchronization  0x08004434   Section        0  stm32h7xx_hal_tim_ex.o(i.HAL_TIMEx_MasterConfigSynchronization)
    i.HAL_TIM_Base_Init                      0x080044d8   Section        0  stm32h7xx_hal_tim.o(i.HAL_TIM_Base_Init)
    i.HAL_TIM_Base_MspInit                   0x0800453c   Section        0  tim.o(i.HAL_TIM_Base_MspInit)
    i.HAL_TIM_Base_Start                     0x08004564   Section        0  stm32h7xx_hal_tim.o(i.HAL_TIM_Base_Start)
    i.HAL_TIM_ConfigClockSource              0x080045e4   Section        0  stm32h7xx_hal_tim.o(i.HAL_TIM_ConfigClockSource)
    i.HAL_UARTEx_DisableFifoMode             0x080046e0   Section        0  stm32h7xx_hal_uart_ex.o(i.HAL_UARTEx_DisableFifoMode)
    i.HAL_UARTEx_SetRxFifoThreshold          0x08004720   Section        0  stm32h7xx_hal_uart_ex.o(i.HAL_UARTEx_SetRxFifoThreshold)
    i.HAL_UARTEx_SetTxFifoThreshold          0x0800476c   Section        0  stm32h7xx_hal_uart_ex.o(i.HAL_UARTEx_SetTxFifoThreshold)
    i.HAL_UART_Init                          0x080047b8   Section        0  stm32h7xx_hal_uart.o(i.HAL_UART_Init)
    i.HAL_UART_MspInit                       0x08004824   Section        0  usart.o(i.HAL_UART_MspInit)
    i.HardFault_Handler                      0x080048ac   Section        0  stm32h7xx_it.o(i.HardFault_Handler)
    i.LL_ADC_INJ_IsConversionOngoing         0x080048ae   Section        0  stm32h7xx_hal_adc.o(i.LL_ADC_INJ_IsConversionOngoing)
    LL_ADC_INJ_IsConversionOngoing           0x080048af   Thumb Code     8  stm32h7xx_hal_adc.o(i.LL_ADC_INJ_IsConversionOngoing)
    i.LL_ADC_REG_IsConversionOngoing         0x080048b6   Section        0  stm32h7xx_hal_adc.o(i.LL_ADC_REG_IsConversionOngoing)
    LL_ADC_REG_IsConversionOngoing           0x080048b7   Thumb Code     8  stm32h7xx_hal_adc.o(i.LL_ADC_REG_IsConversionOngoing)
    i.LL_ADC_REG_IsConversionOngoing         0x080048be   Section        0  stm32h7xx_hal_adc_ex.o(i.LL_ADC_REG_IsConversionOngoing)
    LL_ADC_REG_IsConversionOngoing           0x080048bf   Thumb Code     8  stm32h7xx_hal_adc_ex.o(i.LL_ADC_REG_IsConversionOngoing)
    i.LL_ADC_REG_IsTriggerSourceSWStart      0x080048c6   Section        0  stm32h7xx_hal_adc.o(i.LL_ADC_REG_IsTriggerSourceSWStart)
    LL_ADC_REG_IsTriggerSourceSWStart        0x080048c7   Thumb Code    16  stm32h7xx_hal_adc.o(i.LL_ADC_REG_IsTriggerSourceSWStart)
    i.LL_ADC_SetChannelSamplingTime          0x080048d6   Section        0  stm32h7xx_hal_adc.o(i.LL_ADC_SetChannelSamplingTime)
    LL_ADC_SetChannelSamplingTime            0x080048d7   Thumb Code    30  stm32h7xx_hal_adc.o(i.LL_ADC_SetChannelSamplingTime)
    i.MX_ADC1_Init                           0x080048f4   Section        0  adc.o(i.MX_ADC1_Init)
    i.MX_ADC2_Init                           0x0800499c   Section        0  adc.o(i.MX_ADC2_Init)
    i.MX_DMA_Init                            0x08004a20   Section        0  dma.o(i.MX_DMA_Init)
    i.MX_GPIO_Init                           0x08004a4c   Section        0  gpio.o(i.MX_GPIO_Init)
    i.MX_TIM3_Init                           0x08004a78   Section        0  tim.o(i.MX_TIM3_Init)
    i.MX_USART1_UART_Init                    0x08004ae0   Section        0  usart.o(i.MX_USART1_UART_Init)
    i.MemManage_Handler                      0x08004b48   Section        0  stm32h7xx_it.o(i.MemManage_Handler)
    i.NMI_Handler                            0x08004b4a   Section        0  stm32h7xx_it.o(i.NMI_Handler)
    i.PendSV_Handler                         0x08004b4c   Section        0  stm32h7xx_it.o(i.PendSV_Handler)
    i.PeriphCommonClock_Config               0x08004b4e   Section        0  main.o(i.PeriphCommonClock_Config)
    i.RCCEx_PLL2_Config                      0x08004b90   Section        0  stm32h7xx_hal_rcc_ex.o(i.RCCEx_PLL2_Config)
    RCCEx_PLL2_Config                        0x08004b91   Thumb Code   284  stm32h7xx_hal_rcc_ex.o(i.RCCEx_PLL2_Config)
    i.RCCEx_PLL3_Config                      0x08004cb0   Section        0  stm32h7xx_hal_rcc_ex.o(i.RCCEx_PLL3_Config)
    RCCEx_PLL3_Config                        0x08004cb1   Thumb Code   284  stm32h7xx_hal_rcc_ex.o(i.RCCEx_PLL3_Config)
    i.SVC_Handler                            0x08004dd0   Section        0  stm32h7xx_it.o(i.SVC_Handler)
    i.SysTick_Handler                        0x08004dd2   Section        0  stm32h7xx_it.o(i.SysTick_Handler)
    i.SystemClock_Config                     0x08004dd8   Section        0  main.o(i.SystemClock_Config)
    i.SystemInit                             0x08004eb4   Section        0  system_stm32h7xx.o(i.SystemInit)
    i.TIM_Base_SetConfig                     0x08004f90   Section        0  stm32h7xx_hal_tim.o(i.TIM_Base_SetConfig)
    i.TIM_ETR_SetConfig                      0x08005054   Section        0  stm32h7xx_hal_tim.o(i.TIM_ETR_SetConfig)
    i.TIM_ITRx_SetConfig                     0x08005068   Section        0  stm32h7xx_hal_tim.o(i.TIM_ITRx_SetConfig)
    TIM_ITRx_SetConfig                       0x08005069   Thumb Code    16  stm32h7xx_hal_tim.o(i.TIM_ITRx_SetConfig)
    i.TIM_TI1_ConfigInputStage               0x0800507c   Section        0  stm32h7xx_hal_tim.o(i.TIM_TI1_ConfigInputStage)
    TIM_TI1_ConfigInputStage                 0x0800507d   Thumb Code    34  stm32h7xx_hal_tim.o(i.TIM_TI1_ConfigInputStage)
    i.TIM_TI2_ConfigInputStage               0x0800509e   Section        0  stm32h7xx_hal_tim.o(i.TIM_TI2_ConfigInputStage)
    TIM_TI2_ConfigInputStage                 0x0800509f   Thumb Code    36  stm32h7xx_hal_tim.o(i.TIM_TI2_ConfigInputStage)
    i.UARTEx_SetNbDataToProcess              0x080050c4   Section        0  stm32h7xx_hal_uart_ex.o(i.UARTEx_SetNbDataToProcess)
    UARTEx_SetNbDataToProcess                0x080050c5   Thumb Code    62  stm32h7xx_hal_uart_ex.o(i.UARTEx_SetNbDataToProcess)
    i.UART_AdvFeatureConfig                  0x08005108   Section        0  stm32h7xx_hal_uart.o(i.UART_AdvFeatureConfig)
    i.UART_CheckIdleState                    0x080051d0   Section        0  stm32h7xx_hal_uart.o(i.UART_CheckIdleState)
    i.UART_EndRxTransfer                     0x0800527c   Section        0  stm32h7xx_hal_uart.o(i.UART_EndRxTransfer)
    UART_EndRxTransfer                       0x0800527d   Thumb Code    78  stm32h7xx_hal_uart.o(i.UART_EndRxTransfer)
    i.UART_SetConfig                         0x080052d0   Section        0  stm32h7xx_hal_uart.o(i.UART_SetConfig)
    i.UART_WaitOnFlagUntilTimeout            0x0800567c   Section        0  stm32h7xx_hal_uart.o(i.UART_WaitOnFlagUntilTimeout)
    i.UsageFault_Handler                     0x08005708   Section        0  stm32h7xx_it.o(i.UsageFault_Handler)
    i.__ARM_fpclassifyf                      0x0800570a   Section        0  fpclassifyf.o(i.__ARM_fpclassifyf)
    i.__NVIC_SetPriority                     0x08005730   Section        0  stm32h7xx_hal_cortex.o(i.__NVIC_SetPriority)
    __NVIC_SetPriority                       0x08005731   Thumb Code    34  stm32h7xx_hal_cortex.o(i.__NVIC_SetPriority)
    i.__hardfp_atan2f                        0x08005754   Section        0  atan2f.o(i.__hardfp_atan2f)
    i.__mathlib_flt_infnan2                  0x08005a08   Section        0  funder.o(i.__mathlib_flt_infnan2)
    i.__mathlib_flt_underflow                0x08005a10   Section        0  funder.o(i.__mathlib_flt_underflow)
    i.__scatterload_copy                     0x08005a20   Section       14  handlers.o(i.__scatterload_copy)
    i.__scatterload_null                     0x08005a2e   Section        2  handlers.o(i.__scatterload_null)
    i.__scatterload_zeroinit                 0x08005a30   Section       14  handlers.o(i.__scatterload_zeroinit)
    i.__set_errno                            0x08005a40   Section        0  errno.o(i.__set_errno)
    i.arm_bitonic_sort_core_f32              0x08005a4c   Section        0  supportfunctions.o(i.arm_bitonic_sort_core_f32)
    arm_bitonic_sort_core_f32                0x08005a4d   Thumb Code   136  supportfunctions.o(i.arm_bitonic_sort_core_f32)
    i.arm_bitonic_sort_f32                   0x08005ad4   Section        0  supportfunctions.o(i.arm_bitonic_sort_f32)
    i.arm_bitreversal_32                     0x08005b24   Section        0  transformfunctions.o(i.arm_bitreversal_32)
    i.arm_bubble_sort_f32                    0x08005b62   Section        0  supportfunctions.o(i.arm_bubble_sort_f32)
    i.arm_cfft_f32                           0x08005bbc   Section        0  transformfunctions.o(i.arm_cfft_f32)
    i.arm_cfft_radix8by2_f32                 0x08005c88   Section        0  transformfunctions.o(i.arm_cfft_radix8by2_f32)
    i.arm_cfft_radix8by4_f32                 0x08005e1c   Section        0  transformfunctions.o(i.arm_cfft_radix8by4_f32)
    i.arm_cmplx_mag_f32                      0x08006278   Section        0  complexmathfunctions.o(i.arm_cmplx_mag_f32)
    i.arm_heap_sort_f32                      0x080062bc   Section        0  supportfunctions.o(i.arm_heap_sort_f32)
    i.arm_heapify                            0x0800631a   Section        0  supportfunctions.o(i.arm_heapify)
    arm_heapify                              0x0800631b   Thumb Code   138  supportfunctions.o(i.arm_heapify)
    i.arm_insertion_sort_f32                 0x080063a4   Section        0  supportfunctions.o(i.arm_insertion_sort_f32)
    i.arm_max_f32                            0x080063fc   Section        0  statisticsfunctions.o(i.arm_max_f32)
    i.arm_quick_sort_core_f32                0x0800642a   Section        0  supportfunctions.o(i.arm_quick_sort_core_f32)
    arm_quick_sort_core_f32                  0x0800642b   Thumb Code   178  supportfunctions.o(i.arm_quick_sort_core_f32)
    i.arm_quick_sort_f32                     0x080064dc   Section        0  supportfunctions.o(i.arm_quick_sort_f32)
    i.arm_radix8_butterfly_f32               0x08006504   Section        0  transformfunctions.o(i.arm_radix8_butterfly_f32)
    i.arm_selection_sort_f32                 0x080069c0   Section        0  supportfunctions.o(i.arm_selection_sort_f32)
    i.arm_sort_f32                           0x08006a3a   Section        0  supportfunctions.o(i.arm_sort_f32)
    i.arm_sort_init_f32                      0x08006a74   Section        0  supportfunctions.o(i.arm_sort_init_f32)
    i.free                                   0x08006a7c   Section        0  malloc.o(i.free)
    i.main                                   0x08006acc   Section        0  main.o(i.main)
    i.malloc                                 0x08006d24   Section        0  malloc.o(i.malloc)
    i.midfliter                              0x08006d90   Section        0  main.o(i.midfliter)
    .constdata                               0x08006dec   Section        8  stm32h7xx_hal_dma.o(.constdata)
    flagBitshiftOffset                       0x08006dec   Data           8  stm32h7xx_hal_dma.o(.constdata)
    .constdata                               0x08006df4   Section       24  stm32h7xx_hal_uart.o(.constdata)
    .constdata                               0x08006e0c   Section       16  stm32h7xx_hal_uart_ex.o(.constdata)
    numerator                                0x08006e0c   Data           8  stm32h7xx_hal_uart_ex.o(.constdata)
    denominator                              0x08006e14   Data           8  stm32h7xx_hal_uart_ex.o(.constdata)
    .constdata                               0x08006e1c   Section       16  system_stm32h7xx.o(.constdata)
    .constdata                               0x08006e2c   Section    32768  commontables.o(.constdata)
    .constdata                               0x0800ee2c   Section     8064  commontables.o(.constdata)
    .constdata                               0x08010dac   Section       16  commontables.o(.constdata)
    .data                                    0x24000000   Section       40  main.o(.data)
    .data                                    0x24000028   Section        4  adc.o(.data)
    HAL_RCC_ADC12_CLK_ENABLED                0x24000028   Data           4  adc.o(.data)
    .data                                    0x2400002c   Section       12  stm32h7xx_hal.o(.data)
    .data                                    0x24000038   Section        8  system_stm32h7xx.o(.data)
    .data                                    0x24000040   Section        4  mvars.o(.data)
    .data                                    0x24000044   Section        4  mvars.o(.data)
    .data                                    0x24000048   Section        4  errno.o(.data)
    _errno                                   0x24000048   Data           4  errno.o(.data)
    .bss                                     0x2400004c   Section    114888  main.o(.bss)
    .bss                                     0x2401c114   Section      320  adc.o(.bss)
    .bss                                     0x2401c254   Section       76  tim.o(.bss)
    .bss                                     0x2401c2a0   Section      148  usart.o(.bss)
    HEAP                                     0x2401c338   Section      512  startup_stm32h750xx.o(HEAP)
    STACK                                    0x2401c538   Section     1024  startup_stm32h750xx.o(STACK)

    Global Symbols

    Symbol Name                              Value     Ov Type        Size  Object(Section)

    BuildAttributes$$THM_ISAv4$E$P$D$K$B$S$7EM$VFPv5_D16$PE$PLD8$A:L22UL41UL21$X:L11$S22US41US21$IEEE1$IW$USESV6$~STKCKD$USESV7$~SHL$OTIME$ROPI$IEEEX$EBA8$MICROLIB$REQ8$PRES8$EABIv2 0x00000000   Number         0  anon$$obj.o ABSOLUTE
    __ARM_use_no_argv                        0x00000000   Number         0  main.o ABSOLUTE
    __arm_fini_                               - Undefined Weak Reference
    __cpp_initialize__aeabi_                  - Undefined Weak Reference
    __cxa_finalize                            - Undefined Weak Reference
    __decompress                              - Undefined Weak Reference
    _clock_init                               - Undefined Weak Reference
    _microlib_exit                            - Undefined Weak Reference
    __Vectors_Size                           0x00000298   Number         0  startup_stm32h750xx.o ABSOLUTE
    __Vectors                                0x08000000   Data           4  startup_stm32h750xx.o(RESET)
    __Vectors_End                            0x08000298   Data           0  startup_stm32h750xx.o(RESET)
    __main                                   0x08000299   Thumb Code     0  entry.o(.ARM.Collect$$$$00000000)
    _main_stk                                0x08000299   Thumb Code     0  entry2.o(.ARM.Collect$$$$00000001)
    _main_scatterload                        0x0800029d   Thumb Code     0  entry5.o(.ARM.Collect$$$$00000004)
    __main_after_scatterload                 0x080002a1   Thumb Code     0  entry5.o(.ARM.Collect$$$$00000004)
    _main_clock                              0x080002a1   Thumb Code     0  entry7b.o(.ARM.Collect$$$$00000008)
    _main_cpp_init                           0x080002a1   Thumb Code     0  entry8b.o(.ARM.Collect$$$$0000000A)
    _main_init                               0x080002a1   Thumb Code     0  entry9a.o(.ARM.Collect$$$$0000000B)
    __rt_lib_shutdown_fini                   0x080002a9   Thumb Code     0  entry12b.o(.ARM.Collect$$$$0000000E)
    __rt_final_cpp                           0x080002ad   Thumb Code     0  entry10a.o(.ARM.Collect$$$$0000000F)
    __rt_final_exit                          0x080002ad   Thumb Code     0  entry11a.o(.ARM.Collect$$$$00000011)
    Reset_Handler                            0x080002b1   Thumb Code     8  startup_stm32h750xx.o(.text)
    ADC3_IRQHandler                          0x080002cb   Thumb Code     0  startup_stm32h750xx.o(.text)
    BDMA_Channel0_IRQHandler                 0x080002cb   Thumb Code     0  startup_stm32h750xx.o(.text)
    BDMA_Channel1_IRQHandler                 0x080002cb   Thumb Code     0  startup_stm32h750xx.o(.text)
    BDMA_Channel2_IRQHandler                 0x080002cb   Thumb Code     0  startup_stm32h750xx.o(.text)
    BDMA_Channel3_IRQHandler                 0x080002cb   Thumb Code     0  startup_stm32h750xx.o(.text)
    BDMA_Channel4_IRQHandler                 0x080002cb   Thumb Code     0  startup_stm32h750xx.o(.text)
    BDMA_Channel5_IRQHandler                 0x080002cb   Thumb Code     0  startup_stm32h750xx.o(.text)
    BDMA_Channel6_IRQHandler                 0x080002cb   Thumb Code     0  startup_stm32h750xx.o(.text)
    BDMA_Channel7_IRQHandler                 0x080002cb   Thumb Code     0  startup_stm32h750xx.o(.text)
    CEC_IRQHandler                           0x080002cb   Thumb Code     0  startup_stm32h750xx.o(.text)
    COMP1_IRQHandler                         0x080002cb   Thumb Code     0  startup_stm32h750xx.o(.text)
    CRS_IRQHandler                           0x080002cb   Thumb Code     0  startup_stm32h750xx.o(.text)
    CRYP_IRQHandler                          0x080002cb   Thumb Code     0  startup_stm32h750xx.o(.text)
    DCMI_IRQHandler                          0x080002cb   Thumb Code     0  startup_stm32h750xx.o(.text)
    DFSDM1_FLT0_IRQHandler                   0x080002cb   Thumb Code     0  startup_stm32h750xx.o(.text)
    DFSDM1_FLT1_IRQHandler                   0x080002cb   Thumb Code     0  startup_stm32h750xx.o(.text)
    DFSDM1_FLT2_IRQHandler                   0x080002cb   Thumb Code     0  startup_stm32h750xx.o(.text)
    DFSDM1_FLT3_IRQHandler                   0x080002cb   Thumb Code     0  startup_stm32h750xx.o(.text)
    DMA1_Stream1_IRQHandler                  0x080002cb   Thumb Code     0  startup_stm32h750xx.o(.text)
    DMA1_Stream2_IRQHandler                  0x080002cb   Thumb Code     0  startup_stm32h750xx.o(.text)
    DMA1_Stream3_IRQHandler                  0x080002cb   Thumb Code     0  startup_stm32h750xx.o(.text)
    DMA1_Stream4_IRQHandler                  0x080002cb   Thumb Code     0  startup_stm32h750xx.o(.text)
    DMA1_Stream5_IRQHandler                  0x080002cb   Thumb Code     0  startup_stm32h750xx.o(.text)
    DMA1_Stream6_IRQHandler                  0x080002cb   Thumb Code     0  startup_stm32h750xx.o(.text)
    DMA1_Stream7_IRQHandler                  0x080002cb   Thumb Code     0  startup_stm32h750xx.o(.text)
    DMA2D_IRQHandler                         0x080002cb   Thumb Code     0  startup_stm32h750xx.o(.text)
    DMA2_Stream0_IRQHandler                  0x080002cb   Thumb Code     0  startup_stm32h750xx.o(.text)
    DMA2_Stream1_IRQHandler                  0x080002cb   Thumb Code     0  startup_stm32h750xx.o(.text)
    DMA2_Stream2_IRQHandler                  0x080002cb   Thumb Code     0  startup_stm32h750xx.o(.text)
    DMA2_Stream3_IRQHandler                  0x080002cb   Thumb Code     0  startup_stm32h750xx.o(.text)
    DMA2_Stream4_IRQHandler                  0x080002cb   Thumb Code     0  startup_stm32h750xx.o(.text)
    DMA2_Stream5_IRQHandler                  0x080002cb   Thumb Code     0  startup_stm32h750xx.o(.text)
    DMA2_Stream6_IRQHandler                  0x080002cb   Thumb Code     0  startup_stm32h750xx.o(.text)
    DMA2_Stream7_IRQHandler                  0x080002cb   Thumb Code     0  startup_stm32h750xx.o(.text)
    DMAMUX1_OVR_IRQHandler                   0x080002cb   Thumb Code     0  startup_stm32h750xx.o(.text)
    DMAMUX2_OVR_IRQHandler                   0x080002cb   Thumb Code     0  startup_stm32h750xx.o(.text)
    ECC_IRQHandler                           0x080002cb   Thumb Code     0  startup_stm32h750xx.o(.text)
    ETH_IRQHandler                           0x080002cb   Thumb Code     0  startup_stm32h750xx.o(.text)
    ETH_WKUP_IRQHandler                      0x080002cb   Thumb Code     0  startup_stm32h750xx.o(.text)
    EXTI0_IRQHandler                         0x080002cb   Thumb Code     0  startup_stm32h750xx.o(.text)
    EXTI15_10_IRQHandler                     0x080002cb   Thumb Code     0  startup_stm32h750xx.o(.text)
    EXTI1_IRQHandler                         0x080002cb   Thumb Code     0  startup_stm32h750xx.o(.text)
    EXTI2_IRQHandler                         0x080002cb   Thumb Code     0  startup_stm32h750xx.o(.text)
    EXTI3_IRQHandler                         0x080002cb   Thumb Code     0  startup_stm32h750xx.o(.text)
    EXTI4_IRQHandler                         0x080002cb   Thumb Code     0  startup_stm32h750xx.o(.text)
    EXTI9_5_IRQHandler                       0x080002cb   Thumb Code     0  startup_stm32h750xx.o(.text)
    FDCAN1_IT0_IRQHandler                    0x080002cb   Thumb Code     0  startup_stm32h750xx.o(.text)
    FDCAN1_IT1_IRQHandler                    0x080002cb   Thumb Code     0  startup_stm32h750xx.o(.text)
    FDCAN2_IT0_IRQHandler                    0x080002cb   Thumb Code     0  startup_stm32h750xx.o(.text)
    FDCAN2_IT1_IRQHandler                    0x080002cb   Thumb Code     0  startup_stm32h750xx.o(.text)
    FDCAN_CAL_IRQHandler                     0x080002cb   Thumb Code     0  startup_stm32h750xx.o(.text)
    FLASH_IRQHandler                         0x080002cb   Thumb Code     0  startup_stm32h750xx.o(.text)
    FMC_IRQHandler                           0x080002cb   Thumb Code     0  startup_stm32h750xx.o(.text)
    FPU_IRQHandler                           0x080002cb   Thumb Code     0  startup_stm32h750xx.o(.text)
    HASH_RNG_IRQHandler                      0x080002cb   Thumb Code     0  startup_stm32h750xx.o(.text)
    HRTIM1_FLT_IRQHandler                    0x080002cb   Thumb Code     0  startup_stm32h750xx.o(.text)
    HRTIM1_Master_IRQHandler                 0x080002cb   Thumb Code     0  startup_stm32h750xx.o(.text)
    HRTIM1_TIMA_IRQHandler                   0x080002cb   Thumb Code     0  startup_stm32h750xx.o(.text)
    HRTIM1_TIMB_IRQHandler                   0x080002cb   Thumb Code     0  startup_stm32h750xx.o(.text)
    HRTIM1_TIMC_IRQHandler                   0x080002cb   Thumb Code     0  startup_stm32h750xx.o(.text)
    HRTIM1_TIMD_IRQHandler                   0x080002cb   Thumb Code     0  startup_stm32h750xx.o(.text)
    HRTIM1_TIME_IRQHandler                   0x080002cb   Thumb Code     0  startup_stm32h750xx.o(.text)
    HSEM1_IRQHandler                         0x080002cb   Thumb Code     0  startup_stm32h750xx.o(.text)
    I2C1_ER_IRQHandler                       0x080002cb   Thumb Code     0  startup_stm32h750xx.o(.text)
    I2C1_EV_IRQHandler                       0x080002cb   Thumb Code     0  startup_stm32h750xx.o(.text)
    I2C2_ER_IRQHandler                       0x080002cb   Thumb Code     0  startup_stm32h750xx.o(.text)
    I2C2_EV_IRQHandler                       0x080002cb   Thumb Code     0  startup_stm32h750xx.o(.text)
    I2C3_ER_IRQHandler                       0x080002cb   Thumb Code     0  startup_stm32h750xx.o(.text)
    I2C3_EV_IRQHandler                       0x080002cb   Thumb Code     0  startup_stm32h750xx.o(.text)
    I2C4_ER_IRQHandler                       0x080002cb   Thumb Code     0  startup_stm32h750xx.o(.text)
    I2C4_EV_IRQHandler                       0x080002cb   Thumb Code     0  startup_stm32h750xx.o(.text)
    JPEG_IRQHandler                          0x080002cb   Thumb Code     0  startup_stm32h750xx.o(.text)
    LPTIM1_IRQHandler                        0x080002cb   Thumb Code     0  startup_stm32h750xx.o(.text)
    LPTIM2_IRQHandler                        0x080002cb   Thumb Code     0  startup_stm32h750xx.o(.text)
    LPTIM3_IRQHandler                        0x080002cb   Thumb Code     0  startup_stm32h750xx.o(.text)
    LPTIM4_IRQHandler                        0x080002cb   Thumb Code     0  startup_stm32h750xx.o(.text)
    LPTIM5_IRQHandler                        0x080002cb   Thumb Code     0  startup_stm32h750xx.o(.text)
    LPUART1_IRQHandler                       0x080002cb   Thumb Code     0  startup_stm32h750xx.o(.text)
    LTDC_ER_IRQHandler                       0x080002cb   Thumb Code     0  startup_stm32h750xx.o(.text)
    LTDC_IRQHandler                          0x080002cb   Thumb Code     0  startup_stm32h750xx.o(.text)
    MDIOS_IRQHandler                         0x080002cb   Thumb Code     0  startup_stm32h750xx.o(.text)
    MDIOS_WKUP_IRQHandler                    0x080002cb   Thumb Code     0  startup_stm32h750xx.o(.text)
    MDMA_IRQHandler                          0x080002cb   Thumb Code     0  startup_stm32h750xx.o(.text)
    OTG_FS_EP1_IN_IRQHandler                 0x080002cb   Thumb Code     0  startup_stm32h750xx.o(.text)
    OTG_FS_EP1_OUT_IRQHandler                0x080002cb   Thumb Code     0  startup_stm32h750xx.o(.text)
    OTG_FS_IRQHandler                        0x080002cb   Thumb Code     0  startup_stm32h750xx.o(.text)
    OTG_FS_WKUP_IRQHandler                   0x080002cb   Thumb Code     0  startup_stm32h750xx.o(.text)
    OTG_HS_EP1_IN_IRQHandler                 0x080002cb   Thumb Code     0  startup_stm32h750xx.o(.text)
    OTG_HS_EP1_OUT_IRQHandler                0x080002cb   Thumb Code     0  startup_stm32h750xx.o(.text)
    OTG_HS_IRQHandler                        0x080002cb   Thumb Code     0  startup_stm32h750xx.o(.text)
    OTG_HS_WKUP_IRQHandler                   0x080002cb   Thumb Code     0  startup_stm32h750xx.o(.text)
    PVD_AVD_IRQHandler                       0x080002cb   Thumb Code     0  startup_stm32h750xx.o(.text)
    QUADSPI_IRQHandler                       0x080002cb   Thumb Code     0  startup_stm32h750xx.o(.text)
    RCC_IRQHandler                           0x080002cb   Thumb Code     0  startup_stm32h750xx.o(.text)
    RTC_Alarm_IRQHandler                     0x080002cb   Thumb Code     0  startup_stm32h750xx.o(.text)
    RTC_WKUP_IRQHandler                      0x080002cb   Thumb Code     0  startup_stm32h750xx.o(.text)
    SAI1_IRQHandler                          0x080002cb   Thumb Code     0  startup_stm32h750xx.o(.text)
    SAI2_IRQHandler                          0x080002cb   Thumb Code     0  startup_stm32h750xx.o(.text)
    SAI3_IRQHandler                          0x080002cb   Thumb Code     0  startup_stm32h750xx.o(.text)
    SAI4_IRQHandler                          0x080002cb   Thumb Code     0  startup_stm32h750xx.o(.text)
    SDMMC1_IRQHandler                        0x080002cb   Thumb Code     0  startup_stm32h750xx.o(.text)
    SDMMC2_IRQHandler                        0x080002cb   Thumb Code     0  startup_stm32h750xx.o(.text)
    SPDIF_RX_IRQHandler                      0x080002cb   Thumb Code     0  startup_stm32h750xx.o(.text)
    SPI1_IRQHandler                          0x080002cb   Thumb Code     0  startup_stm32h750xx.o(.text)
    SPI2_IRQHandler                          0x080002cb   Thumb Code     0  startup_stm32h750xx.o(.text)
    SPI3_IRQHandler                          0x080002cb   Thumb Code     0  startup_stm32h750xx.o(.text)
    SPI4_IRQHandler                          0x080002cb   Thumb Code     0  startup_stm32h750xx.o(.text)
    SPI5_IRQHandler                          0x080002cb   Thumb Code     0  startup_stm32h750xx.o(.text)
    SPI6_IRQHandler                          0x080002cb   Thumb Code     0  startup_stm32h750xx.o(.text)
    SWPMI1_IRQHandler                        0x080002cb   Thumb Code     0  startup_stm32h750xx.o(.text)
    TAMP_STAMP_IRQHandler                    0x080002cb   Thumb Code     0  startup_stm32h750xx.o(.text)
    TIM15_IRQHandler                         0x080002cb   Thumb Code     0  startup_stm32h750xx.o(.text)
    TIM16_IRQHandler                         0x080002cb   Thumb Code     0  startup_stm32h750xx.o(.text)
    TIM17_IRQHandler                         0x080002cb   Thumb Code     0  startup_stm32h750xx.o(.text)
    TIM1_BRK_IRQHandler                      0x080002cb   Thumb Code     0  startup_stm32h750xx.o(.text)
    TIM1_CC_IRQHandler                       0x080002cb   Thumb Code     0  startup_stm32h750xx.o(.text)
    TIM1_TRG_COM_IRQHandler                  0x080002cb   Thumb Code     0  startup_stm32h750xx.o(.text)
    TIM1_UP_IRQHandler                       0x080002cb   Thumb Code     0  startup_stm32h750xx.o(.text)
    TIM2_IRQHandler                          0x080002cb   Thumb Code     0  startup_stm32h750xx.o(.text)
    TIM3_IRQHandler                          0x080002cb   Thumb Code     0  startup_stm32h750xx.o(.text)
    TIM4_IRQHandler                          0x080002cb   Thumb Code     0  startup_stm32h750xx.o(.text)
    TIM5_IRQHandler                          0x080002cb   Thumb Code     0  startup_stm32h750xx.o(.text)
    TIM6_DAC_IRQHandler                      0x080002cb   Thumb Code     0  startup_stm32h750xx.o(.text)
    TIM7_IRQHandler                          0x080002cb   Thumb Code     0  startup_stm32h750xx.o(.text)
    TIM8_BRK_TIM12_IRQHandler                0x080002cb   Thumb Code     0  startup_stm32h750xx.o(.text)
    TIM8_CC_IRQHandler                       0x080002cb   Thumb Code     0  startup_stm32h750xx.o(.text)
    TIM8_TRG_COM_TIM14_IRQHandler            0x080002cb   Thumb Code     0  startup_stm32h750xx.o(.text)
    TIM8_UP_TIM13_IRQHandler                 0x080002cb   Thumb Code     0  startup_stm32h750xx.o(.text)
    UART4_IRQHandler                         0x080002cb   Thumb Code     0  startup_stm32h750xx.o(.text)
    UART5_IRQHandler                         0x080002cb   Thumb Code     0  startup_stm32h750xx.o(.text)
    UART7_IRQHandler                         0x080002cb   Thumb Code     0  startup_stm32h750xx.o(.text)
    UART8_IRQHandler                         0x080002cb   Thumb Code     0  startup_stm32h750xx.o(.text)
    USART1_IRQHandler                        0x080002cb   Thumb Code     0  startup_stm32h750xx.o(.text)
    USART2_IRQHandler                        0x080002cb   Thumb Code     0  startup_stm32h750xx.o(.text)
    USART3_IRQHandler                        0x080002cb   Thumb Code     0  startup_stm32h750xx.o(.text)
    USART6_IRQHandler                        0x080002cb   Thumb Code     0  startup_stm32h750xx.o(.text)
    WAKEUP_PIN_IRQHandler                    0x080002cb   Thumb Code     0  startup_stm32h750xx.o(.text)
    WWDG_IRQHandler                          0x080002cb   Thumb Code     0  startup_stm32h750xx.o(.text)
    __aeabi_uldivmod                         0x080002d5   Thumb Code    98  uldiv.o(.text)
    __aeabi_llsl                             0x08000337   Thumb Code    30  llshl.o(.text)
    _ll_shift_l                              0x08000337   Thumb Code     0  llshl.o(.text)
    __aeabi_memcpy                           0x08000355   Thumb Code    36  memcpya.o(.text)
    __aeabi_memcpy4                          0x08000355   Thumb Code     0  memcpya.o(.text)
    __aeabi_memcpy8                          0x08000355   Thumb Code     0  memcpya.o(.text)
    __aeabi_memset                           0x08000379   Thumb Code    14  memseta.o(.text)
    __aeabi_memset4                          0x08000379   Thumb Code     0  memseta.o(.text)
    __aeabi_memset8                          0x08000379   Thumb Code     0  memseta.o(.text)
    __aeabi_memclr                           0x08000387   Thumb Code     4  memseta.o(.text)
    __aeabi_memclr4                          0x08000387   Thumb Code     0  memseta.o(.text)
    __aeabi_memclr8                          0x08000387   Thumb Code     0  memseta.o(.text)
    _memset$wrapper                          0x0800038b   Thumb Code    18  memseta.o(.text)
    __aeabi_llsr                             0x0800039d   Thumb Code    32  llushr.o(.text)
    _ll_ushift_r                             0x0800039d   Thumb Code     0  llushr.o(.text)
    __I$use$fp                               0x080003bd   Thumb Code     0  iusefp.o(.text)
    __scatterload                            0x080003bd   Thumb Code    28  init.o(.text)
    __scatterload_rt2                        0x080003bd   Thumb Code     0  init.o(.text)
    ADC_ConfigureBoostMode                   0x080003e1   Thumb Code   236  stm32h7xx_hal_adc.o(i.ADC_ConfigureBoostMode)
    ADC_ConversionStop                       0x080004e9   Thumb Code   220  stm32h7xx_hal_adc.o(i.ADC_ConversionStop)
    ADC_DMAConvCplt                          0x080005cd   Thumb Code   104  stm32h7xx_hal_adc.o(i.ADC_DMAConvCplt)
    ADC_DMAError                             0x08000635   Thumb Code    26  stm32h7xx_hal_adc.o(i.ADC_DMAError)
    ADC_DMAHalfConvCplt                      0x0800064f   Thumb Code    10  stm32h7xx_hal_adc.o(i.ADC_DMAHalfConvCplt)
    ADC_Disable                              0x08000659   Thumb Code   106  stm32h7xx_hal_adc.o(i.ADC_Disable)
    ADC_Enable                               0x080006c9   Thumb Code   148  stm32h7xx_hal_adc.o(i.ADC_Enable)
    ADC_IRQHandler                           0x08000771   Thumb Code    18  stm32h7xx_it.o(i.ADC_IRQHandler)
    BusFault_Handler                         0x0800078d   Thumb Code     2  stm32h7xx_it.o(i.BusFault_Handler)
    DMA1_Stream0_IRQHandler                  0x08000791   Thumb Code     6  stm32h7xx_it.o(i.DMA1_Stream0_IRQHandler)
    DebugMon_Handler                         0x08000bd5   Thumb Code     2  stm32h7xx_it.o(i.DebugMon_Handler)
    Error_Handler                            0x08000bd7   Thumb Code     4  main.o(i.Error_Handler)
    HAL_ADCEx_EndOfSamplingCallback          0x08000bdb   Thumb Code     2  stm32h7xx_hal_adc_ex.o(i.HAL_ADCEx_EndOfSamplingCallback)
    HAL_ADCEx_InjectedConvCpltCallback       0x08000bdd   Thumb Code     2  stm32h7xx_hal_adc_ex.o(i.HAL_ADCEx_InjectedConvCpltCallback)
    HAL_ADCEx_InjectedQueueOverflowCallback  0x08000bdf   Thumb Code     2  stm32h7xx_hal_adc_ex.o(i.HAL_ADCEx_InjectedQueueOverflowCallback)
    HAL_ADCEx_LevelOutOfWindow2Callback      0x08000be1   Thumb Code     2  stm32h7xx_hal_adc_ex.o(i.HAL_ADCEx_LevelOutOfWindow2Callback)
    HAL_ADCEx_LevelOutOfWindow3Callback      0x08000be3   Thumb Code     2  stm32h7xx_hal_adc_ex.o(i.HAL_ADCEx_LevelOutOfWindow3Callback)
    HAL_ADCEx_MultiModeConfigChannel         0x08000be5   Thumb Code   274  stm32h7xx_hal_adc_ex.o(i.HAL_ADCEx_MultiModeConfigChannel)
    HAL_ADCEx_MultiModeStart_DMA             0x08000d0d   Thumb Code   196  stm32h7xx_hal_adc_ex.o(i.HAL_ADCEx_MultiModeStart_DMA)
    HAL_ADC_ConfigChannel                    0x08000df1   Thumb Code   928  stm32h7xx_hal_adc.o(i.HAL_ADC_ConfigChannel)
    HAL_ADC_ConvCpltCallback                 0x080011c9   Thumb Code     8  main.o(i.HAL_ADC_ConvCpltCallback)
    HAL_ADC_ConvHalfCpltCallback             0x080011d5   Thumb Code     2  stm32h7xx_hal_adc.o(i.HAL_ADC_ConvHalfCpltCallback)
    HAL_ADC_ErrorCallback                    0x080011d7   Thumb Code     2  stm32h7xx_hal_adc.o(i.HAL_ADC_ErrorCallback)
    HAL_ADC_IRQHandler                       0x080011d9   Thumb Code   640  stm32h7xx_hal_adc.o(i.HAL_ADC_IRQHandler)
    HAL_ADC_Init                             0x08001469   Thumb Code   498  stm32h7xx_hal_adc.o(i.HAL_ADC_Init)
    HAL_ADC_LevelOutOfWindowCallback         0x08001691   Thumb Code     2  stm32h7xx_hal_adc.o(i.HAL_ADC_LevelOutOfWindowCallback)
    HAL_ADC_MspInit                          0x08001695   Thumb Code   228  adc.o(i.HAL_ADC_MspInit)
    HAL_ADC_Start                            0x08001795   Thumb Code   242  stm32h7xx_hal_adc.o(i.HAL_ADC_Start)
    HAL_ADC_Stop                             0x0800189d   Thumb Code    62  stm32h7xx_hal_adc.o(i.HAL_ADC_Stop)
    HAL_DMA_IRQHandler                       0x080018dd   Thumb Code  1756  stm32h7xx_hal_dma.o(i.HAL_DMA_IRQHandler)
    HAL_DMA_Init                             0x08001fc5   Thumb Code   926  stm32h7xx_hal_dma.o(i.HAL_DMA_Init)
    HAL_DMA_Start_IT                         0x08002389   Thumb Code   628  stm32h7xx_hal_dma.o(i.HAL_DMA_Start_IT)
    HAL_GPIO_Init                            0x08002625   Thumb Code   506  stm32h7xx_hal_gpio.o(i.HAL_GPIO_Init)
    HAL_GetREVID                             0x08002851   Thumb Code     8  stm32h7xx_hal.o(i.HAL_GetREVID)
    HAL_GetTick                              0x0800285d   Thumb Code     6  stm32h7xx_hal.o(i.HAL_GetTick)
    HAL_IncTick                              0x08002869   Thumb Code    12  stm32h7xx_hal.o(i.HAL_IncTick)
    HAL_Init                                 0x08002879   Thumb Code    74  stm32h7xx_hal.o(i.HAL_Init)
    HAL_InitTick                             0x080028d5   Thumb Code    56  stm32h7xx_hal.o(i.HAL_InitTick)
    HAL_MspInit                              0x08002915   Thumb Code    22  stm32h7xx_hal_msp.o(i.HAL_MspInit)
    HAL_NVIC_EnableIRQ                       0x08002931   Thumb Code    26  stm32h7xx_hal_cortex.o(i.HAL_NVIC_EnableIRQ)
    HAL_NVIC_SetPriority                     0x0800294d   Thumb Code    60  stm32h7xx_hal_cortex.o(i.HAL_NVIC_SetPriority)
    HAL_NVIC_SetPriorityGrouping             0x0800298d   Thumb Code    28  stm32h7xx_hal_cortex.o(i.HAL_NVIC_SetPriorityGrouping)
    HAL_PWREx_ConfigSupply                   0x080029b1   Thumb Code    78  stm32h7xx_hal_pwr_ex.o(i.HAL_PWREx_ConfigSupply)
    HAL_RCCEx_GetD3PCLK1Freq                 0x08002a05   Thumb Code    26  stm32h7xx_hal_rcc_ex.o(i.HAL_RCCEx_GetD3PCLK1Freq)
    HAL_RCCEx_GetPLL1ClockFreq               0x08002a29   Thumb Code   298  stm32h7xx_hal_rcc_ex.o(i.HAL_RCCEx_GetPLL1ClockFreq)
    HAL_RCCEx_GetPLL2ClockFreq               0x08002b71   Thumb Code   296  stm32h7xx_hal_rcc_ex.o(i.HAL_RCCEx_GetPLL2ClockFreq)
    HAL_RCCEx_GetPLL3ClockFreq               0x08002cb5   Thumb Code   296  stm32h7xx_hal_rcc_ex.o(i.HAL_RCCEx_GetPLL3ClockFreq)
    HAL_RCCEx_GetPeriphCLKFreq               0x08002df9   Thumb Code   692  stm32h7xx_hal_rcc_ex.o(i.HAL_RCCEx_GetPeriphCLKFreq)
    HAL_RCCEx_PeriphCLKConfig                0x080030c1   Thumb Code  2472  stm32h7xx_hal_rcc_ex.o(i.HAL_RCCEx_PeriphCLKConfig)
    HAL_RCC_ClockConfig                      0x08003a6d   Thumb Code   580  stm32h7xx_hal_rcc.o(i.HAL_RCC_ClockConfig)
    HAL_RCC_GetHCLKFreq                      0x08003cc9   Thumb Code    52  stm32h7xx_hal_rcc.o(i.HAL_RCC_GetHCLKFreq)
    HAL_RCC_GetPCLK1Freq                     0x08003d0d   Thumb Code    26  stm32h7xx_hal_rcc.o(i.HAL_RCC_GetPCLK1Freq)
    HAL_RCC_GetPCLK2Freq                     0x08003d31   Thumb Code    26  stm32h7xx_hal_rcc.o(i.HAL_RCC_GetPCLK2Freq)
    HAL_RCC_GetSysClockFreq                  0x08003d55   Thumb Code   278  stm32h7xx_hal_rcc.o(i.HAL_RCC_GetSysClockFreq)
    HAL_RCC_OscConfig                        0x08003e8d   Thumb Code  1410  stm32h7xx_hal_rcc.o(i.HAL_RCC_OscConfig)
    HAL_SYSTICK_Config                       0x0800440f   Thumb Code    38  stm32h7xx_hal_cortex.o(i.HAL_SYSTICK_Config)
    HAL_TIMEx_MasterConfigSynchronization    0x08004435   Thumb Code   134  stm32h7xx_hal_tim_ex.o(i.HAL_TIMEx_MasterConfigSynchronization)
    HAL_TIM_Base_Init                        0x080044d9   Thumb Code    98  stm32h7xx_hal_tim.o(i.HAL_TIM_Base_Init)
    HAL_TIM_Base_MspInit                     0x0800453d   Thumb Code    30  tim.o(i.HAL_TIM_Base_MspInit)
    HAL_TIM_Base_Start                       0x08004565   Thumb Code    96  stm32h7xx_hal_tim.o(i.HAL_TIM_Base_Start)
    HAL_TIM_ConfigClockSource                0x080045e5   Thumb Code   248  stm32h7xx_hal_tim.o(i.HAL_TIM_ConfigClockSource)
    HAL_UARTEx_DisableFifoMode               0x080046e1   Thumb Code    64  stm32h7xx_hal_uart_ex.o(i.HAL_UARTEx_DisableFifoMode)
    HAL_UARTEx_SetRxFifoThreshold            0x08004721   Thumb Code    76  stm32h7xx_hal_uart_ex.o(i.HAL_UARTEx_SetRxFifoThreshold)
    HAL_UARTEx_SetTxFifoThreshold            0x0800476d   Thumb Code    76  stm32h7xx_hal_uart_ex.o(i.HAL_UARTEx_SetTxFifoThreshold)
    HAL_UART_Init                            0x080047b9   Thumb Code   106  stm32h7xx_hal_uart.o(i.HAL_UART_Init)
    HAL_UART_MspInit                         0x08004825   Thumb Code   122  usart.o(i.HAL_UART_MspInit)
    HardFault_Handler                        0x080048ad   Thumb Code     2  stm32h7xx_it.o(i.HardFault_Handler)
    MX_ADC1_Init                             0x080048f5   Thumb Code   156  adc.o(i.MX_ADC1_Init)
    MX_ADC2_Init                             0x0800499d   Thumb Code   120  adc.o(i.MX_ADC2_Init)
    MX_DMA_Init                              0x08004a21   Thumb Code    40  dma.o(i.MX_DMA_Init)
    MX_GPIO_Init                             0x08004a4d   Thumb Code    38  gpio.o(i.MX_GPIO_Init)
    MX_TIM3_Init                             0x08004a79   Thumb Code    96  tim.o(i.MX_TIM3_Init)
    MX_USART1_UART_Init                      0x08004ae1   Thumb Code    94  usart.o(i.MX_USART1_UART_Init)
    MemManage_Handler                        0x08004b49   Thumb Code     2  stm32h7xx_it.o(i.MemManage_Handler)
    NMI_Handler                              0x08004b4b   Thumb Code     2  stm32h7xx_it.o(i.NMI_Handler)
    PendSV_Handler                           0x08004b4d   Thumb Code     2  stm32h7xx_it.o(i.PendSV_Handler)
    PeriphCommonClock_Config                 0x08004b4f   Thumb Code    64  main.o(i.PeriphCommonClock_Config)
    SVC_Handler                              0x08004dd1   Thumb Code     2  stm32h7xx_it.o(i.SVC_Handler)
    SysTick_Handler                          0x08004dd3   Thumb Code     4  stm32h7xx_it.o(i.SysTick_Handler)
    SystemClock_Config                       0x08004dd9   Thumb Code   208  main.o(i.SystemClock_Config)
    SystemInit                               0x08004eb5   Thumb Code   180  system_stm32h7xx.o(i.SystemInit)
    TIM_Base_SetConfig                       0x08004f91   Thumb Code   162  stm32h7xx_hal_tim.o(i.TIM_Base_SetConfig)
    TIM_ETR_SetConfig                        0x08005055   Thumb Code    18  stm32h7xx_hal_tim.o(i.TIM_ETR_SetConfig)
    UART_AdvFeatureConfig                    0x08005109   Thumb Code   200  stm32h7xx_hal_uart.o(i.UART_AdvFeatureConfig)
    UART_CheckIdleState                      0x080051d1   Thumb Code   170  stm32h7xx_hal_uart.o(i.UART_CheckIdleState)
    UART_SetConfig                           0x080052d1   Thumb Code   876  stm32h7xx_hal_uart.o(i.UART_SetConfig)
    UART_WaitOnFlagUntilTimeout              0x0800567d   Thumb Code   140  stm32h7xx_hal_uart.o(i.UART_WaitOnFlagUntilTimeout)
    UsageFault_Handler                       0x08005709   Thumb Code     2  stm32h7xx_it.o(i.UsageFault_Handler)
    __ARM_fpclassifyf                        0x0800570b   Thumb Code    38  fpclassifyf.o(i.__ARM_fpclassifyf)
    __hardfp_atan2f                          0x08005755   Thumb Code   594  atan2f.o(i.__hardfp_atan2f)
    __mathlib_flt_infnan2                    0x08005a09   Thumb Code     6  funder.o(i.__mathlib_flt_infnan2)
    __mathlib_flt_underflow                  0x08005a11   Thumb Code    10  funder.o(i.__mathlib_flt_underflow)
    __scatterload_copy                       0x08005a21   Thumb Code    14  handlers.o(i.__scatterload_copy)
    __scatterload_null                       0x08005a2f   Thumb Code     2  handlers.o(i.__scatterload_null)
    __scatterload_zeroinit                   0x08005a31   Thumb Code    14  handlers.o(i.__scatterload_zeroinit)
    __set_errno                              0x08005a41   Thumb Code     6  errno.o(i.__set_errno)
    arm_bitonic_sort_f32                     0x08005ad5   Thumb Code    80  supportfunctions.o(i.arm_bitonic_sort_f32)
    arm_bitreversal_32                       0x08005b25   Thumb Code    62  transformfunctions.o(i.arm_bitreversal_32)
    arm_bubble_sort_f32                      0x08005b63   Thumb Code    90  supportfunctions.o(i.arm_bubble_sort_f32)
    arm_cfft_f32                             0x08005bbd   Thumb Code   204  transformfunctions.o(i.arm_cfft_f32)
    arm_cfft_radix8by2_f32                   0x08005c89   Thumb Code   402  transformfunctions.o(i.arm_cfft_radix8by2_f32)
    arm_cfft_radix8by4_f32                   0x08005e1d   Thumb Code  1114  transformfunctions.o(i.arm_cfft_radix8by4_f32)
    arm_cmplx_mag_f32                        0x08006279   Thumb Code    62  complexmathfunctions.o(i.arm_cmplx_mag_f32)
    arm_heap_sort_f32                        0x080062bd   Thumb Code    94  supportfunctions.o(i.arm_heap_sort_f32)
    arm_insertion_sort_f32                   0x080063a5   Thumb Code    88  supportfunctions.o(i.arm_insertion_sort_f32)
    arm_max_f32                              0x080063fd   Thumb Code    46  statisticsfunctions.o(i.arm_max_f32)
    arm_quick_sort_f32                       0x080064dd   Thumb Code    40  supportfunctions.o(i.arm_quick_sort_f32)
    arm_radix8_butterfly_f32                 0x08006505   Thumb Code  1212  transformfunctions.o(i.arm_radix8_butterfly_f32)
    arm_selection_sort_f32                   0x080069c1   Thumb Code   122  supportfunctions.o(i.arm_selection_sort_f32)
    arm_sort_f32                             0x08006a3b   Thumb Code    58  supportfunctions.o(i.arm_sort_f32)
    arm_sort_init_f32                        0x08006a75   Thumb Code     6  supportfunctions.o(i.arm_sort_init_f32)
    free                                     0x08006a7d   Thumb Code    76  malloc.o(i.free)
    main                                     0x08006acd   Thumb Code   526  main.o(i.main)
    malloc                                   0x08006d25   Thumb Code    92  malloc.o(i.malloc)
    midfliter                                0x08006d91   Thumb Code    92  main.o(i.midfliter)
    UARTPrescTable                           0x08006df4   Data          24  stm32h7xx_hal_uart.o(.constdata)
    D1CorePrescTable                         0x08006e1c   Data          16  system_stm32h7xx.o(.constdata)
    twiddleCoef_4096                         0x08006e2c   Data       32768  commontables.o(.constdata)
    armBitRevIndexTable4096                  0x0800ee2c   Data        8064  commontables.o(.constdata)
    arm_cfft_sR_f32_len4096                  0x08010dac   Data          16  commontables.o(.constdata)
    Region$$Table$$Base                      0x08010dbc   Number         0  anon$$obj.o(Region$$Table)
    Region$$Table$$Limit                     0x08010ddc   Number         0  anon$$obj.o(Region$$Table)
    phasecnt                                 0x24000000   Data           1  main.o(.data)
    adcflag                                  0x24000001   Data           1  main.o(.data)
    max_pos                                  0x24000004   Data           4  main.o(.data)
    max_value                                0x24000008   Data           4  main.o(.data)
    Freq1                                    0x2400000c   Data           4  main.o(.data)
    Freq2                                    0x24000010   Data           4  main.o(.data)
    phase1                                   0x24000014   Data           4  main.o(.data)
    phase2                                   0x24000018   Data           4  main.o(.data)
    phase_final                              0x2400001c   Data           4  main.o(.data)
    X                                        0x24000020   Data           4  main.o(.data)
    Y                                        0x24000024   Data           4  main.o(.data)
    uwTickFreq                               0x2400002c   Data           1  stm32h7xx_hal.o(.data)
    uwTickPrio                               0x24000030   Data           4  stm32h7xx_hal.o(.data)
    uwTick                                   0x24000034   Data           4  stm32h7xx_hal.o(.data)
    SystemCoreClock                          0x24000038   Data           4  system_stm32h7xx.o(.data)
    SystemD2Clock                            0x2400003c   Data           4  system_stm32h7xx.o(.data)
    __microlib_freelist                      0x24000040   Data           4  mvars.o(.data)
    __microlib_freelist_initialised          0x24000044   Data           4  mvars.o(.data)
    dma_adc_value                            0x2400004c   Data       16384  main.o(.bss)
    adcinput1                                0x2400404c   Data       32768  main.o(.bss)
    adcinput2                                0x2400c04c   Data       32768  main.o(.bss)
    phase                                    0x2401404c   Data         200  main.o(.bss)
    adcoutput1                               0x24014114   Data       16384  main.o(.bss)
    adcoutput2                               0x24018114   Data       16384  main.o(.bss)
    hadc1                                    0x2401c114   Data         100  adc.o(.bss)
    hadc2                                    0x2401c178   Data         100  adc.o(.bss)
    hdma_adc1                                0x2401c1dc   Data         120  adc.o(.bss)
    htim3                                    0x2401c254   Data          76  tim.o(.bss)
    huart1                                   0x2401c2a0   Data         148  usart.o(.bss)
    __heap_base                              0x2401c338   Data           0  startup_stm32h750xx.o(HEAP)
    __heap_limit                             0x2401c538   Data           0  startup_stm32h750xx.o(HEAP)
    __initial_sp                             0x2401c938   Data           0  startup_stm32h750xx.o(STACK)



==============================================================================

Memory Map of the image

  Image Entry point : 0x08000299

  Load Region LR_IROM1 (Base: 0x08000000, Size: 0x00010e28, Max: 0x00020000, ABSOLUTE)

    Execution Region ER_IROM1 (Exec base: 0x08000000, Load base: 0x08000000, Size: 0x00010ddc, Max: 0x00020000, ABSOLUTE)

    Exec Addr    Load Addr    Size         Type   Attr      Idx    E Section Name        Object

    0x08000000   0x08000000   0x00000298   Data   RO            3    RESET               startup_stm32h750xx.o
    0x08000298   0x08000298   0x00000000   Code   RO        11321  * .ARM.Collect$$$$00000000  mc_w.l(entry.o)
    0x08000298   0x08000298   0x00000004   Code   RO        11405    .ARM.Collect$$$$00000001  mc_w.l(entry2.o)
    0x0800029c   0x0800029c   0x00000004   Code   RO        11408    .ARM.Collect$$$$00000004  mc_w.l(entry5.o)
    0x080002a0   0x080002a0   0x00000000   Code   RO        11410    .ARM.Collect$$$$00000008  mc_w.l(entry7b.o)
    0x080002a0   0x080002a0   0x00000000   Code   RO        11412    .ARM.Collect$$$$0000000A  mc_w.l(entry8b.o)
    0x080002a0   0x080002a0   0x00000008   Code   RO        11413    .ARM.Collect$$$$0000000B  mc_w.l(entry9a.o)
    0x080002a8   0x080002a8   0x00000004   Code   RO        11420    .ARM.Collect$$$$0000000E  mc_w.l(entry12b.o)
    0x080002ac   0x080002ac   0x00000000   Code   RO        11415    .ARM.Collect$$$$0000000F  mc_w.l(entry10a.o)
    0x080002ac   0x080002ac   0x00000000   Code   RO        11417    .ARM.Collect$$$$00000011  mc_w.l(entry11a.o)
    0x080002ac   0x080002ac   0x00000004   Code   RO        11406    .ARM.Collect$$$$00002712  mc_w.l(entry2.o)
    0x080002b0   0x080002b0   0x00000024   Code   RO            4    .text               startup_stm32h750xx.o
    0x080002d4   0x080002d4   0x00000062   Code   RO        11324    .text               mc_w.l(uldiv.o)
    0x08000336   0x08000336   0x0000001e   Code   RO        11328    .text               mc_w.l(llshl.o)
    0x08000354   0x08000354   0x00000024   Code   RO        11332    .text               mc_w.l(memcpya.o)
    0x08000378   0x08000378   0x00000024   Code   RO        11334    .text               mc_w.l(memseta.o)
    0x0800039c   0x0800039c   0x00000020   Code   RO        11421    .text               mc_w.l(llushr.o)
    0x080003bc   0x080003bc   0x00000000   Code   RO        11432    .text               mc_w.l(iusefp.o)
    0x080003bc   0x080003bc   0x00000024   Code   RO        11435    .text               mc_w.l(init.o)
    0x080003e0   0x080003e0   0x00000108   Code   RO          617    i.ADC_ConfigureBoostMode  stm32h7xx_hal_adc.o
    0x080004e8   0x080004e8   0x000000e4   Code   RO          618    i.ADC_ConversionStop  stm32h7xx_hal_adc.o
    0x080005cc   0x080005cc   0x00000068   Code   RO          619    i.ADC_DMAConvCplt   stm32h7xx_hal_adc.o
    0x08000634   0x08000634   0x0000001a   Code   RO          620    i.ADC_DMAError      stm32h7xx_hal_adc.o
    0x0800064e   0x0800064e   0x0000000a   Code   RO          621    i.ADC_DMAHalfConvCplt  stm32h7xx_hal_adc.o
    0x08000658   0x08000658   0x00000070   Code   RO          622    i.ADC_Disable       stm32h7xx_hal_adc.o
    0x080006c8   0x080006c8   0x000000a8   Code   RO          623    i.ADC_Enable        stm32h7xx_hal_adc.o
    0x08000770   0x08000770   0x0000001c   Code   RO          505    i.ADC_IRQHandler    stm32h7xx_it.o
    0x0800078c   0x0800078c   0x00000002   Code   RO          506    i.BusFault_Handler  stm32h7xx_it.o
    0x0800078e   0x0800078e   0x00000002   PAD
    0x08000790   0x08000790   0x0000000c   Code   RO          507    i.DMA1_Stream0_IRQHandler  stm32h7xx_it.o
    0x0800079c   0x0800079c   0x000000b4   Code   RO         1688    i.DMA_CalcBaseAndBitshift  stm32h7xx_hal_dma.o
    0x08000850   0x08000850   0x0000009c   Code   RO         1689    i.DMA_CalcDMAMUXChannelBaseAndMask  stm32h7xx_hal_dma.o
    0x080008ec   0x080008ec   0x00000074   Code   RO         1690    i.DMA_CalcDMAMUXRequestGenBaseAndMask  stm32h7xx_hal_dma.o
    0x08000960   0x08000960   0x00000054   Code   RO         1691    i.DMA_CheckFifoParam  stm32h7xx_hal_dma.o
    0x080009b4   0x080009b4   0x00000220   Code   RO         1692    i.DMA_SetConfig     stm32h7xx_hal_dma.o
    0x08000bd4   0x08000bd4   0x00000002   Code   RO          508    i.DebugMon_Handler  stm32h7xx_it.o
    0x08000bd6   0x08000bd6   0x00000004   Code   RO           13    i.Error_Handler     main.o
    0x08000bda   0x08000bda   0x00000002   Code   RO          843    i.HAL_ADCEx_EndOfSamplingCallback  stm32h7xx_hal_adc_ex.o
    0x08000bdc   0x08000bdc   0x00000002   Code   RO          846    i.HAL_ADCEx_InjectedConvCpltCallback  stm32h7xx_hal_adc_ex.o
    0x08000bde   0x08000bde   0x00000002   Code   RO          849    i.HAL_ADCEx_InjectedQueueOverflowCallback  stm32h7xx_hal_adc_ex.o
    0x08000be0   0x08000be0   0x00000002   Code   RO          854    i.HAL_ADCEx_LevelOutOfWindow2Callback  stm32h7xx_hal_adc_ex.o
    0x08000be2   0x08000be2   0x00000002   Code   RO          855    i.HAL_ADCEx_LevelOutOfWindow3Callback  stm32h7xx_hal_adc_ex.o
    0x08000be4   0x08000be4   0x00000128   Code   RO          859    i.HAL_ADCEx_MultiModeConfigChannel  stm32h7xx_hal_adc_ex.o
    0x08000d0c   0x08000d0c   0x000000e4   Code   RO          861    i.HAL_ADCEx_MultiModeStart_DMA  stm32h7xx_hal_adc_ex.o
    0x08000df0   0x08000df0   0x000003d8   Code   RO          625    i.HAL_ADC_ConfigChannel  stm32h7xx_hal_adc.o
    0x080011c8   0x080011c8   0x0000000c   Code   RO           14    i.HAL_ADC_ConvCpltCallback  main.o
    0x080011d4   0x080011d4   0x00000002   Code   RO          627    i.HAL_ADC_ConvHalfCpltCallback  stm32h7xx_hal_adc.o
    0x080011d6   0x080011d6   0x00000002   Code   RO          629    i.HAL_ADC_ErrorCallback  stm32h7xx_hal_adc.o
    0x080011d8   0x080011d8   0x00000290   Code   RO          633    i.HAL_ADC_IRQHandler  stm32h7xx_hal_adc.o
    0x08001468   0x08001468   0x00000228   Code   RO          634    i.HAL_ADC_Init      stm32h7xx_hal_adc.o
    0x08001690   0x08001690   0x00000002   Code   RO          635    i.HAL_ADC_LevelOutOfWindowCallback  stm32h7xx_hal_adc.o
    0x08001692   0x08001692   0x00000002   PAD
    0x08001694   0x08001694   0x00000100   Code   RO          331    i.HAL_ADC_MspInit   adc.o
    0x08001794   0x08001794   0x00000108   Code   RO          640    i.HAL_ADC_Start     stm32h7xx_hal_adc.o
    0x0800189c   0x0800189c   0x0000003e   Code   RO          643    i.HAL_ADC_Stop      stm32h7xx_hal_adc.o
    0x080018da   0x080018da   0x00000002   PAD
    0x080018dc   0x080018dc   0x000006e8   Code   RO         1698    i.HAL_DMA_IRQHandler  stm32h7xx_hal_dma.o
    0x08001fc4   0x08001fc4   0x000003c4   Code   RO         1699    i.HAL_DMA_Init      stm32h7xx_hal_dma.o
    0x08002388   0x08002388   0x0000029c   Code   RO         1703    i.HAL_DMA_Start_IT  stm32h7xx_hal_dma.o
    0x08002624   0x08002624   0x0000022c   Code   RO         1541    i.HAL_GPIO_Init     stm32h7xx_hal_gpio.o
    0x08002850   0x08002850   0x0000000c   Code   RO         2554    i.HAL_GetREVID      stm32h7xx_hal.o
    0x0800285c   0x0800285c   0x0000000c   Code   RO         2555    i.HAL_GetTick       stm32h7xx_hal.o
    0x08002868   0x08002868   0x00000010   Code   RO         2561    i.HAL_IncTick       stm32h7xx_hal.o
    0x08002878   0x08002878   0x0000005c   Code   RO         2562    i.HAL_Init          stm32h7xx_hal.o
    0x080028d4   0x080028d4   0x00000040   Code   RO         2563    i.HAL_InitTick      stm32h7xx_hal.o
    0x08002914   0x08002914   0x0000001c   Code   RO          593    i.HAL_MspInit       stm32h7xx_hal_msp.o
    0x08002930   0x08002930   0x0000001a   Code   RO         2401    i.HAL_NVIC_EnableIRQ  stm32h7xx_hal_cortex.o
    0x0800294a   0x0800294a   0x00000002   PAD
    0x0800294c   0x0800294c   0x00000040   Code   RO         2407    i.HAL_NVIC_SetPriority  stm32h7xx_hal_cortex.o
    0x0800298c   0x0800298c   0x00000024   Code   RO         2408    i.HAL_NVIC_SetPriorityGrouping  stm32h7xx_hal_cortex.o
    0x080029b0   0x080029b0   0x00000054   Code   RO         2142    i.HAL_PWREx_ConfigSupply  stm32h7xx_hal_pwr_ex.o
    0x08002a04   0x08002a04   0x00000024   Code   RO         1184    i.HAL_RCCEx_GetD3PCLK1Freq  stm32h7xx_hal_rcc_ex.o
    0x08002a28   0x08002a28   0x00000148   Code   RO         1185    i.HAL_RCCEx_GetPLL1ClockFreq  stm32h7xx_hal_rcc_ex.o
    0x08002b70   0x08002b70   0x00000144   Code   RO         1186    i.HAL_RCCEx_GetPLL2ClockFreq  stm32h7xx_hal_rcc_ex.o
    0x08002cb4   0x08002cb4   0x00000144   Code   RO         1187    i.HAL_RCCEx_GetPLL3ClockFreq  stm32h7xx_hal_rcc_ex.o
    0x08002df8   0x08002df8   0x000002c8   Code   RO         1189    i.HAL_RCCEx_GetPeriphCLKFreq  stm32h7xx_hal_rcc_ex.o
    0x080030c0   0x080030c0   0x000009ac   Code   RO         1193    i.HAL_RCCEx_PeriphCLKConfig  stm32h7xx_hal_rcc_ex.o
    0x08003a6c   0x08003a6c   0x0000025c   Code   RO         1069    i.HAL_RCC_ClockConfig  stm32h7xx_hal_rcc.o
    0x08003cc8   0x08003cc8   0x00000044   Code   RO         1074    i.HAL_RCC_GetHCLKFreq  stm32h7xx_hal_rcc.o
    0x08003d0c   0x08003d0c   0x00000024   Code   RO         1076    i.HAL_RCC_GetPCLK1Freq  stm32h7xx_hal_rcc.o
    0x08003d30   0x08003d30   0x00000024   Code   RO         1077    i.HAL_RCC_GetPCLK2Freq  stm32h7xx_hal_rcc.o
    0x08003d54   0x08003d54   0x00000138   Code   RO         1078    i.HAL_RCC_GetSysClockFreq  stm32h7xx_hal_rcc.o
    0x08003e8c   0x08003e8c   0x00000582   Code   RO         1081    i.HAL_RCC_OscConfig  stm32h7xx_hal_rcc.o
    0x0800440e   0x0800440e   0x00000026   Code   RO         2412    i.HAL_SYSTICK_Config  stm32h7xx_hal_cortex.o
    0x08004434   0x08004434   0x000000a4   Code   RO         4184    i.HAL_TIMEx_MasterConfigSynchronization  stm32h7xx_hal_tim_ex.o
    0x080044d8   0x080044d8   0x00000062   Code   RO         3448    i.HAL_TIM_Base_Init  stm32h7xx_hal_tim.o
    0x0800453a   0x0800453a   0x00000002   PAD
    0x0800453c   0x0800453c   0x00000028   Code   RO          422    i.HAL_TIM_Base_MspInit  tim.o
    0x08004564   0x08004564   0x00000080   Code   RO         3451    i.HAL_TIM_Base_Start  stm32h7xx_hal_tim.o
    0x080045e4   0x080045e4   0x000000fc   Code   RO         3457    i.HAL_TIM_ConfigClockSource  stm32h7xx_hal_tim.o
    0x080046e0   0x080046e0   0x00000040   Code   RO         4873    i.HAL_UARTEx_DisableFifoMode  stm32h7xx_hal_uart_ex.o
    0x08004720   0x08004720   0x0000004c   Code   RO         4882    i.HAL_UARTEx_SetRxFifoThreshold  stm32h7xx_hal_uart_ex.o
    0x0800476c   0x0800476c   0x0000004c   Code   RO         4883    i.HAL_UARTEx_SetTxFifoThreshold  stm32h7xx_hal_uart_ex.o
    0x080047b8   0x080047b8   0x0000006a   Code   RO         4482    i.HAL_UART_Init     stm32h7xx_hal_uart.o
    0x08004822   0x08004822   0x00000002   PAD
    0x08004824   0x08004824   0x00000088   Code   RO          464    i.HAL_UART_MspInit  usart.o
    0x080048ac   0x080048ac   0x00000002   Code   RO          509    i.HardFault_Handler  stm32h7xx_it.o
    0x080048ae   0x080048ae   0x00000008   Code   RO          646    i.LL_ADC_INJ_IsConversionOngoing  stm32h7xx_hal_adc.o
    0x080048b6   0x080048b6   0x00000008   Code   RO          647    i.LL_ADC_REG_IsConversionOngoing  stm32h7xx_hal_adc.o
    0x080048be   0x080048be   0x00000008   Code   RO          869    i.LL_ADC_REG_IsConversionOngoing  stm32h7xx_hal_adc_ex.o
    0x080048c6   0x080048c6   0x00000010   Code   RO          648    i.LL_ADC_REG_IsTriggerSourceSWStart  stm32h7xx_hal_adc.o
    0x080048d6   0x080048d6   0x0000001e   Code   RO          650    i.LL_ADC_SetChannelSamplingTime  stm32h7xx_hal_adc.o
    0x080048f4   0x080048f4   0x000000a8   Code   RO          332    i.MX_ADC1_Init      adc.o
    0x0800499c   0x0800499c   0x00000084   Code   RO          333    i.MX_ADC2_Init      adc.o
    0x08004a20   0x08004a20   0x0000002c   Code   RO          379    i.MX_DMA_Init       dma.o
    0x08004a4c   0x08004a4c   0x0000002c   Code   RO          306    i.MX_GPIO_Init      gpio.o
    0x08004a78   0x08004a78   0x00000068   Code   RO          423    i.MX_TIM3_Init      tim.o
    0x08004ae0   0x08004ae0   0x00000068   Code   RO          465    i.MX_USART1_UART_Init  usart.o
    0x08004b48   0x08004b48   0x00000002   Code   RO          510    i.MemManage_Handler  stm32h7xx_it.o
    0x08004b4a   0x08004b4a   0x00000002   Code   RO          511    i.NMI_Handler       stm32h7xx_it.o
    0x08004b4c   0x08004b4c   0x00000002   Code   RO          512    i.PendSV_Handler    stm32h7xx_it.o
    0x08004b4e   0x08004b4e   0x00000040   Code   RO           15    i.PeriphCommonClock_Config  main.o
    0x08004b8e   0x08004b8e   0x00000002   PAD
    0x08004b90   0x08004b90   0x00000120   Code   RO         1196    i.RCCEx_PLL2_Config  stm32h7xx_hal_rcc_ex.o
    0x08004cb0   0x08004cb0   0x00000120   Code   RO         1197    i.RCCEx_PLL3_Config  stm32h7xx_hal_rcc_ex.o
    0x08004dd0   0x08004dd0   0x00000002   Code   RO          513    i.SVC_Handler       stm32h7xx_it.o
    0x08004dd2   0x08004dd2   0x00000004   Code   RO          514    i.SysTick_Handler   stm32h7xx_it.o
    0x08004dd6   0x08004dd6   0x00000002   PAD
    0x08004dd8   0x08004dd8   0x000000dc   Code   RO           16    i.SystemClock_Config  main.o
    0x08004eb4   0x08004eb4   0x000000dc   Code   RO         4992    i.SystemInit        system_stm32h7xx.o
    0x08004f90   0x08004f90   0x000000c4   Code   RO         3541    i.TIM_Base_SetConfig  stm32h7xx_hal_tim.o
    0x08005054   0x08005054   0x00000012   Code   RO         3552    i.TIM_ETR_SetConfig  stm32h7xx_hal_tim.o
    0x08005066   0x08005066   0x00000002   PAD
    0x08005068   0x08005068   0x00000014   Code   RO         3553    i.TIM_ITRx_SetConfig  stm32h7xx_hal_tim.o
    0x0800507c   0x0800507c   0x00000022   Code   RO         3561    i.TIM_TI1_ConfigInputStage  stm32h7xx_hal_tim.o
    0x0800509e   0x0800509e   0x00000024   Code   RO         3563    i.TIM_TI2_ConfigInputStage  stm32h7xx_hal_tim.o
    0x080050c2   0x080050c2   0x00000002   PAD
    0x080050c4   0x080050c4   0x00000044   Code   RO         4887    i.UARTEx_SetNbDataToProcess  stm32h7xx_hal_uart_ex.o
    0x08005108   0x08005108   0x000000c8   Code   RO         4496    i.UART_AdvFeatureConfig  stm32h7xx_hal_uart.o
    0x080051d0   0x080051d0   0x000000aa   Code   RO         4497    i.UART_CheckIdleState  stm32h7xx_hal_uart.o
    0x0800527a   0x0800527a   0x00000002   PAD
    0x0800527c   0x0800527c   0x00000054   Code   RO         4508    i.UART_EndRxTransfer  stm32h7xx_hal_uart.o
    0x080052d0   0x080052d0   0x000003ac   Code   RO         4514    i.UART_SetConfig    stm32h7xx_hal_uart.o
    0x0800567c   0x0800567c   0x0000008c   Code   RO         4521    i.UART_WaitOnFlagUntilTimeout  stm32h7xx_hal_uart.o
    0x08005708   0x08005708   0x00000002   Code   RO          515    i.UsageFault_Handler  stm32h7xx_it.o
    0x0800570a   0x0800570a   0x00000026   Code   RO        11386    i.__ARM_fpclassifyf  m_wv.l(fpclassifyf.o)
    0x08005730   0x08005730   0x00000022   Code   RO         2414    i.__NVIC_SetPriority  stm32h7xx_hal_cortex.o
    0x08005752   0x08005752   0x00000002   PAD
    0x08005754   0x08005754   0x000002b4   Code   RO        11203    i.__hardfp_atan2f   m_wv.l(atan2f.o)
    0x08005a08   0x08005a08   0x00000006   Code   RO        11390    i.__mathlib_flt_infnan2  m_wv.l(funder.o)
    0x08005a0e   0x08005a0e   0x00000002   PAD
    0x08005a10   0x08005a10   0x00000010   Code   RO        11394    i.__mathlib_flt_underflow  m_wv.l(funder.o)
    0x08005a20   0x08005a20   0x0000000e   Code   RO        11439    i.__scatterload_copy  mc_w.l(handlers.o)
    0x08005a2e   0x08005a2e   0x00000002   Code   RO        11440    i.__scatterload_null  mc_w.l(handlers.o)
    0x08005a30   0x08005a30   0x0000000e   Code   RO        11441    i.__scatterload_zeroinit  mc_w.l(handlers.o)
    0x08005a3e   0x08005a3e   0x00000002   PAD
    0x08005a40   0x08005a40   0x0000000c   Code   RO        11427    i.__set_errno       mc_w.l(errno.o)
    0x08005a4c   0x08005a4c   0x00000088   Code   RO         9545    i.arm_bitonic_sort_core_f32  supportfunctions.o
    0x08005ad4   0x08005ad4   0x00000050   Code   RO         9546    i.arm_bitonic_sort_f32  supportfunctions.o
    0x08005b24   0x08005b24   0x0000003e   Code   RO        10012    i.arm_bitreversal_32  transformfunctions.o
    0x08005b62   0x08005b62   0x0000005a   Code   RO         9547    i.arm_bubble_sort_f32  supportfunctions.o
    0x08005bbc   0x08005bbc   0x000000cc   Code   RO        10017    i.arm_cfft_f32      transformfunctions.o
    0x08005c88   0x08005c88   0x00000192   Code   RO        10078    i.arm_cfft_radix8by2_f32  transformfunctions.o
    0x08005e1a   0x08005e1a   0x00000002   PAD
    0x08005e1c   0x08005e1c   0x0000045a   Code   RO        10079    i.arm_cfft_radix8by4_f32  transformfunctions.o
    0x08006276   0x08006276   0x00000002   PAD
    0x08006278   0x08006278   0x00000044   Code   RO         5953    i.arm_cmplx_mag_f32  complexmathfunctions.o
    0x080062bc   0x080062bc   0x0000005e   Code   RO         9566    i.arm_heap_sort_f32  supportfunctions.o
    0x0800631a   0x0800631a   0x0000008a   Code   RO         9567    i.arm_heapify       supportfunctions.o
    0x080063a4   0x080063a4   0x00000058   Code   RO         9568    i.arm_insertion_sort_f32  supportfunctions.o
    0x080063fc   0x080063fc   0x0000002e   Code   RO         8813    i.arm_max_f32       statisticsfunctions.o
    0x0800642a   0x0800642a   0x000000b2   Code   RO         9584    i.arm_quick_sort_core_f32  supportfunctions.o
    0x080064dc   0x080064dc   0x00000028   Code   RO         9585    i.arm_quick_sort_f32  supportfunctions.o
    0x08006504   0x08006504   0x000004bc   Code   RO        10129    i.arm_radix8_butterfly_f32  transformfunctions.o
    0x080069c0   0x080069c0   0x0000007a   Code   RO         9586    i.arm_selection_sort_f32  supportfunctions.o
    0x08006a3a   0x08006a3a   0x0000003a   Code   RO         9587    i.arm_sort_f32      supportfunctions.o
    0x08006a74   0x08006a74   0x00000006   Code   RO         9588    i.arm_sort_init_f32  supportfunctions.o
    0x08006a7a   0x08006a7a   0x00000002   PAD
    0x08006a7c   0x08006a7c   0x00000050   Code   RO        11338    i.free              mc_w.l(malloc.o)
    0x08006acc   0x08006acc   0x00000258   Code   RO           18    i.main              main.o
    0x08006d24   0x08006d24   0x0000006c   Code   RO        11339    i.malloc            mc_w.l(malloc.o)
    0x08006d90   0x08006d90   0x0000005c   Code   RO           19    i.midfliter         main.o
    0x08006dec   0x08006dec   0x00000008   Data   RO         1705    .constdata          stm32h7xx_hal_dma.o
    0x08006df4   0x08006df4   0x00000018   Data   RO         4522    .constdata          stm32h7xx_hal_uart.o
    0x08006e0c   0x08006e0c   0x00000010   Data   RO         4888    .constdata          stm32h7xx_hal_uart_ex.o
    0x08006e1c   0x08006e1c   0x00000010   Data   RO         4993    .constdata          system_stm32h7xx.o
    0x08006e2c   0x08006e2c   0x00008000   Data   RO         5716    .constdata          commontables.o
    0x0800ee2c   0x0800ee2c   0x00001f80   Data   RO         5752    .constdata          commontables.o
    0x08010dac   0x08010dac   0x00000010   Data   RO         5832    .constdata          commontables.o
    0x08010dbc   0x08010dbc   0x00000020   Data   RO        11437    Region$$Table       anon$$obj.o


    Execution Region RW_IRAM1 (Exec base: 0x20000000, Load base: 0x08010ddc, Size: 0x00000000, Max: 0x00020000, ABSOLUTE)

    **** No section assigned to this execution region ****


    Execution Region RW_IRAM2 (Exec base: 0x24000000, Load base: 0x08010ddc, Size: 0x0001c938, Max: 0x00080000, ABSOLUTE)

    Exec Addr    Load Addr    Size         Type   Attr      Idx    E Section Name        Object

    0x24000000   0x08010ddc   0x00000028   Data   RW           21    .data               main.o
    0x24000028   0x08010e04   0x00000004   Data   RW          335    .data               adc.o
    0x2400002c   0x08010e08   0x0000000c   Data   RW         2584    .data               stm32h7xx_hal.o
    0x24000038   0x08010e14   0x00000008   Data   RW         4994    .data               system_stm32h7xx.o
    0x24000040   0x08010e1c   0x00000004   Data   RW        11423    .data               mc_w.l(mvars.o)
    0x24000044   0x08010e20   0x00000004   Data   RW        11424    .data               mc_w.l(mvars.o)
    0x24000048   0x08010e24   0x00000004   Data   RW        11428    .data               mc_w.l(errno.o)
    0x2400004c        -       0x0001c0c8   Zero   RW           20    .bss                main.o
    0x2401c114        -       0x00000140   Zero   RW          334    .bss                adc.o
    0x2401c254        -       0x0000004c   Zero   RW          424    .bss                tim.o
    0x2401c2a0        -       0x00000094   Zero   RW          466    .bss                usart.o
    0x2401c334   0x08010e28   0x00000004   PAD
    0x2401c338        -       0x00000200   Zero   RW            2    HEAP                startup_stm32h750xx.o
    0x2401c538        -       0x00000400   Zero   RW            1    STACK               startup_stm32h750xx.o


==============================================================================

Image component sizes


      Code (inc. data)   RO Data    RW Data    ZI Data      Debug   Object Name

       556         52          0          4        320       2976   adc.o
         0          0      40848          0          0      13641   commontables.o
        68          6          0          0          0       2244   complexmathfunctions.o
        44          4          0          0          0        942   dma.o
        44          6          0          0          0        959   gpio.o
       992         90          0         40     114888    1338631   main.o
        36          8        664          0       1536        868   startup_stm32h750xx.o
        46          0          0          0          0       1366   statisticsfunctions.o
       196         40          0         12          0      23064   stm32h7xx_hal.o
      3498        222          0          0          0      80953   stm32h7xx_hal_adc.o
       542         54          0          0          0      67591   stm32h7xx_hal_adc_ex.o
       198         12          0          0          0      39815   stm32h7xx_hal_cortex.o
      4480        176          8          0          0      10259   stm32h7xx_hal_dma.o
       556         50          0          0          0       1724   stm32h7xx_hal_gpio.o
        28          6          0          0          0        978   stm32h7xx_hal_msp.o
        84          6          0          0          0        825   stm32h7xx_hal_pwr_ex.o
      2466        102          0          0          0       7412   stm32h7xx_hal_rcc.o
      4776        174          0          0          0      10879   stm32h7xx_hal_rcc_ex.o
       782         82          0          0          0       7496   stm32h7xx_hal_tim.o
       164         30          0          0          0       1644   stm32h7xx_hal_tim_ex.o
      1640        112         24          0          0      25982   stm32h7xx_hal_uart.o
       284          6         16          0          0       3985   stm32h7xx_hal_uart_ex.o
        60         16          0          0          0       5433   stm32h7xx_it.o
      1030          6          0          0          0      15767   supportfunctions.o
       220         40         16          8          0       1578   system_stm32h7xx.o
       144         18          0          0         76       1882   tim.o
      2994          4          0          0          0      10585   transformfunctions.o
       240         24          0          0        148       2038   usart.o

    ----------------------------------------------------------------------
     26198       1346      41608         64     116972    1681517   Object Totals
         0          0         32          0          0          0   (incl. Generated)
        30          0          0          0          4          0   (incl. Padding)

    ----------------------------------------------------------------------

      Code (inc. data)   RO Data    RW Data    ZI Data      Debug   Library Member Name

       692         98          0          0          0        208   atan2f.o
        38          0          0          0          0        116   fpclassifyf.o
        22          6          0          0          0        232   funder.o
         0          0          0          0          0          0   entry.o
         0          0          0          0          0          0   entry10a.o
         0          0          0          0          0          0   entry11a.o
         4          0          0          0          0          0   entry12b.o
         8          4          0          0          0          0   entry2.o
         4          0          0          0          0          0   entry5.o
         0          0          0          0          0          0   entry7b.o
         0          0          0          0          0          0   entry8b.o
         8          4          0          0          0          0   entry9a.o
        12          6          0          4          0         68   errno.o
        30          0          0          0          0          0   handlers.o
        36          8          0          0          0         68   init.o
         0          0          0          0          0          0   iusefp.o
        30          0          0          0          0         68   llshl.o
        32          0          0          0          0         68   llushr.o
       188         20          0          0          0        160   malloc.o
        36          0          0          0          0         68   memcpya.o
        36          0          0          0          0        108   memseta.o
         0          0          0          8          0          0   mvars.o
        98          0          0          0          0         92   uldiv.o

    ----------------------------------------------------------------------
      1278        146          0         12          0       1256   Library Totals
         4          0          0          0          0          0   (incl. Padding)

    ----------------------------------------------------------------------

      Code (inc. data)   RO Data    RW Data    ZI Data      Debug   Library Name

       752        104          0          0          0        556   m_wv.l
       522         42          0         12          0        700   mc_w.l

    ----------------------------------------------------------------------
      1278        146          0         12          0       1256   Library Totals

    ----------------------------------------------------------------------

==============================================================================


      Code (inc. data)   RO Data    RW Data    ZI Data      Debug   

     27476       1492      41608         76     116972    1670917   Grand Totals
     27476       1492      41608         76     116972    1670917   ELF Image Totals
     27476       1492      41608         76          0          0   ROM Totals

==============================================================================

    Total RO  Size (Code + RO Data)                69084 (  67.46kB)
    Total RW  Size (RW Data + ZI Data)            117048 ( 114.30kB)
    Total ROM Size (Code + RO Data + RW Data)      69160 (  67.54kB)

==============================================================================

