Component: ARM Compiler 5.06 update 7 (build 960) Tool: armlink [4d3601]

==============================================================================

Section Cross References

    startup_stm32h750xx.o(RESET) refers to startup_stm32h750xx.o(STACK) for __initial_sp
    startup_stm32h750xx.o(RESET) refers to startup_stm32h750xx.o(.text) for Reset_Handler
    startup_stm32h750xx.o(RESET) refers to stm32h7xx_it.o(i.NMI_Handler) for NMI_Handler
    startup_stm32h750xx.o(RESET) refers to stm32h7xx_it.o(i.HardFault_Handler) for HardFault_Handler
    startup_stm32h750xx.o(RESET) refers to stm32h7xx_it.o(i.MemManage_Handler) for MemManage_Handler
    startup_stm32h750xx.o(RESET) refers to stm32h7xx_it.o(i.BusFault_Handler) for BusFault_Handler
    startup_stm32h750xx.o(RESET) refers to stm32h7xx_it.o(i.UsageFault_Handler) for UsageFault_Handler
    startup_stm32h750xx.o(RESET) refers to stm32h7xx_it.o(i.SVC_Handler) for SVC_Handler
    startup_stm32h750xx.o(RESET) refers to stm32h7xx_it.o(i.DebugMon_Handler) for DebugMon_Handler
    startup_stm32h750xx.o(RESET) refers to stm32h7xx_it.o(i.PendSV_Handler) for PendSV_Handler
    startup_stm32h750xx.o(RESET) refers to stm32h7xx_it.o(i.SysTick_Handler) for SysTick_Handler
    startup_stm32h750xx.o(RESET) refers to stm32h7xx_it.o(i.DMA1_Stream0_IRQHandler) for DMA1_Stream0_IRQHandler
    startup_stm32h750xx.o(RESET) refers to stm32h7xx_it.o(i.ADC_IRQHandler) for ADC_IRQHandler
    startup_stm32h750xx.o(.text) refers to system_stm32h7xx.o(i.SystemInit) for SystemInit
    startup_stm32h750xx.o(.text) refers to entry.o(.ARM.Collect$$$$00000000) for __main
    main.o(i.HAL_ADC_ConvCpltCallback) refers to main.o(.data) for .data
    main.o(i.SystemClock_Config) refers to memseta.o(.text) for __aeabi_memclr4
    main.o(i.SystemClock_Config) refers to stm32h7xx_hal_pwr_ex.o(i.HAL_PWREx_ConfigSupply) for HAL_PWREx_ConfigSupply
    main.o(i.SystemClock_Config) refers to stm32h7xx_hal_rcc.o(i.HAL_RCC_OscConfig) for HAL_RCC_OscConfig
    main.o(i.SystemClock_Config) refers to stm32h7xx_hal_rcc.o(i.HAL_RCC_ClockConfig) for HAL_RCC_ClockConfig
    main.o(i.fputc) refers to stm32h7xx_hal_uart.o(i.HAL_UART_Transmit) for HAL_UART_Transmit
    main.o(i.fputc) refers to usart.o(.bss) for huart1
    main.o(i.getthd) refers to main.o(i.getfftcmplx) for getfftcmplx
    main.o(i.getthd) refers to pow.o(i.__hardfp_pow) for __hardfp_pow
    main.o(i.getthd) refers to sqrt.o(i.__hardfp_sqrt) for __hardfp_sqrt
    main.o(i.main) refers to stm32h7xx_hal.o(i.HAL_Init) for HAL_Init
    main.o(i.main) refers to main.o(i.SystemClock_Config) for SystemClock_Config
    main.o(i.main) refers to gpio.o(i.MX_GPIO_Init) for MX_GPIO_Init
    main.o(i.main) refers to dma.o(i.MX_DMA_Init) for MX_DMA_Init
    main.o(i.main) refers to adc.o(i.MX_ADC1_Init) for MX_ADC1_Init
    main.o(i.main) refers to tim.o(i.MX_TIM3_Init) for MX_TIM3_Init
    main.o(i.main) refers to usart.o(i.MX_USART1_UART_Init) for MX_USART1_UART_Init
    main.o(i.main) refers to stm32h7xx_hal_adc.o(i.HAL_ADC_Start_DMA) for HAL_ADC_Start_DMA
    main.o(i.main) refers to stm32h7xx_hal_tim.o(i.HAL_TIM_Base_Start) for HAL_TIM_Base_Start
    main.o(i.main) refers to transformfunctions.o(i.arm_cfft_f32) for arm_cfft_f32
    main.o(i.main) refers to complexmathfunctions.o(i.arm_cmplx_mag_f32) for arm_cmplx_mag_f32
    main.o(i.main) refers to statisticsfunctions.o(i.arm_max_f32) for arm_max_f32
    main.o(i.main) refers to main.o(i.getthd) for getthd
    main.o(i.main) refers to printfa.o(i.__0printf) for __2printf
    main.o(i.main) refers to main.o(.bss) for .bss
    main.o(i.main) refers to adc.o(.bss) for hadc1
    main.o(i.main) refers to tim.o(.bss) for htim3
    main.o(i.main) refers to main.o(.data) for .data
    main.o(i.main) refers to commontables.o(.constdata) for arm_cfft_sR_f32_len4096
    adc.o(i.HAL_ADC_MspDeInit) refers to stm32h7xx_hal_gpio.o(i.HAL_GPIO_DeInit) for HAL_GPIO_DeInit
    adc.o(i.HAL_ADC_MspDeInit) refers to stm32h7xx_hal_dma.o(i.HAL_DMA_DeInit) for HAL_DMA_DeInit
    adc.o(i.HAL_ADC_MspDeInit) refers to stm32h7xx_hal_cortex.o(i.HAL_NVIC_DisableIRQ) for HAL_NVIC_DisableIRQ
    adc.o(i.HAL_ADC_MspInit) refers to memseta.o(.text) for __aeabi_memclr4
    adc.o(i.HAL_ADC_MspInit) refers to stm32h7xx_hal_rcc_ex.o(i.HAL_RCCEx_PeriphCLKConfig) for HAL_RCCEx_PeriphCLKConfig
    adc.o(i.HAL_ADC_MspInit) refers to main.o(i.Error_Handler) for Error_Handler
    adc.o(i.HAL_ADC_MspInit) refers to stm32h7xx_hal_gpio.o(i.HAL_GPIO_Init) for HAL_GPIO_Init
    adc.o(i.HAL_ADC_MspInit) refers to stm32h7xx_hal_dma.o(i.HAL_DMA_Init) for HAL_DMA_Init
    adc.o(i.HAL_ADC_MspInit) refers to stm32h7xx_hal_cortex.o(i.HAL_NVIC_SetPriority) for HAL_NVIC_SetPriority
    adc.o(i.HAL_ADC_MspInit) refers to stm32h7xx_hal_cortex.o(i.HAL_NVIC_EnableIRQ) for HAL_NVIC_EnableIRQ
    adc.o(i.HAL_ADC_MspInit) refers to adc.o(.bss) for .bss
    adc.o(i.MX_ADC1_Init) refers to memseta.o(.text) for __aeabi_memclr4
[...]
    C:\Users\ZhuShaomin\AppData\Local\Arm\Packs\ARM\CMSIS-DSP\1.15.0\Source\FastMathFunctions\FastMathFunctionsF16.c 0x00000000   Number         0  fastmathfunctionsf16.o ABSOLUTE
    C:\Users\ZhuShaomin\AppData\Local\Arm\Packs\ARM\CMSIS-DSP\1.15.0\Source\FilteringFunctions\FilteringFunctions.c 0x00000000   Number         0  filteringfunctions.o ABSOLUTE
    C:\Users\ZhuShaomin\AppData\Local\Arm\Packs\ARM\CMSIS-DSP\1.15.0\Source\FilteringFunctions\FilteringFunctionsF16.c 0x00000000   Number         0  filteringfunctionsf16.o ABSOLUTE
    C:\Users\ZhuShaomin\AppData\Local\Arm\Packs\ARM\CMSIS-DSP\1.15.0\Source\InterpolationFunctions\InterpolationFunctions.c 0x00000000   Number         0  interpolationfunctions.o ABSOLUTE
    C:\Users\ZhuShaomin\AppData\Local\Arm\Packs\ARM\CMSIS-DSP\1.15.0\Source\InterpolationFunctions\InterpolationFunctionsF16.c 0x00000000   Number         0  interpolationfunctionsf16.o ABSOLUTE
    C:\Users\ZhuShaomin\AppData\Local\Arm\Packs\ARM\CMSIS-DSP\1.15.0\Source\MatrixFunctions\MatrixFunctions.c 0x00000000   Number         0  matrixfunctions.o ABSOLUTE
    C:\Users\ZhuShaomin\AppData\Local\Arm\Packs\ARM\CMSIS-DSP\1.15.0\Source\MatrixFunctions\MatrixFunctionsF16.c 0x00000000   Number         0  matrixfunctionsf16.o ABSOLUTE
    C:\Users\ZhuShaomin\AppData\Local\Arm\Packs\ARM\CMSIS-DSP\1.15.0\Source\QuaternionMathFunctions\QuaternionMathFunctions.c 0x00000000   Number         0  quaternionmathfunctions.o ABSOLUTE
    C:\Users\ZhuShaomin\AppData\Local\Arm\Packs\ARM\CMSIS-DSP\1.15.0\Source\SVMFunctions\SVMFunctions.c 0x00000000   Number         0  svmfunctions.o ABSOLUTE
    C:\Users\ZhuShaomin\AppData\Local\Arm\Packs\ARM\CMSIS-DSP\1.15.0\Source\SVMFunctions\SVMFunctionsF16.c 0x00000000   Number         0  svmfunctionsf16.o ABSOLUTE
    C:\Users\ZhuShaomin\AppData\Local\Arm\Packs\ARM\CMSIS-DSP\1.15.0\Source\StatisticsFunctions\StatisticsFunctions.c 0x00000000   Number         0  statisticsfunctions.o ABSOLUTE
    C:\Users\ZhuShaomin\AppData\Local\Arm\Packs\ARM\CMSIS-DSP\1.15.0\Source\StatisticsFunctions\StatisticsFunctionsF16.c 0x00000000   Number         0  statisticsfunctionsf16.o ABSOLUTE
    C:\Users\ZhuShaomin\AppData\Local\Arm\Packs\ARM\CMSIS-DSP\1.15.0\Source\SupportFunctions\SupportFunctions.c 0x00000000   Number         0  supportfunctions.o ABSOLUTE
    C:\Users\ZhuShaomin\AppData\Local\Arm\Packs\ARM\CMSIS-DSP\1.15.0\Source\SupportFunctions\SupportFunctionsF16.c 0x00000000   Number         0  supportfunctionsf16.o ABSOLUTE
    C:\Users\ZhuShaomin\AppData\Local\Arm\Packs\ARM\CMSIS-DSP\1.15.0\Source\TransformFunctions\TransformFunctions.c 0x00000000   Number         0  transformfunctions.o ABSOLUTE
    C:\Users\ZhuShaomin\AppData\Local\Arm\Packs\ARM\CMSIS-DSP\1.15.0\Source\TransformFunctions\TransformFunctionsF16.c 0x00000000   Number         0  transformfunctionsf16.o ABSOLUTE
    cdrcmple.s                               0x00000000   Number         0  cdrcmple.o ABSOLUTE
    dc.s                                     0x00000000   Number         0  dc.o ABSOLUTE
    handlers.s                               0x00000000   Number         0  handlers.o ABSOLUTE
    init.s                                   0x00000000   Number         0  init.o ABSOLUTE
    startup_stm32h750xx.s                    0x00000000   Number         0  startup_stm32h750xx.o ABSOLUTE
    RESET                                    0x08000000   Section      664  startup_stm32h750xx.o(RESET)
    .ARM.Collect$$$$00000000                 0x08000298   Section        0  entry.o(.ARM.Collect$$$$00000000)
    .ARM.Collect$$$$00000001                 0x08000298   Section        4  entry2.o(.ARM.Collect$$$$00000001)
    .ARM.Collect$$$$00000004                 0x0800029c   Section        4  entry5.o(.ARM.Collect$$$$00000004)
    .ARM.Collect$$$$00000008                 0x080002a0   Section        0  entry7b.o(.ARM.Collect$$$$00000008)
    .ARM.Collect$$$$0000000A                 0x080002a0   Section        0  entry8b.o(.ARM.Collect$$$$0000000A)
    .ARM.Collect$$$$0000000B                 0x080002a0   Section        8  entry9a.o(.ARM.Collect$$$$0000000B)
    .ARM.Collect$$$$0000000E                 0x080002a8   Section        4  entry12b.o(.ARM.Collect$$$$0000000E)
    .ARM.Collect$$$$0000000F                 0x080002ac   Section        0  entry10a.o(.ARM.Collect$$$$0000000F)
    .ARM.Collect$$$$00000011                 0x080002ac   Section        0  entry11a.o(.ARM.Collect$$$$00000011)
    .ARM.Collect$$$$00002712                 0x080002ac   Section        4  entry2.o(.ARM.Collect$$$$00002712)
    __lit__00000000                          0x080002ac   Data           4  entry2.o(.ARM.Collect$$$$00002712)
    .text                                    0x080002b0   Section       36  startup_stm32h750xx.o(.text)
    $v0                                      0x080002b0   Number         0  startup_stm32h750xx.o(.text)
    .text                                    0x080002d4   Section        0  uldiv.o(.text)
    .text                                    0x08000336   Section        0  llshl.o(.text)
    .text                                    0x08000354   Section        0  llsshr.o(.text)
    .text                                    0x08000378   Section        0  memseta.o(.text)
    .text                                    0x0800039c   Section        0  uidiv.o(.text)
    .text                                    0x080003c8   Section        0  llushr.o(.text)
    .text                                    0x080003e8   Section        0  dadd.o(.text)
    .text                                    0x080003e8   Section        0  iusefp.o(.text)
    .text                                    0x08000536   Section        0  dmul.o(.text)
    .text                                    0x0800061a   Section        0  ddiv.o(.text)
    .text                                    0x080006f8   Section        0  dscalb.o(.text)
    .text                                    0x08000726   Section        0  dfixul.o(.text)
    .text                                    0x08000758   Section       48  cdrcmple.o(.text)
    .text                                    0x08000788   Section       36  init.o(.text)
    .text                                    0x080007ac   Section        0  depilogue.o(.text)
    i.ADC_ConfigureBoostMode                 0x08000868   Section        0  stm32h7xx_hal_adc.o(i.ADC_ConfigureBoostMode)
    i.ADC_DMAConvCplt                        0x08000970   Section        0  stm32h7xx_hal_adc.o(i.ADC_DMAConvCplt)
    i.ADC_DMAError                           0x080009d8   Section        0  stm32h7xx_hal_adc.o(i.ADC_DMAError)
    i.ADC_DMAHalfConvCplt                    0x080009f2   Section        0  stm32h7xx_hal_adc.o(i.ADC_DMAHalfConvCplt)
    i.ADC_Enable                             0x080009fc   Section        0  stm32h7xx_hal_adc.o(i.ADC_Enable)
    i.ADC_IRQHandler                         0x08000aa4   Section        0  stm32h7xx_it.o(i.ADC_IRQHandler)
    i.BusFault_Handler                       0x08000ab0   Section        0  stm32h7xx_it.o(i.BusFault_Handler)
    i.DMA1_Stream0_IRQHandler                0x08000ab4   Section        0  stm32h7xx_it.o(i.DMA1_Stream0_IRQHandler)
    i.DMA_CalcBaseAndBitshift                0x08000ac0   Section        0  stm32h7xx_hal_dma.o(i.DMA_CalcBaseAndBitshift)
    DMA_CalcBaseAndBitshift                  0x08000ac1   Thumb Code   168  stm32h7xx_hal_dma.o(i.DMA_CalcBaseAndBitshift)
    i.DMA_CalcDMAMUXChannelBaseAndMask       0x08000b74   Section        0  stm32h7xx_hal_dma.o(i.DMA_CalcDMAMUXChannelBaseAndMask)
    DMA_CalcDMAMUXChannelBaseAndMask         0x08000b75   Thumb Code   138  stm32h7xx_hal_dma.o(i.DMA_CalcDMAMUXChannelBaseAndMask)
    i.DMA_CalcDMAMUXRequestGenBaseAndMask    0x08000c10   Section        0  stm32h7xx_hal_dma.o(i.DMA_CalcDMAMUXRequestGenBaseAndMask)
    DMA_CalcDMAMUXRequestGenBaseAndMask      0x08000c11   Thumb Code   104  stm32h7xx_hal_dma.o(i.DMA_CalcDMAMUXRequestGenBaseAndMask)
    i.DMA_CheckFifoParam                     0x08000c84   Section        0  stm32h7xx_hal_dma.o(i.DMA_CheckFifoParam)
    DMA_CheckFifoParam                       0x08000c85   Thumb Code    84  stm32h7xx_hal_dma.o(i.DMA_CheckFifoParam)
    i.DMA_SetConfig                          0x08000cd8   Section        0  stm32h7xx_hal_dma.o(i.DMA_SetConfig)
    DMA_SetConfig                            0x08000cd9   Thumb Code   518  stm32h7xx_hal_dma.o(i.DMA_SetConfig)
    i.DebugMon_Handler                       0x08000ef8   Section        0  stm32h7xx_it.o(i.DebugMon_Handler)
    i.Error_Handler                          0x08000efa   Section        0  main.o(i.Error_Handler)
    i.HAL_ADCEx_EndOfSamplingCallback        0x08000efe   Section        0  stm32h7xx_hal_adc_ex.o(i.HAL_ADCEx_EndOfSamplingCallback)
    i.HAL_ADCEx_InjectedConvCpltCallback     0x08000f00   Section        0  stm32h7xx_hal_adc_ex.o(i.HAL_ADCEx_InjectedConvCpltCallback)
    i.HAL_ADCEx_InjectedQueueOverflowCallback 0x08000f02   Section        0  stm32h7xx_hal_adc_ex.o(i.HAL_ADCEx_InjectedQueueOverflowCallback)
    i.HAL_ADCEx_LevelOutOfWindow2Callback    0x08000f04   Section        0  stm32h7xx_hal_adc_ex.o(i.HAL_ADCEx_LevelOutOfWindow2Callback)
    i.HAL_ADCEx_LevelOutOfWindow3Callback    0x08000f06   Section        0  stm32h7xx_hal_adc_ex.o(i.HAL_ADCEx_LevelOutOfWindow3Callback)
    i.HAL_ADCEx_MultiModeConfigChannel       0x08000f08   Section        0  stm32h7xx_hal_adc_ex.o(i.HAL_ADCEx_MultiModeConfigChannel)
    i.HAL_ADC_ConfigChannel                  0x08001030   Section        0  stm32h7xx_hal_adc.o(i.HAL_ADC_ConfigChannel)
    i.HAL_ADC_ConvCpltCallback               0x08001408   Section        0  main.o(i.HAL_ADC_ConvCpltCallback)
    i.HAL_ADC_ConvHalfCpltCallback           0x08001414   Section        0  stm32h7xx_hal_adc.o(i.HAL_ADC_ConvHalfCpltCallback)
    i.HAL_ADC_ErrorCallback                  0x08001416   Section        0  stm32h7xx_hal_adc.o(i.HAL_ADC_ErrorCallback)
    i.HAL_ADC_IRQHandler                     0x08001418   Section        0  stm32h7xx_hal_adc.o(i.HAL_ADC_IRQHandler)
    i.HAL_ADC_Init                           0x080016a8   Section        0  stm32h7xx_hal_adc.o(i.HAL_ADC_Init)
    i.HAL_ADC_LevelOutOfWindowCallback       0x080018d0   Section        0  stm32h7xx_hal_adc.o(i.HAL_ADC_LevelOutOfWindowCallback)
    i.HAL_ADC_MspInit                        0x080018d4   Section        0  adc.o(i.HAL_ADC_MspInit)
    i.HAL_ADC_Start_DMA                      0x080019b4   Section        0  stm32h7xx_hal_adc.o(i.HAL_ADC_Start_DMA)
    i.HAL_DMA_IRQHandler                     0x08001abc   Section        0  stm32h7xx_hal_dma.o(i.HAL_DMA_IRQHandler)
    i.HAL_DMA_Init                           0x080021a4   Section        0  stm32h7xx_hal_dma.o(i.HAL_DMA_Init)
    i.HAL_DMA_Start_IT                       0x08002568   Section        0  stm32h7xx_hal_dma.o(i.HAL_DMA_Start_IT)
    i.HAL_GPIO_Init                          0x08002804   Section        0  stm32h7xx_hal_gpio.o(i.HAL_GPIO_Init)
    i.HAL_GetREVID                           0x08002a30   Section        0  stm32h7xx_hal.o(i.HAL_GetREVID)
    i.HAL_GetTick                            0x08002a3c   Section        0  stm32h7xx_hal.o(i.HAL_GetTick)
    i.HAL_IncTick                            0x08002a48   Section        0  stm32h7xx_hal.o(i.HAL_IncTick)
    i.HAL_Init                               0x08002a58   Section        0  stm32h7xx_hal.o(i.HAL_Init)
    i.HAL_InitTick                           0x08002ab4   Section        0  stm32h7xx_hal.o(i.HAL_InitTick)
    i.HAL_MspInit                            0x08002af4   Section        0  stm32h7xx_hal_msp.o(i.HAL_MspInit)
    i.HAL_NVIC_EnableIRQ                     0x08002b10   Section        0  stm32h7xx_hal_cortex.o(i.HAL_NVIC_EnableIRQ)
    i.HAL_NVIC_SetPriority                   0x08002b2c   Section        0  stm32h7xx_hal_cortex.o(i.HAL_NVIC_SetPriority)
    i.HAL_NVIC_SetPriorityGrouping           0x08002b6c   Section        0  stm32h7xx_hal_cortex.o(i.HAL_NVIC_SetPriorityGrouping)
    i.HAL_PWREx_ConfigSupply                 0x08002b90   Section        0  stm32h7xx_hal_pwr_ex.o(i.HAL_PWREx_ConfigSupply)
    i.HAL_RCCEx_GetD3PCLK1Freq               0x08002be4   Section        0  stm32h7xx_hal_rcc_ex.o(i.HAL_RCCEx_GetD3PCLK1Freq)
    i.HAL_RCCEx_GetPLL1ClockFreq             0x08002c08   Section        0  stm32h7xx_hal_rcc_ex.o(i.HAL_RCCEx_GetPLL1ClockFreq)
    i.HAL_RCCEx_GetPLL2ClockFreq             0x08002d50   Section        0  stm32h7xx_hal_rcc_ex.o(i.HAL_RCCEx_GetPLL2ClockFreq)
    i.HAL_RCCEx_GetPLL3ClockFreq             0x08002e94   Section        0  stm32h7xx_hal_rcc_ex.o(i.HAL_RCCEx_GetPLL3ClockFreq)
    i.HAL_RCCEx_GetPeriphCLKFreq             0x08002fd8   Section        0  stm32h7xx_hal_rcc_ex.o(i.HAL_RCCEx_GetPeriphCLKFreq)
    i.HAL_RCCEx_PeriphCLKConfig              0x080032a0   Section        0  stm32h7xx_hal_rcc_ex.o(i.HAL_RCCEx_PeriphCLKConfig)
    i.HAL_RCC_ClockConfig                    0x08003c4c   Section        0  stm32h7xx_hal_rcc.o(i.HAL_RCC_ClockConfig)
    i.HAL_RCC_GetHCLKFreq                    0x08003ea8   Section        0  stm32h7xx_hal_rcc.o(i.HAL_RCC_GetHCLKFreq)
    i.HAL_RCC_GetPCLK1Freq                   0x08003eec   Section        0  stm32h7xx_hal_rcc.o(i.HAL_RCC_GetPCLK1Freq)
    i.HAL_RCC_GetPCLK2Freq                   0x08003f10   Section        0  stm32h7xx_hal_rcc.o(i.HAL_RCC_GetPCLK2Freq)
    i.HAL_RCC_GetSysClockFreq                0x08003f34   Section        0  stm32h7xx_hal_rcc.o(i.HAL_RCC_GetSysClockFreq)
    i.HAL_RCC_OscConfig                      0x0800406c   Section        0  stm32h7xx_hal_rcc.o(i.HAL_RCC_OscConfig)
    i.HAL_SYSTICK_Config                     0x080045ee   Section        0  stm32h7xx_hal_cortex.o(i.HAL_SYSTICK_Config)
    i.HAL_TIMEx_MasterConfigSynchronization  0x08004614   Section        0  stm32h7xx_hal_tim_ex.o(i.HAL_TIMEx_MasterConfigSynchronization)
    i.HAL_TIM_Base_Init                      0x080046b8   Section        0  stm32h7xx_hal_tim.o(i.HAL_TIM_Base_Init)
    i.HAL_TIM_Base_MspInit                   0x0800471c   Section        0  tim.o(i.HAL_TIM_Base_MspInit)
    i.HAL_TIM_Base_Start                     0x08004744   Section        0  stm32h7xx_hal_tim.o(i.HAL_TIM_Base_Start)
    i.HAL_TIM_ConfigClockSource              0x080047c4   Section        0  stm32h7xx_hal_tim.o(i.HAL_TIM_ConfigClockSource)
    i.HAL_UARTEx_DisableFifoMode             0x080048c0   Section        0  stm32h7xx_hal_uart_ex.o(i.HAL_UARTEx_DisableFifoMode)
    i.HAL_UARTEx_SetRxFifoThreshold          0x08004900   Section        0  stm32h7xx_hal_uart_ex.o(i.HAL_UARTEx_SetRxFifoThreshold)
    i.HAL_UARTEx_SetTxFifoThreshold          0x0800494c   Section        0  stm32h7xx_hal_uart_ex.o(i.HAL_UARTEx_SetTxFifoThreshold)
    i.HAL_UART_Init                          0x08004998   Section        0  stm32h7xx_hal_uart.o(i.HAL_UART_Init)
    i.HAL_UART_MspInit                       0x08004a04   Section        0  usart.o(i.HAL_UART_MspInit)
    i.HAL_UART_Transmit                      0x08004a8c   Section        0  stm32h7xx_hal_uart.o(i.HAL_UART_Transmit)
    i.HardFault_Handler                      0x08004b3c   Section        0  stm32h7xx_it.o(i.HardFault_Handler)
    i.LL_ADC_INJ_IsConversionOngoing         0x08004b3e   Section        0  stm32h7xx_hal_adc.o(i.LL_ADC_INJ_IsConversionOngoing)
    LL_ADC_INJ_IsConversionOngoing           0x08004b3f   Thumb Code     8  stm32h7xx_hal_adc.o(i.LL_ADC_INJ_IsConversionOngoing)
    i.LL_ADC_REG_IsConversionOngoing         0x08004b46   Section        0  stm32h7xx_hal_adc.o(i.LL_ADC_REG_IsConversionOngoing)
    LL_ADC_REG_IsConversionOngoing           0x08004b47   Thumb Code     8  stm32h7xx_hal_adc.o(i.LL_ADC_REG_IsConversionOngoing)
    i.LL_ADC_REG_IsConversionOngoing         0x08004b4e   Section        0  stm32h7xx_hal_adc_ex.o(i.LL_ADC_REG_IsConversionOngoing)
    LL_ADC_REG_IsConversionOngoing           0x08004b4f   Thumb Code     8  stm32h7xx_hal_adc_ex.o(i.LL_ADC_REG_IsConversionOngoing)
    i.LL_ADC_REG_IsTriggerSourceSWStart      0x08004b56   Section        0  stm32h7xx_hal_adc.o(i.LL_ADC_REG_IsTriggerSourceSWStart)
    LL_ADC_REG_IsTriggerSourceSWStart        0x08004b57   Thumb Code    16  stm32h7xx_hal_adc.o(i.LL_ADC_REG_IsTriggerSourceSWStart)
    i.LL_ADC_SetChannelSamplingTime          0x08004b66   Section        0  stm32h7xx_hal_adc.o(i.LL_ADC_SetChannelSamplingTime)
    LL_ADC_SetChannelSamplingTime            0x08004b67   Thumb Code    30  stm32h7xx_hal_adc.o(i.LL_ADC_SetChannelSamplingTime)
    i.MX_ADC1_Init                           0x08004b84   Section        0  adc.o(i.MX_ADC1_Init)
    i.MX_DMA_Init                            0x08004c28   Section        0  dma.o(i.MX_DMA_Init)
    i.MX_GPIO_Init                           0x08004c54   Section        0  gpio.o(i.MX_GPIO_Init)
    i.MX_TIM3_Init                           0x08004c80   Section        0  tim.o(i.MX_TIM3_Init)
    i.MX_USART1_UART_Init                    0x08004ce8   Section        0  usart.o(i.MX_USART1_UART_Init)
    i.MemManage_Handler                      0x08004d50   Section        0  stm32h7xx_it.o(i.MemManage_Handler)
    i.NMI_Handler                            0x08004d52   Section        0  stm32h7xx_it.o(i.NMI_Handler)
    i.PendSV_Handler                         0x08004d54   Section        0  stm32h7xx_it.o(i.PendSV_Handler)
    i.RCCEx_PLL2_Config                      0x08004d58   Section        0  stm32h7xx_hal_rcc_ex.o(i.RCCEx_PLL2_Config)
    RCCEx_PLL2_Config                        0x08004d59   Thumb Code   284  stm32h7xx_hal_rcc_ex.o(i.RCCEx_PLL2_Config)
    i.RCCEx_PLL3_Config                      0x08004e78   Section        0  stm32h7xx_hal_rcc_ex.o(i.RCCEx_PLL3_Config)
    RCCEx_PLL3_Config                        0x08004e79   Thumb Code   284  stm32h7xx_hal_rcc_ex.o(i.RCCEx_PLL3_Config)
    i.SVC_Handler                            0x08004f98   Section        0  stm32h7xx_it.o(i.SVC_Handler)
    i.SysTick_Handler                        0x08004f9a   Section        0  stm32h7xx_it.o(i.SysTick_Handler)
    i.SystemClock_Config                     0x08004fa0   Section        0  main.o(i.SystemClock_Config)
    i.SystemInit                             0x0800507c   Section        0  system_stm32h7xx.o(i.SystemInit)
    i.TIM_Base_SetConfig                     0x08005158   Section        0  stm32h7xx_hal_tim.o(i.TIM_Base_SetConfig)
    i.TIM_ETR_SetConfig                      0x0800521c   Section        0  stm32h7xx_hal_tim.o(i.TIM_ETR_SetConfig)
    i.TIM_ITRx_SetConfig                     0x08005230   Section        0  stm32h7xx_hal_tim.o(i.TIM_ITRx_SetConfig)
    TIM_ITRx_SetConfig                       0x08005231   Thumb Code    16  stm32h7xx_hal_tim.o(i.TIM_ITRx_SetConfig)
    i.TIM_TI1_ConfigInputStage               0x08005244   Section        0  stm32h7xx_hal_tim.o(i.TIM_TI1_ConfigInputStage)
    TIM_TI1_ConfigInputStage                 0x08005245   Thumb Code    34  stm32h7xx_hal_tim.o(i.TIM_TI1_ConfigInputStage)
    i.TIM_TI2_ConfigInputStage               0x08005266   Section        0  stm32h7xx_hal_tim.o(i.TIM_TI2_ConfigInputStage)
    TIM_TI2_ConfigInputStage                 0x08005267   Thumb Code    36  stm32h7xx_hal_tim.o(i.TIM_TI2_ConfigInputStage)
    i.UARTEx_SetNbDataToProcess              0x0800528c   Section        0  stm32h7xx_hal_uart_ex.o(i.UARTEx_SetNbDataToProcess)
    UARTEx_SetNbDataToProcess                0x0800528d   Thumb Code    62  stm32h7xx_hal_uart_ex.o(i.UARTEx_SetNbDataToProcess)
    i.UART_AdvFeatureConfig                  0x080052d0   Section        0  stm32h7xx_hal_uart.o(i.UART_AdvFeatureConfig)
    i.UART_CheckIdleState                    0x08005398   Section        0  stm32h7xx_hal_uart.o(i.UART_CheckIdleState)
    i.UART_EndRxTransfer                     0x08005444   Section        0  stm32h7xx_hal_uart.o(i.UART_EndRxTransfer)
    UART_EndRxTransfer                       0x08005445   Thumb Code    78  stm32h7xx_hal_uart.o(i.UART_EndRxTransfer)
    i.UART_SetConfig                         0x08005498   Section        0  stm32h7xx_hal_uart.o(i.UART_SetConfig)
    i.UART_WaitOnFlagUntilTimeout            0x08005844   Section        0  stm32h7xx_hal_uart.o(i.UART_WaitOnFlagUntilTimeout)
    i.UsageFault_Handler                     0x080058d0   Section        0  stm32h7xx_it.o(i.UsageFault_Handler)
    i.__0printf                              0x080058d4   Section        0  printfa.o(i.__0printf)
    i.__ARM_fpclassify                       0x080058f4   Section        0  fpclassify.o(i.__ARM_fpclassify)
    i.__NVIC_SetPriority                     0x08005924   Section        0  stm32h7xx_hal_cortex.o(i.__NVIC_SetPriority)
    __NVIC_SetPriority                       0x08005925   Thumb Code    34  stm32h7xx_hal_cortex.o(i.__NVIC_SetPriority)
    i.__hardfp_pow                           0x08005948   Section        0  pow.o(i.__hardfp_pow)
    i.__hardfp_sqrt                          0x08006240   Section        0  sqrt.o(i.__hardfp_sqrt)
    i.__kernel_poly                          0x080062a6   Section        0  poly.o(i.__kernel_poly)
    i.__mathlib_dbl_divzero                  0x08006318   Section        0  dunder.o(i.__mathlib_dbl_divzero)
    i.__mathlib_dbl_infnan2                  0x08006338   Section        0  dunder.o(i.__mathlib_dbl_infnan2)
    i.__mathlib_dbl_invalid                  0x08006340   Section        0  dunder.o(i.__mathlib_dbl_invalid)
    i.__mathlib_dbl_overflow                 0x08006358   Section        0  dunder.o(i.__mathlib_dbl_overflow)
    i.__mathlib_dbl_underflow                0x08006370   Section        0  dunder.o(i.__mathlib_dbl_underflow)
    i.__scatterload_copy                     0x08006388   Section       14  handlers.o(i.__scatterload_copy)
    i.__scatterload_null                     0x08006396   Section        2  handlers.o(i.__scatterload_null)
    i.__scatterload_zeroinit                 0x08006398   Section       14  handlers.o(i.__scatterload_zeroinit)
    i.__set_errno                            0x080063a8   Section        0  errno.o(i.__set_errno)
    i._fp_digits                             0x080063b4   Section        0  printfa.o(i._fp_digits)
    _fp_digits                               0x080063b5   Thumb Code   366  printfa.o(i._fp_digits)
    i._printf_core                           0x08006538   Section        0  printfa.o(i._printf_core)
    _printf_core                             0x08006539   Thumb Code  1704  printfa.o(i._printf_core)
    i._printf_post_padding                   0x08006bec   Section        0  printfa.o(i._printf_post_padding)
    _printf_post_padding                     0x08006bed   Thumb Code    36  printfa.o(i._printf_post_padding)
    i._printf_pre_padding                    0x08006c10   Section        0  printfa.o(i._printf_pre_padding)
    _printf_pre_padding                      0x08006c11   Thumb Code    46  printfa.o(i._printf_pre_padding)
    i.arm_bitreversal_32                     0x08006c40   Section        0  transformfunctions.o(i.arm_bitreversal_32)
    i.arm_cfft_f32                           0x08006c7e   Section        0  transformfunctions.o(i.arm_cfft_f32)
    i.arm_cfft_radix8by2_f32                 0x08006d4a   Section        0  transformfunctions.o(i.arm_cfft_radix8by2_f32)
    i.arm_cfft_radix8by4_f32                 0x08006edc   Section        0  transformfunctions.o(i.arm_cfft_radix8by4_f32)
    i.arm_cmplx_mag_f32                      0x08007338   Section        0  complexmathfunctions.o(i.arm_cmplx_mag_f32)
    i.arm_max_f32                            0x0800737c   Section        0  statisticsfunctions.o(i.arm_max_f32)
    i.arm_radix8_butterfly_f32               0x080073ac   Section        0  transformfunctions.o(i.arm_radix8_butterfly_f32)
    i.fabs                                   0x08007868   Section        0  fabs.o(i.fabs)
    i.fputc                                  0x08007880   Section        0  main.o(i.fputc)
    i.getfftcmplx                            0x08007898   Section        0  main.o(i.getfftcmplx)
    i.getthd                                 0x080078d0   Section        0  main.o(i.getthd)
    i.main                                   0x08007978   Section        0  main.o(i.main)
    i.sqrt                                   0x08007a9c   Section        0  sqrt.o(i.sqrt)
    .constdata                               0x08007b06   Section        8  stm32h7xx_hal_dma.o(.constdata)
    flagBitshiftOffset                       0x08007b06   Data           8  stm32h7xx_hal_dma.o(.constdata)
    .constdata                               0x08007b0e   Section       24  stm32h7xx_hal_uart.o(.constdata)
    .constdata                               0x08007b26   Section       16  stm32h7xx_hal_uart_ex.o(.constdata)
    numerator                                0x08007b26   Data           8  stm32h7xx_hal_uart_ex.o(.constdata)
    denominator                              0x08007b2e   Data           8  stm32h7xx_hal_uart_ex.o(.constdata)
    .constdata                               0x08007b36   Section       16  system_stm32h7xx.o(.constdata)
    .constdata                               0x08007b48   Section    32768  commontables.o(.constdata)
    .constdata                               0x0800fb48   Section     8064  commontables.o(.constdata)
    .constdata                               0x08011ac8   Section       16  commontables.o(.constdata)
    .constdata                               0x08011ad8   Section      136  pow.o(.constdata)
    bp                                       0x08011ad8   Data          16  pow.o(.constdata)
    dp_h                                     0x08011ae8   Data          16  pow.o(.constdata)
    dp_l                                     0x08011af8   Data          16  pow.o(.constdata)
    L                                        0x08011b08   Data          48  pow.o(.constdata)
    P                                        0x08011b38   Data          40  pow.o(.constdata)
    .constdata                               0x08011b60   Section        8  qnan.o(.constdata)
    .data                                    0x24000000   Section       16  main.o(.data)
    .data                                    0x24000010   Section       12  stm32h7xx_hal.o(.data)
    .data                                    0x2400001c   Section        8  system_stm32h7xx.o(.data)
    .data                                    0x24000024   Section        4  stdout.o(.data)
    .data                                    0x24000028   Section        4  errno.o(.data)
    _errno                                   0x24000028   Data           4  errno.o(.data)
    .bss                                     0x2400002c   Section    65536  main.o(.bss)
    .bss                                     0x2401002c   Section      220  adc.o(.bss)
    .bss                                     0x24010108   Section       76  tim.o(.bss)
    .bss                                     0x24010154   Section      148  usart.o(.bss)
    STACK                                    0x240101e8   Section     1024  startup_stm32h750xx.o(STACK)

    Global Symbols

    Symbol Name                              Value     Ov Type        Size  Object(Section)

    BuildAttributes$$THM_ISAv4$E$P$D$K$B$S$7EM$VFPv5_D16$PE$PLD8$A:L22UL41UL21$X:L11$S22US41US21$IEEE1$IW$USESV6$~STKCKD$USESV7$~SHL$OTIME$ROPI$IEEEX$EBA8$MICROLIB$REQ8$PRES8$EABIv2 0x00000000   Number         0  anon$$obj.o ABSOLUTE
    __ARM_use_no_argv                        0x00000000   Number         0  main.o ABSOLUTE
    _printf_a                                0x00000000   Number         0  stubs.o ABSOLUTE
    _printf_c                                0x00000000   Number         0  stubs.o ABSOLUTE
    _printf_charcount                        0x00000000   Number         0  stubs.o ABSOLUTE
    _printf_d                                0x00000000   Number         0  stubs.o ABSOLUTE
    _printf_e                                0x00000000   Number         0  stubs.o ABSOLUTE
    _printf_f                                0x00000000   Number         0  stubs.o ABSOLUTE
    _printf_flags                            0x00000000   Number         0  stubs.o ABSOLUTE
    _printf_fp_dec                           0x00000000   Number         0  stubs.o ABSOLUTE
    _printf_fp_hex                           0x00000000   Number         0  stubs.o ABSOLUTE
    _printf_g                                0x00000000   Number         0  stubs.o ABSOLUTE
    _printf_i                                0x00000000   Number         0  stubs.o ABSOLUTE
    _printf_int_dec                          0x00000000   Number         0  stubs.o ABSOLUTE
    _printf_l                                0x00000000   Number         0  stubs.o ABSOLUTE
    _printf_lc                               0x00000000   Number         0  stubs.o ABSOLUTE
    _printf_ll                               0x00000000   Number         0  stubs.o ABSOLUTE
    _printf_lld                              0x00000000   Number         0  stubs.o ABSOLUTE
    _printf_lli                              0x00000000   Number         0  stubs.o ABSOLUTE
    _printf_llo                              0x00000000   Number         0  stubs.o ABSOLUTE
    _printf_llu                              0x00000000   Number         0  stubs.o ABSOLUTE
    _printf_llx                              0x00000000   Number         0  stubs.o ABSOLUTE
    _printf_longlong_dec                     0x00000000   Number         0  stubs.o ABSOLUTE
    _printf_longlong_hex                     0x00000000   Number         0  stubs.o ABSOLUTE
    _printf_longlong_oct                     0x00000000   Number         0  stubs.o ABSOLUTE
    _printf_ls                               0x00000000   Number         0  stubs.o ABSOLUTE
    _printf_mbtowc                           0x00000000   Number         0  stubs.o ABSOLUTE
    _printf_n                                0x00000000   Number         0  stubs.o ABSOLUTE
    _printf_o                                0x00000000   Number         0  stubs.o ABSOLUTE
    _printf_p                                0x00000000   Number         0  stubs.o ABSOLUTE
    _printf_percent                          0x00000000   Number         0  stubs.o ABSOLUTE
    _printf_pre_padding                      0x00000000   Number         0  stubs.o ABSOLUTE
    _printf_return_value                     0x00000000   Number         0  stubs.o ABSOLUTE
    _printf_s                                0x00000000   Number         0  stubs.o ABSOLUTE
    _printf_sizespec                         0x00000000   Number         0  stubs.o ABSOLUTE
    _printf_str                              0x00000000   Number         0  stubs.o ABSOLUTE
    _printf_truncate_signed                  0x00000000   Number         0  stubs.o ABSOLUTE
    _printf_truncate_unsigned                0x00000000   Number         0  stubs.o ABSOLUTE
    _printf_u                                0x00000000   Number         0  stubs.o ABSOLUTE
    _printf_wc                               0x00000000   Number         0  stubs.o ABSOLUTE
    _printf_wctomb                           0x00000000   Number         0  stubs.o ABSOLUTE
    _printf_widthprec                        0x00000000   Number         0  stubs.o ABSOLUTE
    _printf_x                                0x00000000   Number         0  stubs.o ABSOLUTE
    __arm_fini_                               - Undefined Weak Reference
    __cpp_initialize__aeabi_                  - Undefined Weak Reference
    __cxa_finalize                            - Undefined Weak Reference
    __decompress                              - Undefined Weak Reference
    _clock_init                               - Undefined Weak Reference
    _microlib_exit                            - Undefined Weak Reference
    __Vectors_Size                           0x00000298   Number         0  startup_stm32h750xx.o ABSOLUTE
    __Vectors                                0x08000000   Data           4  startup_stm32h750xx.o(RESET)
    __Vectors_End                            0x08000298   Data           0  startup_stm32h750xx.o(RESET)
    __main                                   0x08000299   Thumb Code     0  entry.o(.ARM.Collect$$$$00000000)
    _main_stk                                0x08000299   Thumb Code     0  entry2.o(.ARM.Collect$$$$00000001)
    _main_scatterload                        0x0800029d   Thumb Code     0  entry5.o(.ARM.Collect$$$$00000004)
    __main_after_scatterload                 0x080002a1   Thumb Code     0  entry5.o(.ARM.Collect$$$$00000004)
    _main_clock                              0x080002a1   Thumb Code     0  entry7b.o(.ARM.Collect$$$$00000008)
    _main_cpp_init                           0x080002a1   Thumb Code     0  entry8b.o(.ARM.Collect$$$$0000000A)
    _main_init                               0x080002a1   Thumb Code     0  entry9a.o(.ARM.Collect$$$$0000000B)
    __rt_lib_shutdown_fini                   0x080002a9   Thumb Code     0  entry12b.o(.ARM.Collect$$$$0000000E)
    __rt_final_cpp                           0x080002ad   Thumb Code     0  entry10a.o(.ARM.Collect$$$$0000000F)
    __rt_final_exit                          0x080002ad   Thumb Code     0  entry11a.o(.ARM.Collect$$$$00000011)
    Reset_Handler                            0x080002b1   Thumb Code     8  startup_stm32h750xx.o(.text)
    ADC3_IRQHandler                          0x080002cb   Thumb Code     0  startup_stm32h750xx.o(.text)
    BDMA_Channel0_IRQHandler                 0x080002cb   Thumb Code     0  startup_stm32h750xx.o(.text)
    BDMA_Channel1_IRQHandler                 0x080002cb   Thumb Code     0  startup_stm32h750xx.o(.text)
    BDMA_Channel2_IRQHandler                 0x080002cb   Thumb Code     0  startup_stm32h750xx.o(.text)
    BDMA_Channel3_IRQHandler                 0x080002cb   Thumb Code     0  startup_stm32h750xx.o(.text)
    BDMA_Channel4_IRQHandler                 0x080002cb   Thumb Code     0  startup_stm32h750xx.o(.text)
    BDMA_Channel5_IRQHandler                 0x080002cb   Thumb Code     0  startup_stm32h750xx.o(.text)
    BDMA_Channel6_IRQHandler                 0x080002cb   Thumb Code     0  startup_stm32h750xx.o(.text)
    BDMA_Channel7_IRQHandler                 0x080002cb   Thumb Code     0  startup_stm32h750xx.o(.text)
    CEC_IRQHandler                           0x080002cb   Thumb Code     0  startup_stm32h750xx.o(.text)
    COMP1_IRQHandler                         0x080002cb   Thumb Code     0  startup_stm32h750xx.o(.text)
    CRS_IRQHandler                           0x080002cb   Thumb Code     0  startup_stm32h750xx.o(.text)
    CRYP_IRQHandler                          0x080002cb   Thumb Code     0  startup_stm32h750xx.o(.text)
    DCMI_IRQHandler                          0x080002cb   Thumb Code     0  startup_stm32h750xx.o(.text)
    DFSDM1_FLT0_IRQHandler                   0x080002cb   Thumb Code     0  startup_stm32h750xx.o(.text)
    DFSDM1_FLT1_IRQHandler                   0x080002cb   Thumb Code     0  startup_stm32h750xx.o(.text)
    DFSDM1_FLT2_IRQHandler                   0x080002cb   Thumb Code     0  startup_stm32h750xx.o(.text)
    DFSDM1_FLT3_IRQHandler                   0x080002cb   Thumb Code     0  startup_stm32h750xx.o(.text)
    DMA1_Stream1_IRQHandler                  0x080002cb   Thumb Code     0  startup_stm32h750xx.o(.text)
    DMA1_Stream2_IRQHandler                  0x080002cb   Thumb Code     0  startup_stm32h750xx.o(.text)
    DMA1_Stream3_IRQHandler                  0x080002cb   Thumb Code     0  startup_stm32h750xx.o(.text)
    DMA1_Stream4_IRQHandler                  0x080002cb   Thumb Code     0  startup_stm32h750xx.o(.text)
    DMA1_Stream5_IRQHandler                  0x080002cb   Thumb Code     0  startup_stm32h750xx.o(.text)
    DMA1_Stream6_IRQHandler                  0x080002cb   Thumb Code     0  startup_stm32h750xx.o(.text)
    DMA1_Stream7_IRQHandler                  0x080002cb   Thumb Code     0  startup_stm32h750xx.o(.text)
    DMA2D_IRQHandler                         0x080002cb   Thumb Code     0  startup_stm32h750xx.o(.text)
    DMA2_Stream0_IRQHandler                  0x080002cb   Thumb Code     0  startup_stm32h750xx.o(.text)
    DMA2_Stream1_IRQHandler                  0x080002cb   Thumb Code     0  startup_stm32h750xx.o(.text)
    DMA2_Stream2_IRQHandler                  0x080002cb   Thumb Code     0  startup_stm32h750xx.o(.text)
    DMA2_Stream3_IRQHandler                  0x080002cb   Thumb Code     0  startup_stm32h750xx.o(.text)
    DMA2_Stream4_IRQHandler                  0x080002cb   Thumb Code     0  startup_stm32h750xx.o(.text)
    DMA2_Stream5_IRQHandler                  0x080002cb   Thumb Code     0  startup_stm32h750xx.o(.text)
    DMA2_Stream6_IRQHandler                  0x080002cb   Thumb Code     0  startup_stm32h750xx.o(.text)
    DMA2_Stream7_IRQHandler                  0x080002cb   Thumb Code     0  startup_stm32h750xx.o(.text)
    DMAMUX1_OVR_IRQHandler                   0x080002cb   Thumb Code     0  startup_stm32h750xx.o(.text)
    DMAMUX2_OVR_IRQHandler                   0x080002cb   Thumb Code     0  startup_stm32h750xx.o(.text)
    ECC_IRQHandler                           0x080002cb   Thumb Code     0  startup_stm32h750xx.o(.text)
    ETH_IRQHandler                           0x080002cb   Thumb Code     0  startup_stm32h750xx.o(.text)
    ETH_WKUP_IRQHandler                      0x080002cb   Thumb Code     0  startup_stm32h750xx.o(.text)
    EXTI0_IRQHandler                         0x080002cb   Thumb Code     0  startup_stm32h750xx.o(.text)
    EXTI15_10_IRQHandler                     0x080002cb   Thumb Code     0  startup_stm32h750xx.o(.text)
    EXTI1_IRQHandler                         0x080002cb   Thumb Code     0  startup_stm32h750xx.o(.text)
    EXTI2_IRQHandler                         0x080002cb   Thumb Code     0  startup_stm32h750xx.o(.text)
    EXTI3_IRQHandler                         0x080002cb   Thumb Code     0  startup_stm32h750xx.o(.text)
    EXTI4_IRQHandler                         0x080002cb   Thumb Code     0  startup_stm32h750xx.o(.text)
    EXTI9_5_IRQHandler                       0x080002cb   Thumb Code     0  startup_stm32h750xx.o(.text)
    FDCAN1_IT0_IRQHandler                    0x080002cb   Thumb Code     0  startup_stm32h750xx.o(.text)
    FDCAN1_IT1_IRQHandler                    0x080002cb   Thumb Code     0  startup_stm32h750xx.o(.text)
    FDCAN2_IT0_IRQHandler                    0x080002cb   Thumb Code     0  startup_stm32h750xx.o(.text)
    FDCAN2_IT1_IRQHandler                    0x080002cb   Thumb Code     0  startup_stm32h750xx.o(.text)
    FDCAN_CAL_IRQHandler                     0x080002cb   Thumb Code     0  startup_stm32h750xx.o(.text)
    FLASH_IRQHandler                         0x080002cb   Thumb Code     0  startup_stm32h750xx.o(.text)
    FMC_IRQHandler                           0x080002cb   Thumb Code     0  startup_stm32h750xx.o(.text)
    FPU_IRQHandler                           0x080002cb   Thumb Code     0  startup_stm32h750xx.o(.text)
    HASH_RNG_IRQHandler                      0x080002cb   Thumb Code     0  startup_stm32h750xx.o(.text)
    HRTIM1_FLT_IRQHandler                    0x080002cb   Thumb Code     0  startup_stm32h750xx.o(.text)
    HRTIM1_Master_IRQHandler                 0x080002cb   Thumb Code     0  startup_stm32h750xx.o(.text)
    HRTIM1_TIMA_IRQHandler                   0x080002cb   Thumb Code     0  startup_stm32h750xx.o(.text)
    HRTIM1_TIMB_IRQHandler                   0x080002cb   Thumb Code     0  startup_stm32h750xx.o(.text)
    HRTIM1_TIMC_IRQHandler                   0x080002cb   Thumb Code     0  startup_stm32h750xx.o(.text)
    HRTIM1_TIMD_IRQHandler                   0x080002cb   Thumb Code     0  startup_stm32h750xx.o(.text)
    HRTIM1_TIME_IRQHandler                   0x080002cb   Thumb Code     0  startup_stm32h750xx.o(.text)
    HSEM1_IRQHandler                         0x080002cb   Thumb Code     0  startup_stm32h750xx.o(.text)
    I2C1_ER_IRQHandler                       0x080002cb   Thumb Code     0  startup_stm32h750xx.o(.text)
    I2C1_EV_IRQHandler                       0x080002cb   Thumb Code     0  startup_stm32h750xx.o(.text)
    I2C2_ER_IRQHandler                       0x080002cb   Thumb Code     0  startup_stm32h750xx.o(.text)
    I2C2_EV_IRQHandler                       0x080002cb   Thumb Code     0  startup_stm32h750xx.o(.text)
    I2C3_ER_IRQHandler                       0x080002cb   Thumb Code     0  startup_stm32h750xx.o(.text)
    I2C3_EV_IRQHandler                       0x080002cb   Thumb Code     0  startup_stm32h750xx.o(.text)
    I2C4_ER_IRQHandler                       0x080002cb   Thumb Code     0  startup_stm32h750xx.o(.text)
    I2C4_EV_IRQHandler                       0x080002cb   Thumb Code     0  startup_stm32h750xx.o(.text)
    JPEG_IRQHandler                          0x080002cb   Thumb Code     0  startup_stm32h750xx.o(.text)
    LPTIM1_IRQHandler                        0x080002cb   Thumb Code     0  startup_stm32h750xx.o(.text)
    LPTIM2_IRQHandler                        0x080002cb   Thumb Code     0  startup_stm32h750xx.o(.text)
    LPTIM3_IRQHandler                        0x080002cb   Thumb Code     0  startup_stm32h750xx.o(.text)
    LPTIM4_IRQHandler                        0x080002cb   Thumb Code     0  startup_stm32h750xx.o(.text)
    LPTIM5_IRQHandler                        0x080002cb   Thumb Code     0  startup_stm32h750xx.o(.text)
    LPUART1_IRQHandler                       0x080002cb   Thumb Code     0  startup_stm32h750xx.o(.text)
    LTDC_ER_IRQHandler                       0x080002cb   Thumb Code     0  startup_stm32h750xx.o(.text)
    LTDC_IRQHandler                          0x080002cb   Thumb Code     0  startup_stm32h750xx.o(.text)
    MDIOS_IRQHandler                         0x080002cb   Thumb Code     0  startup_stm32h750xx.o(.text)
    MDIOS_WKUP_IRQHandler                    0x080002cb   Thumb Code     0  startup_stm32h750xx.o(.text)
    MDMA_IRQHandler                          0x080002cb   Thumb Code     0  startup_stm32h750xx.o(.text)
    OTG_FS_EP1_IN_IRQHandler                 0x080002cb   Thumb Code     0  startup_stm32h750xx.o(.text)
    OTG_FS_EP1_OUT_IRQHandler                0x080002cb   Thumb Code     0  startup_stm32h750xx.o(.text)
    OTG_FS_IRQHandler                        0x080002cb   Thumb Code     0  startup_stm32h750xx.o(.text)
    OTG_FS_WKUP_IRQHandler                   0x080002cb   Thumb Code     0  startup_stm32h750xx.o(.text)
    OTG_HS_EP1_IN_IRQHandler                 0x080002cb   Thumb Code     0  startup_stm32h750xx.o(.text)
    OTG_HS_EP1_OUT_IRQHandler                0x080002cb   Thumb Code     0  startup_stm32h750xx.o(.text)
    OTG_HS_IRQHandler                        0x080002cb   Thumb Code     0  startup_stm32h750xx.o(.text)
    OTG_HS_WKUP_IRQHandler                   0x080002cb   Thumb Code     0  startup_stm32h750xx.o(.text)
    PVD_AVD_IRQHandler                       0x080002cb   Thumb Code     0  startup_stm32h750xx.o(.text)
    QUADSPI_IRQHandler                       0x080002cb   Thumb Code     0  startup_stm32h750xx.o(.text)
    RCC_IRQHandler                           0x080002cb   Thumb Code     0  startup_stm32h750xx.o(.text)
    RTC_Alarm_IRQHandler                     0x080002cb   Thumb Code     0  startup_stm32h750xx.o(.text)
    RTC_WKUP_IRQHandler                      0x080002cb   Thumb Code     0  startup_stm32h750xx.o(.text)
    SAI1_IRQHandler                          0x080002cb   Thumb Code     0  startup_stm32h750xx.o(.text)
    SAI2_IRQHandler                          0x080002cb   Thumb Code     0  startup_stm32h750xx.o(.text)
    SAI3_IRQHandler                          0x080002cb   Thumb Code     0  startup_stm32h750xx.o(.text)
    SAI4_IRQHandler                          0x080002cb   Thumb Code     0  startup_stm32h750xx.o(.text)
    SDMMC1_IRQHandler                        0x080002cb   Thumb Code     0  startup_stm32h750xx.o(.text)
    SDMMC2_IRQHandler                        0x080002cb   Thumb Code     0  startup_stm32h750xx.o(.text)
    SPDIF_RX_IRQHandler                      0x080002cb   Thumb Code     0  startup_stm32h750xx.o(.text)
    SPI1_IRQHandler                          0x080002cb   Thumb Code     0  startup_stm32h750xx.o(.text)
    SPI2_IRQHandler                          0x080002cb   Thumb Code     0  startup_stm32h750xx.o(.text)
    SPI3_IRQHandler                          0x080002cb   Thumb Code     0  startup_stm32h750xx.o(.text)
    SPI4_IRQHandler                          0x080002cb   Thumb Code     0  startup_stm32h750xx.o(.text)
    SPI5_IRQHandler                          0x080002cb   Thumb Code     0  startup_stm32h750xx.o(.text)
    SPI6_IRQHandler                          0x080002cb   Thumb Code     0  startup_stm32h750xx.o(.text)
    SWPMI1_IRQHandler                        0x080002cb   Thumb Code     0  startup_stm32h750xx.o(.text)
    TAMP_STAMP_IRQHandler                    0x080002cb   Thumb Code     0  startup_stm32h750xx.o(.text)
    TIM15_IRQHandler                         0x080002cb   Thumb Code     0  startup_stm32h750xx.o(.text)
    TIM16_IRQHandler                         0x080002cb   Thumb Code     0  startup_stm32h750xx.o(.text)
    TIM17_IRQHandler                         0x080002cb   Thumb Code     0  startup_stm32h750xx.o(.text)
    TIM1_BRK_IRQHandler                      0x080002cb   Thumb Code     0  startup_stm32h750xx.o(.text)
    TIM1_CC_IRQHandler                       0x080002cb   Thumb Code     0  startup_stm32h750xx.o(.text)
    TIM1_TRG_COM_IRQHandler                  0x080002cb   Thumb Code     0  startup_stm32h750xx.o(.text)
    TIM1_UP_IRQHandler                       0x080002cb   Thumb Code     0  startup_stm32h750xx.o(.text)
    TIM2_IRQHandler                          0x080002cb   Thumb Code     0  startup_stm32h750xx.o(.text)
    TIM3_IRQHandler                          0x080002cb   Thumb Code     0  startup_stm32h750xx.o(.text)
    TIM4_IRQHandler                          0x080002cb   Thumb Code     0  startup_stm32h750xx.o(.text)
    TIM5_IRQHandler                          0x080002cb   Thumb Code     0  startup_stm32h750xx.o(.text)
    TIM6_DAC_IRQHandler                      0x080002cb   Thumb Code     0  startup_stm32h750xx.o(.text)
    TIM7_IRQHandler                          0x080002cb   Thumb Code     0  startup_stm32h750xx.o(.text)
    TIM8_BRK_TIM12_IRQHandler                0x080002cb   Thumb Code     0  startup_stm32h750xx.o(.text)
    TIM8_CC_IRQHandler                       0x080002cb   Thumb Code     0  startup_stm32h750xx.o(.text)
    TIM8_TRG_COM_TIM14_IRQHandler            0x080002cb   Thumb Code     0  startup_stm32h750xx.o(.text)
    TIM8_UP_TIM13_IRQHandler                 0x080002cb   Thumb Code     0  startup_stm32h750xx.o(.text)
    UART4_IRQHandler                         0x080002cb   Thumb Code     0  startup_stm32h750xx.o(.text)
    UART5_IRQHandler                         0x080002cb   Thumb Code     0  startup_stm32h750xx.o(.text)
    UART7_IRQHandler                         0x080002cb   Thumb Code     0  startup_stm32h750xx.o(.text)
    UART8_IRQHandler                         0x080002cb   Thumb Code     0  startup_stm32h750xx.o(.text)
    USART1_IRQHandler                        0x080002cb   Thumb Code     0  startup_stm32h750xx.o(.text)
    USART2_IRQHandler                        0x080002cb   Thumb Code     0  startup_stm32h750xx.o(.text)
    USART3_IRQHandler                        0x080002cb   Thumb Code     0  startup_stm32h750xx.o(.text)
    USART6_IRQHandler                        0x080002cb   Thumb Code     0  startup_stm32h750xx.o(.text)
    WAKEUP_PIN_IRQHandler                    0x080002cb   Thumb Code     0  startup_stm32h750xx.o(.text)
    WWDG_IRQHandler                          0x080002cb   Thumb Code     0  startup_stm32h750xx.o(.text)
    __aeabi_uldivmod                         0x080002d5   Thumb Code    98  uldiv.o(.text)
    __aeabi_llsl                             0x08000337   Thumb Code    30  llshl.o(.text)
    _ll_shift_l                              0x08000337   Thumb Code     0  llshl.o(.text)
    __aeabi_lasr                             0x08000355   Thumb Code    36  llsshr.o(.text)
    _ll_sshift_r                             0x08000355   Thumb Code     0  llsshr.o(.text)
    __aeabi_memset                           0x08000379   Thumb Code    14  memseta.o(.text)
    __aeabi_memset4                          0x08000379   Thumb Code     0  memseta.o(.text)
    __aeabi_memset8                          0x08000379   Thumb Code     0  memseta.o(.text)
    __aeabi_memclr                           0x08000387   Thumb Code     4  memseta.o(.text)
    __aeabi_memclr4                          0x08000387   Thumb Code     0  memseta.o(.text)
    __aeabi_memclr8                          0x08000387   Thumb Code     0  memseta.o(.text)
    _memset$wrapper                          0x0800038b   Thumb Code    18  memseta.o(.text)
    __aeabi_uidiv                            0x0800039d   Thumb Code     0  uidiv.o(.text)
    __aeabi_uidivmod                         0x0800039d   Thumb Code    44  uidiv.o(.text)
    __aeabi_llsr                             0x080003c9   Thumb Code    32  llushr.o(.text)
    _ll_ushift_r                             0x080003c9   Thumb Code     0  llushr.o(.text)
    __I$use$fp                               0x080003e9   Thumb Code     0  iusefp.o(.text)
    __aeabi_dadd                             0x080003e9   Thumb Code   322  dadd.o(.text)
    __aeabi_dsub                             0x0800052b   Thumb Code     6  dadd.o(.text)
    __aeabi_drsub                            0x08000531   Thumb Code     6  dadd.o(.text)
    __aeabi_dmul                             0x08000537   Thumb Code   228  dmul.o(.text)
    __aeabi_ddiv                             0x0800061b   Thumb Code   222  ddiv.o(.text)
    __ARM_scalbn                             0x080006f9   Thumb Code    46  dscalb.o(.text)
    scalbn                                   0x080006f9   Thumb Code     0  dscalb.o(.text)
    __aeabi_d2ulz                            0x08000727   Thumb Code    48  dfixul.o(.text)
    __aeabi_cdrcmple                         0x08000759   Thumb Code    48  cdrcmple.o(.text)
    __scatterload                            0x08000789   Thumb Code    28  init.o(.text)
    __scatterload_rt2                        0x08000789   Thumb Code     0  init.o(.text)
    _double_round                            0x080007ad   Thumb Code    30  depilogue.o(.text)
    _double_epilogue                         0x080007cb   Thumb Code   156  depilogue.o(.text)
    ADC_ConfigureBoostMode                   0x08000869   Thumb Code   236  stm32h7xx_hal_adc.o(i.ADC_ConfigureBoostMode)
    ADC_DMAConvCplt                          0x08000971   Thumb Code   104  stm32h7xx_hal_adc.o(i.ADC_DMAConvCplt)
    ADC_DMAError                             0x080009d9   Thumb Code    26  stm32h7xx_hal_adc.o(i.ADC_DMAError)
    ADC_DMAHalfConvCplt                      0x080009f3   Thumb Code    10  stm32h7xx_hal_adc.o(i.ADC_DMAHalfConvCplt)
    ADC_Enable                               0x080009fd   Thumb Code   148  stm32h7xx_hal_adc.o(i.ADC_Enable)
    ADC_IRQHandler                           0x08000aa5   Thumb Code     6  stm32h7xx_it.o(i.ADC_IRQHandler)
    BusFault_Handler                         0x08000ab1   Thumb Code     2  stm32h7xx_it.o(i.BusFault_Handler)
    DMA1_Stream0_IRQHandler                  0x08000ab5   Thumb Code     6  stm32h7xx_it.o(i.DMA1_Stream0_IRQHandler)
    DebugMon_Handler                         0x08000ef9   Thumb Code     2  stm32h7xx_it.o(i.DebugMon_Handler)
    Error_Handler                            0x08000efb   Thumb Code     4  main.o(i.Error_Handler)
    HAL_ADCEx_EndOfSamplingCallback          0x08000eff   Thumb Code     2  stm32h7xx_hal_adc_ex.o(i.HAL_ADCEx_EndOfSamplingCallback)
    HAL_ADCEx_InjectedConvCpltCallback       0x08000f01   Thumb Code     2  stm32h7xx_hal_adc_ex.o(i.HAL_ADCEx_InjectedConvCpltCallback)
    HAL_ADCEx_InjectedQueueOverflowCallback  0x08000f03   Thumb Code     2  stm32h7xx_hal_adc_ex.o(i.HAL_ADCEx_InjectedQueueOverflowCallback)
    HAL_ADCEx_LevelOutOfWindow2Callback      0x08000f05   Thumb Code     2  stm32h7xx_hal_adc_ex.o(i.HAL_ADCEx_LevelOutOfWindow2Callback)
    HAL_ADCEx_LevelOutOfWindow3Callback      0x08000f07   Thumb Code     2  stm32h7xx_hal_adc_ex.o(i.HAL_ADCEx_LevelOutOfWindow3Callback)
    HAL_ADCEx_MultiModeConfigChannel         0x08000f09   Thumb Code   274  stm32h7xx_hal_adc_ex.o(i.HAL_ADCEx_MultiModeConfigChannel)
    HAL_ADC_ConfigChannel                    0x08001031   Thumb Code   928  stm32h7xx_hal_adc.o(i.HAL_ADC_ConfigChannel)
    HAL_ADC_ConvCpltCallback                 0x08001409   Thumb Code     8  main.o(i.HAL_ADC_ConvCpltCallback)
    HAL_ADC_ConvHalfCpltCallback             0x08001415   Thumb Code     2  stm32h7xx_hal_adc.o(i.HAL_ADC_ConvHalfCpltCallback)
    HAL_ADC_ErrorCallback                    0x08001417   Thumb Code     2  stm32h7xx_hal_adc.o(i.HAL_ADC_ErrorCallback)
    HAL_ADC_IRQHandler                       0x08001419   Thumb Code   640  stm32h7xx_hal_adc.o(i.HAL_ADC_IRQHandler)
    HAL_ADC_Init                             0x080016a9   Thumb Code   498  stm32h7xx_hal_adc.o(i.HAL_ADC_Init)
    HAL_ADC_LevelOutOfWindowCallback         0x080018d1   Thumb Code     2  stm32h7xx_hal_adc.o(i.HAL_ADC_LevelOutOfWindowCallback)
    HAL_ADC_MspInit                          0x080018d5   Thumb Code   204  adc.o(i.HAL_ADC_MspInit)
    HAL_ADC_Start_DMA                        0x080019b5   Thumb Code   230  stm32h7xx_hal_adc.o(i.HAL_ADC_Start_DMA)
    HAL_DMA_IRQHandler                       0x08001abd   Thumb Code  1756  stm32h7xx_hal_dma.o(i.HAL_DMA_IRQHandler)
    HAL_DMA_Init                             0x080021a5   Thumb Code   926  stm32h7xx_hal_dma.o(i.HAL_DMA_Init)
    HAL_DMA_Start_IT                         0x08002569   Thumb Code   628  stm32h7xx_hal_dma.o(i.HAL_DMA_Start_IT)
    HAL_GPIO_Init                            0x08002805   Thumb Code   506  stm32h7xx_hal_gpio.o(i.HAL_GPIO_Init)
    HAL_GetREVID                             0x08002a31   Thumb Code     8  stm32h7xx_hal.o(i.HAL_GetREVID)
    HAL_GetTick                              0x08002a3d   Thumb Code     6  stm32h7xx_hal.o(i.HAL_GetTick)
    HAL_IncTick                              0x08002a49   Thumb Code    12  stm32h7xx_hal.o(i.HAL_IncTick)
    HAL_Init                                 0x08002a59   Thumb Code    74  stm32h7xx_hal.o(i.HAL_Init)
    HAL_InitTick                             0x08002ab5   Thumb Code    56  stm32h7xx_hal.o(i.HAL_InitTick)
    HAL_MspInit                              0x08002af5   Thumb Code    22  stm32h7xx_hal_msp.o(i.HAL_MspInit)
    HAL_NVIC_EnableIRQ                       0x08002b11   Thumb Code    26  stm32h7xx_hal_cortex.o(i.HAL_NVIC_EnableIRQ)
    HAL_NVIC_SetPriority                     0x08002b2d   Thumb Code    60  stm32h7xx_hal_cortex.o(i.HAL_NVIC_SetPriority)
    HAL_NVIC_SetPriorityGrouping             0x08002b6d   Thumb Code    28  stm32h7xx_hal_cortex.o(i.HAL_NVIC_SetPriorityGrouping)
    HAL_PWREx_ConfigSupply                   0x08002b91   Thumb Code    78  stm32h7xx_hal_pwr_ex.o(i.HAL_PWREx_ConfigSupply)
    HAL_RCCEx_GetD3PCLK1Freq                 0x08002be5   Thumb Code    26  stm32h7xx_hal_rcc_ex.o(i.HAL_RCCEx_GetD3PCLK1Freq)
    HAL_RCCEx_GetPLL1ClockFreq               0x08002c09   Thumb Code   298  stm32h7xx_hal_rcc_ex.o(i.HAL_RCCEx_GetPLL1ClockFreq)
    HAL_RCCEx_GetPLL2ClockFreq               0x08002d51   Thumb Code   296  stm32h7xx_hal_rcc_ex.o(i.HAL_RCCEx_GetPLL2ClockFreq)
    HAL_RCCEx_GetPLL3ClockFreq               0x08002e95   Thumb Code   296  stm32h7xx_hal_rcc_ex.o(i.HAL_RCCEx_GetPLL3ClockFreq)
    HAL_RCCEx_GetPeriphCLKFreq               0x08002fd9   Thumb Code   692  stm32h7xx_hal_rcc_ex.o(i.HAL_RCCEx_GetPeriphCLKFreq)
    HAL_RCCEx_PeriphCLKConfig                0x080032a1   Thumb Code  2472  stm32h7xx_hal_rcc_ex.o(i.HAL_RCCEx_PeriphCLKConfig)
    HAL_RCC_ClockConfig                      0x08003c4d   Thumb Code   580  stm32h7xx_hal_rcc.o(i.HAL_RCC_ClockConfig)
    HAL_RCC_GetHCLKFreq                      0x08003ea9   Thumb Code    52  stm32h7xx_hal_rcc.o(i.HAL_RCC_GetHCLKFreq)
    HAL_RCC_GetPCLK1Freq                     0x08003eed   Thumb Code    26  stm32h7xx_hal_rcc.o(i.HAL_RCC_GetPCLK1Freq)
    HAL_RCC_GetPCLK2Freq                     0x08003f11   Thumb Code    26  stm32h7xx_hal_rcc.o(i.HAL_RCC_GetPCLK2Freq)
    HAL_RCC_GetSysClockFreq                  0x08003f35   Thumb Code   278  stm32h7xx_hal_rcc.o(i.HAL_RCC_GetSysClockFreq)
    HAL_RCC_OscConfig                        0x0800406d   Thumb Code  1410  stm32h7xx_hal_rcc.o(i.HAL_RCC_OscConfig)
    HAL_SYSTICK_Config                       0x080045ef   Thumb Code    38  stm32h7xx_hal_cortex.o(i.HAL_SYSTICK_Config)
    HAL_TIMEx_MasterConfigSynchronization    0x08004615   Thumb Code   134  stm32h7xx_hal_tim_ex.o(i.HAL_TIMEx_MasterConfigSynchronization)
    HAL_TIM_Base_Init                        0x080046b9   Thumb Code    98  stm32h7xx_hal_tim.o(i.HAL_TIM_Base_Init)
    HAL_TIM_Base_MspInit                     0x0800471d   Thumb Code    30  tim.o(i.HAL_TIM_Base_MspInit)
    HAL_TIM_Base_Start                       0x08004745   Thumb Code    96  stm32h7xx_hal_tim.o(i.HAL_TIM_Base_Start)
    HAL_TIM_ConfigClockSource                0x080047c5   Thumb Code   248  stm32h7xx_hal_tim.o(i.HAL_TIM_ConfigClockSource)
    HAL_UARTEx_DisableFifoMode               0x080048c1   Thumb Code    64  stm32h7xx_hal_uart_ex.o(i.HAL_UARTEx_DisableFifoMode)
    HAL_UARTEx_SetRxFifoThreshold            0x08004901   Thumb Code    76  stm32h7xx_hal_uart_ex.o(i.HAL_UARTEx_SetRxFifoThreshold)
    HAL_UARTEx_SetTxFifoThreshold            0x0800494d   Thumb Code    76  stm32h7xx_hal_uart_ex.o(i.HAL_UARTEx_SetTxFifoThreshold)
    HAL_UART_Init                            0x08004999   Thumb Code   106  stm32h7xx_hal_uart.o(i.HAL_UART_Init)
    HAL_UART_MspInit                         0x08004a05   Thumb Code   122  usart.o(i.HAL_UART_MspInit)
    HAL_UART_Transmit                        0x08004a8d   Thumb Code   176  stm32h7xx_hal_uart.o(i.HAL_UART_Transmit)
    HardFault_Handler                        0x08004b3d   Thumb Code     2  stm32h7xx_it.o(i.HardFault_Handler)
    MX_ADC1_Init                             0x08004b85   Thumb Code   152  adc.o(i.MX_ADC1_Init)
    MX_DMA_Init                              0x08004c29   Thumb Code    40  dma.o(i.MX_DMA_Init)
    MX_GPIO_Init                             0x08004c55   Thumb Code    38  gpio.o(i.MX_GPIO_Init)
    MX_TIM3_Init                             0x08004c81   Thumb Code    96  tim.o(i.MX_TIM3_Init)
    MX_USART1_UART_Init                      0x08004ce9   Thumb Code    94  usart.o(i.MX_USART1_UART_Init)
    MemManage_Handler                        0x08004d51   Thumb Code     2  stm32h7xx_it.o(i.MemManage_Handler)
    NMI_Handler                              0x08004d53   Thumb Code     2  stm32h7xx_it.o(i.NMI_Handler)
    PendSV_Handler                           0x08004d55   Thumb Code     2  stm32h7xx_it.o(i.PendSV_Handler)
    SVC_Handler                              0x08004f99   Thumb Code     2  stm32h7xx_it.o(i.SVC_Handler)
    SysTick_Handler                          0x08004f9b   Thumb Code     4  stm32h7xx_it.o(i.SysTick_Handler)
    SystemClock_Config                       0x08004fa1   Thumb Code   208  main.o(i.SystemClock_Config)
    SystemInit                               0x0800507d   Thumb Code   180  system_stm32h7xx.o(i.SystemInit)
    TIM_Base_SetConfig                       0x08005159   Thumb Code   162  stm32h7xx_hal_tim.o(i.TIM_Base_SetConfig)
    TIM_ETR_SetConfig                        0x0800521d   Thumb Code    18  stm32h7xx_hal_tim.o(i.TIM_ETR_SetConfig)
    UART_AdvFeatureConfig                    0x080052d1   Thumb Code   200  stm32h7xx_hal_uart.o(i.UART_AdvFeatureConfig)
    UART_CheckIdleState                      0x08005399   Thumb Code   170  stm32h7xx_hal_uart.o(i.UART_CheckIdleState)
    UART_SetConfig                           0x08005499   Thumb Code   876  stm32h7xx_hal_uart.o(i.UART_SetConfig)
    UART_WaitOnFlagUntilTimeout              0x08005845   Thumb Code   140  stm32h7xx_hal_uart.o(i.UART_WaitOnFlagUntilTimeout)
    UsageFault_Handler                       0x080058d1   Thumb Code     2  stm32h7xx_it.o(i.UsageFault_Handler)
    __0printf                                0x080058d5   Thumb Code    22  printfa.o(i.__0printf)
    __1printf                                0x080058d5   Thumb Code     0  printfa.o(i.__0printf)
    __2printf                                0x080058d5   Thumb Code     0  printfa.o(i.__0printf)
    __c89printf                              0x080058d5   Thumb Code     0  printfa.o(i.__0printf)
    printf                                   0x080058d5   Thumb Code     0  printfa.o(i.__0printf)
    __ARM_fpclassify                         0x080058f5   Thumb Code    48  fpclassify.o(i.__ARM_fpclassify)
    __hardfp_pow                             0x08005949   Thumb Code  2140  pow.o(i.__hardfp_pow)
    __hardfp_sqrt                            0x08006241   Thumb Code   102  sqrt.o(i.__hardfp_sqrt)
    __kernel_poly                            0x080062a7   Thumb Code   112  poly.o(i.__kernel_poly)
    __mathlib_dbl_divzero                    0x08006319   Thumb Code    14  dunder.o(i.__mathlib_dbl_divzero)
    __mathlib_dbl_infnan2                    0x08006339   Thumb Code     6  dunder.o(i.__mathlib_dbl_infnan2)
    __mathlib_dbl_invalid                    0x08006341   Thumb Code    10  dunder.o(i.__mathlib_dbl_invalid)
    __mathlib_dbl_overflow                   0x08006359   Thumb Code    10  dunder.o(i.__mathlib_dbl_overflow)
    __mathlib_dbl_underflow                  0x08006371   Thumb Code    10  dunder.o(i.__mathlib_dbl_underflow)
    __scatterload_copy                       0x08006389   Thumb Code    14  handlers.o(i.__scatterload_copy)
    __scatterload_null                       0x08006397   Thumb Code     2  handlers.o(i.__scatterload_null)
    __scatterload_zeroinit                   0x08006399   Thumb Code    14  handlers.o(i.__scatterload_zeroinit)
    __set_errno                              0x080063a9   Thumb Code     6  errno.o(i.__set_errno)
    arm_bitreversal_32                       0x08006c41   Thumb Code    62  transformfunctions.o(i.arm_bitreversal_32)
    arm_cfft_f32                             0x08006c7f   Thumb Code   204  transformfunctions.o(i.arm_cfft_f32)
    arm_cfft_radix8by2_f32                   0x08006d4b   Thumb Code   402  transformfunctions.o(i.arm_cfft_radix8by2_f32)
    arm_cfft_radix8by4_f32                   0x08006edd   Thumb Code  1114  transformfunctions.o(i.arm_cfft_radix8by4_f32)
    arm_cmplx_mag_f32                        0x08007339   Thumb Code    62  complexmathfunctions.o(i.arm_cmplx_mag_f32)
    arm_max_f32                              0x0800737d   Thumb Code    46  statisticsfunctions.o(i.arm_max_f32)
    arm_radix8_butterfly_f32                 0x080073ad   Thumb Code  1212  transformfunctions.o(i.arm_radix8_butterfly_f32)
    fabs                                     0x08007869   Thumb Code    24  fabs.o(i.fabs)
    fputc                                    0x08007881   Thumb Code    20  main.o(i.fputc)
    getfftcmplx                              0x08007899   Thumb Code    52  main.o(i.getfftcmplx)
    getthd                                   0x080078d1   Thumb Code   152  main.o(i.getthd)
    main                                     0x08007979   Thumb Code   238  main.o(i.main)
    sqrt                                     0x08007a9d   Thumb Code   106  sqrt.o(i.sqrt)
    UARTPrescTable                           0x08007b0e   Data          24  stm32h7xx_hal_uart.o(.constdata)
    D1CorePrescTable                         0x08007b36   Data          16  system_stm32h7xx.o(.constdata)
    twiddleCoef_4096                         0x08007b48   Data       32768  commontables.o(.constdata)
    armBitRevIndexTable4096                  0x0800fb48   Data        8064  commontables.o(.constdata)
    arm_cfft_sR_f32_len4096                  0x08011ac8   Data          16  commontables.o(.constdata)
    __mathlib_zero                           0x08011b60   Data           8  qnan.o(.constdata)
    Region$$Table$$Base                      0x08011b68   Number         0  anon$$obj.o(Region$$Table)
    Region$$Table$$Limit                     0x08011b88   Number         0  anon$$obj.o(Region$$Table)
    adcflag                                  0x24000000   Data           1  main.o(.data)
    maxvalue                                 0x24000004   Data           4  main.o(.data)
    max_pos                                  0x24000008   Data           4  main.o(.data)
    THD                                      0x2400000c   Data           4  main.o(.data)
    uwTickFreq                               0x24000010   Data           1  stm32h7xx_hal.o(.data)
    uwTickPrio                               0x24000014   Data           4  stm32h7xx_hal.o(.data)
    uwTick                                   0x24000018   Data           4  stm32h7xx_hal.o(.data)
    SystemCoreClock                          0x2400001c   Data           4  system_stm32h7xx.o(.data)
    SystemD2Clock                            0x24000020   Data           4  system_stm32h7xx.o(.data)
    __stdout                                 0x24000024   Data           4  stdout.o(.data)
    dma_adcvalue                             0x2400002c   Data       16384  main.o(.bss)
    adcinput                                 0x2400402c   Data       32768  main.o(.bss)
    adcoutput                                0x2400c02c   Data       16384  main.o(.bss)
    hadc1                                    0x2401002c   Data         100  adc.o(.bss)
    hdma_adc1                                0x24010090   Data         120  adc.o(.bss)
    htim3                                    0x24010108   Data          76  tim.o(.bss)
    huart1                                   0x24010154   Data         148  usart.o(.bss)
    __initial_sp                             0x240105e8   Data           0  startup_stm32h750xx.o(STACK)



==============================================================================

Memory Map of the image

  Image Entry point : 0x08000299

  Load Region LR_IROM1 (Base: 0x08000000, Size: 0x00011bb4, Max: 0x00020000, ABSOLUTE)

    Execution Region ER_IROM1 (Exec base: 0x08000000, Load base: 0x08000000, Size: 0x00011b88, Max: 0x00020000, ABSOLUTE)

    Exec Addr    Load Addr    Size         Type   Attr      Idx    E Section Name        Object

    0x08000000   0x08000000   0x00000298   Data   RO            3    RESET               startup_stm32h750xx.o
    0x08000298   0x08000298   0x00000000   Code   RO        11318  * .ARM.Collect$$$$00000000  mc_w.l(entry.o)
    0x08000298   0x08000298   0x00000004   Code   RO        11641    .ARM.Collect$$$$00000001  mc_w.l(entry2.o)
    0x0800029c   0x0800029c   0x00000004   Code   RO        11644    .ARM.Collect$$$$00000004  mc_w.l(entry5.o)
    0x080002a0   0x080002a0   0x00000000   Code   RO        11646    .ARM.Collect$$$$00000008  mc_w.l(entry7b.o)
    0x080002a0   0x080002a0   0x00000000   Code   RO        11648    .ARM.Collect$$$$0000000A  mc_w.l(entry8b.o)
    0x080002a0   0x080002a0   0x00000008   Code   RO        11649    .ARM.Collect$$$$0000000B  mc_w.l(entry9a.o)
    0x080002a8   0x080002a8   0x00000004   Code   RO        11656    .ARM.Collect$$$$0000000E  mc_w.l(entry12b.o)
    0x080002ac   0x080002ac   0x00000000   Code   RO        11651    .ARM.Collect$$$$0000000F  mc_w.l(entry10a.o)
    0x080002ac   0x080002ac   0x00000000   Code   RO        11653    .ARM.Collect$$$$00000011  mc_w.l(entry11a.o)
    0x080002ac   0x080002ac   0x00000004   Code   RO        11642    .ARM.Collect$$$$00002712  mc_w.l(entry2.o)
    0x080002b0   0x080002b0   0x00000024   Code   RO            4    .text               startup_stm32h750xx.o
    0x080002d4   0x080002d4   0x00000062   Code   RO        11321    .text               mc_w.l(uldiv.o)
    0x08000336   0x08000336   0x0000001e   Code   RO        11325    .text               mc_w.l(llshl.o)
    0x08000354   0x08000354   0x00000024   Code   RO        11327    .text               mc_w.l(llsshr.o)
    0x08000378   0x08000378   0x00000024   Code   RO        11331    .text               mc_w.l(memseta.o)
    0x0800039c   0x0800039c   0x0000002c   Code   RO        11658    .text               mc_w.l(uidiv.o)
    0x080003c8   0x080003c8   0x00000020   Code   RO        11660    .text               mc_w.l(llushr.o)
    0x080003e8   0x080003e8   0x00000000   Code   RO        11669    .text               mc_w.l(iusefp.o)
    0x080003e8   0x080003e8   0x0000014e   Code   RO        11670    .text               mf_w.l(dadd.o)
    0x08000536   0x08000536   0x000000e4   Code   RO        11672    .text               mf_w.l(dmul.o)
    0x0800061a   0x0800061a   0x000000de   Code   RO        11674    .text               mf_w.l(ddiv.o)
    0x080006f8   0x080006f8   0x0000002e   Code   RO        11676    .text               mf_w.l(dscalb.o)
    0x08000726   0x08000726   0x00000030   Code   RO        11678    .text               mf_w.l(dfixul.o)
    0x08000756   0x08000756   0x00000002   PAD
    0x08000758   0x08000758   0x00000030   Code   RO        11680    .text               mf_w.l(cdrcmple.o)
    0x08000788   0x08000788   0x00000024   Code   RO        11684    .text               mc_w.l(init.o)
    0x080007ac   0x080007ac   0x000000ba   Code   RO        11686    .text               mf_w.l(depilogue.o)
    0x08000866   0x08000866   0x00000002   PAD
    0x08000868   0x08000868   0x00000108   Code   RO          612    i.ADC_ConfigureBoostMode  stm32h7xx_hal_adc.o
    0x08000970   0x08000970   0x00000068   Code   RO          614    i.ADC_DMAConvCplt   stm32h7xx_hal_adc.o
    0x080009d8   0x080009d8   0x0000001a   Code   RO          615    i.ADC_DMAError      stm32h7xx_hal_adc.o
    0x080009f2   0x080009f2   0x0000000a   Code   RO          616    i.ADC_DMAHalfConvCplt  stm32h7xx_hal_adc.o
    0x080009fc   0x080009fc   0x000000a8   Code   RO          618    i.ADC_Enable        stm32h7xx_hal_adc.o
    0x08000aa4   0x08000aa4   0x0000000c   Code   RO          500    i.ADC_IRQHandler    stm32h7xx_it.o
    0x08000ab0   0x08000ab0   0x00000002   Code   RO          501    i.BusFault_Handler  stm32h7xx_it.o
    0x08000ab2   0x08000ab2   0x00000002   PAD
    0x08000ab4   0x08000ab4   0x0000000c   Code   RO          502    i.DMA1_Stream0_IRQHandler  stm32h7xx_it.o
    0x08000ac0   0x08000ac0   0x000000b4   Code   RO         1683    i.DMA_CalcBaseAndBitshift  stm32h7xx_hal_dma.o
    0x08000b74   0x08000b74   0x0000009c   Code   RO         1684    i.DMA_CalcDMAMUXChannelBaseAndMask  stm32h7xx_hal_dma.o
    0x08000c10   0x08000c10   0x00000074   Code   RO         1685    i.DMA_CalcDMAMUXRequestGenBaseAndMask  stm32h7xx_hal_dma.o
    0x08000c84   0x08000c84   0x00000054   Code   RO         1686    i.DMA_CheckFifoParam  stm32h7xx_hal_dma.o
    0x08000cd8   0x08000cd8   0x00000220   Code   RO         1687    i.DMA_SetConfig     stm32h7xx_hal_dma.o
    0x08000ef8   0x08000ef8   0x00000002   Code   RO          503    i.DebugMon_Handler  stm32h7xx_it.o
    0x08000efa   0x08000efa   0x00000004   Code   RO           13    i.Error_Handler     main.o
    0x08000efe   0x08000efe   0x00000002   Code   RO          838    i.HAL_ADCEx_EndOfSamplingCallback  stm32h7xx_hal_adc_ex.o
    0x08000f00   0x08000f00   0x00000002   Code   RO          841    i.HAL_ADCEx_InjectedConvCpltCallback  stm32h7xx_hal_adc_ex.o
    0x08000f02   0x08000f02   0x00000002   Code   RO          844    i.HAL_ADCEx_InjectedQueueOverflowCallback  stm32h7xx_hal_adc_ex.o
    0x08000f04   0x08000f04   0x00000002   Code   RO          849    i.HAL_ADCEx_LevelOutOfWindow2Callback  stm32h7xx_hal_adc_ex.o
    0x08000f06   0x08000f06   0x00000002   Code   RO          850    i.HAL_ADCEx_LevelOutOfWindow3Callback  stm32h7xx_hal_adc_ex.o
    0x08000f08   0x08000f08   0x00000128   Code   RO          854    i.HAL_ADCEx_MultiModeConfigChannel  stm32h7xx_hal_adc_ex.o
    0x08001030   0x08001030   0x000003d8   Code   RO          620    i.HAL_ADC_ConfigChannel  stm32h7xx_hal_adc.o
    0x08001408   0x08001408   0x0000000c   Code   RO           14    i.HAL_ADC_ConvCpltCallback  main.o
    0x08001414   0x08001414   0x00000002   Code   RO          622    i.HAL_ADC_ConvHalfCpltCallback  stm32h7xx_hal_adc.o
    0x08001416   0x08001416   0x00000002   Code   RO          624    i.HAL_ADC_ErrorCallback  stm32h7xx_hal_adc.o
    0x08001418   0x08001418   0x00000290   Code   RO          628    i.HAL_ADC_IRQHandler  stm32h7xx_hal_adc.o
    0x080016a8   0x080016a8   0x00000228   Code   RO          629    i.HAL_ADC_Init      stm32h7xx_hal_adc.o
    0x080018d0   0x080018d0   0x00000002   Code   RO          630    i.HAL_ADC_LevelOutOfWindowCallback  stm32h7xx_hal_adc.o
    0x080018d2   0x080018d2   0x00000002   PAD
    0x080018d4   0x080018d4   0x000000e0   Code   RO          333    i.HAL_ADC_MspInit   adc.o
    0x080019b4   0x080019b4   0x00000108   Code   RO          636    i.HAL_ADC_Start_DMA  stm32h7xx_hal_adc.o
    0x08001abc   0x08001abc   0x000006e8   Code   RO         1693    i.HAL_DMA_IRQHandler  stm32h7xx_hal_dma.o
    0x080021a4   0x080021a4   0x000003c4   Code   RO         1694    i.HAL_DMA_Init      stm32h7xx_hal_dma.o
    0x08002568   0x08002568   0x0000029c   Code   RO         1698    i.HAL_DMA_Start_IT  stm32h7xx_hal_dma.o
    0x08002804   0x08002804   0x0000022c   Code   RO         1536    i.HAL_GPIO_Init     stm32h7xx_hal_gpio.o
    0x08002a30   0x08002a30   0x0000000c   Code   RO         2549    i.HAL_GetREVID      stm32h7xx_hal.o
    0x08002a3c   0x08002a3c   0x0000000c   Code   RO         2550    i.HAL_GetTick       stm32h7xx_hal.o
    0x08002a48   0x08002a48   0x00000010   Code   RO         2556    i.HAL_IncTick       stm32h7xx_hal.o
    0x08002a58   0x08002a58   0x0000005c   Code   RO         2557    i.HAL_Init          stm32h7xx_hal.o
    0x08002ab4   0x08002ab4   0x00000040   Code   RO         2558    i.HAL_InitTick      stm32h7xx_hal.o
    0x08002af4   0x08002af4   0x0000001c   Code   RO          588    i.HAL_MspInit       stm32h7xx_hal_msp.o
    0x08002b10   0x08002b10   0x0000001a   Code   RO         2396    i.HAL_NVIC_EnableIRQ  stm32h7xx_hal_cortex.o
    0x08002b2a   0x08002b2a   0x00000002   PAD
    0x08002b2c   0x08002b2c   0x00000040   Code   RO         2402    i.HAL_NVIC_SetPriority  stm32h7xx_hal_cortex.o
    0x08002b6c   0x08002b6c   0x00000024   Code   RO         2403    i.HAL_NVIC_SetPriorityGrouping  stm32h7xx_hal_cortex.o
    0x08002b90   0x08002b90   0x00000054   Code   RO         2137    i.HAL_PWREx_ConfigSupply  stm32h7xx_hal_pwr_ex.o
    0x08002be4   0x08002be4   0x00000024   Code   RO         1179    i.HAL_RCCEx_GetD3PCLK1Freq  stm32h7xx_hal_rcc_ex.o
    0x08002c08   0x08002c08   0x00000148   Code   RO         1180    i.HAL_RCCEx_GetPLL1ClockFreq  stm32h7xx_hal_rcc_ex.o
    0x08002d50   0x08002d50   0x00000144   Code   RO         1181    i.HAL_RCCEx_GetPLL2ClockFreq  stm32h7xx_hal_rcc_ex.o
    0x08002e94   0x08002e94   0x00000144   Code   RO         1182    i.HAL_RCCEx_GetPLL3ClockFreq  stm32h7xx_hal_rcc_ex.o
    0x08002fd8   0x08002fd8   0x000002c8   Code   RO         1184    i.HAL_RCCEx_GetPeriphCLKFreq  stm32h7xx_hal_rcc_ex.o
    0x080032a0   0x080032a0   0x000009ac   Code   RO         1188    i.HAL_RCCEx_PeriphCLKConfig  stm32h7xx_hal_rcc_ex.o
    0x08003c4c   0x08003c4c   0x0000025c   Code   RO         1064    i.HAL_RCC_ClockConfig  stm32h7xx_hal_rcc.o
    0x08003ea8   0x08003ea8   0x00000044   Code   RO         1069    i.HAL_RCC_GetHCLKFreq  stm32h7xx_hal_rcc.o
    0x08003eec   0x08003eec   0x00000024   Code   RO         1071    i.HAL_RCC_GetPCLK1Freq  stm32h7xx_hal_rcc.o
    0x08003f10   0x08003f10   0x00000024   Code   RO         1072    i.HAL_RCC_GetPCLK2Freq  stm32h7xx_hal_rcc.o
    0x08003f34   0x08003f34   0x00000138   Code   RO         1073    i.HAL_RCC_GetSysClockFreq  stm32h7xx_hal_rcc.o
    0x0800406c   0x0800406c   0x00000582   Code   RO         1076    i.HAL_RCC_OscConfig  stm32h7xx_hal_rcc.o
    0x080045ee   0x080045ee   0x00000026   Code   RO         2407    i.HAL_SYSTICK_Config  stm32h7xx_hal_cortex.o
    0x08004614   0x08004614   0x000000a4   Code   RO         4179    i.HAL_TIMEx_MasterConfigSynchronization  stm32h7xx_hal_tim_ex.o
    0x080046b8   0x080046b8   0x00000062   Code   RO         3443    i.HAL_TIM_Base_Init  stm32h7xx_hal_tim.o
    0x0800471a   0x0800471a   0x00000002   PAD
    0x0800471c   0x0800471c   0x00000028   Code   RO          417    i.HAL_TIM_Base_MspInit  tim.o
    0x08004744   0x08004744   0x00000080   Code   RO         3446    i.HAL_TIM_Base_Start  stm32h7xx_hal_tim.o
    0x080047c4   0x080047c4   0x000000fc   Code   RO         3452    i.HAL_TIM_ConfigClockSource  stm32h7xx_hal_tim.o
    0x080048c0   0x080048c0   0x00000040   Code   RO         4868    i.HAL_UARTEx_DisableFifoMode  stm32h7xx_hal_uart_ex.o
    0x08004900   0x08004900   0x0000004c   Code   RO         4877    i.HAL_UARTEx_SetRxFifoThreshold  stm32h7xx_hal_uart_ex.o
    0x0800494c   0x0800494c   0x0000004c   Code   RO         4878    i.HAL_UARTEx_SetTxFifoThreshold  stm32h7xx_hal_uart_ex.o
    0x08004998   0x08004998   0x0000006a   Code   RO         4477    i.HAL_UART_Init     stm32h7xx_hal_uart.o
    0x08004a02   0x08004a02   0x00000002   PAD
    0x08004a04   0x08004a04   0x00000088   Code   RO          459    i.HAL_UART_MspInit  usart.o
    0x08004a8c   0x08004a8c   0x000000b0   Code   RO         4486    i.HAL_UART_Transmit  stm32h7xx_hal_uart.o
    0x08004b3c   0x08004b3c   0x00000002   Code   RO          504    i.HardFault_Handler  stm32h7xx_it.o
    0x08004b3e   0x08004b3e   0x00000008   Code   RO          641    i.LL_ADC_INJ_IsConversionOngoing  stm32h7xx_hal_adc.o
    0x08004b46   0x08004b46   0x00000008   Code   RO          642    i.LL_ADC_REG_IsConversionOngoing  stm32h7xx_hal_adc.o
    0x08004b4e   0x08004b4e   0x00000008   Code   RO          864    i.LL_ADC_REG_IsConversionOngoing  stm32h7xx_hal_adc_ex.o
    0x08004b56   0x08004b56   0x00000010   Code   RO          643    i.LL_ADC_REG_IsTriggerSourceSWStart  stm32h7xx_hal_adc.o
    0x08004b66   0x08004b66   0x0000001e   Code   RO          645    i.LL_ADC_SetChannelSamplingTime  stm32h7xx_hal_adc.o
    0x08004b84   0x08004b84   0x000000a4   Code   RO          334    i.MX_ADC1_Init      adc.o
    0x08004c28   0x08004c28   0x0000002c   Code   RO          374    i.MX_DMA_Init       dma.o
    0x08004c54   0x08004c54   0x0000002c   Code   RO          308    i.MX_GPIO_Init      gpio.o
    0x08004c80   0x08004c80   0x00000068   Code   RO          418    i.MX_TIM3_Init      tim.o
    0x08004ce8   0x08004ce8   0x00000068   Code   RO          460    i.MX_USART1_UART_Init  usart.o
    0x08004d50   0x08004d50   0x00000002   Code   RO          505    i.MemManage_Handler  stm32h7xx_it.o
    0x08004d52   0x08004d52   0x00000002   Code   RO          506    i.NMI_Handler       stm32h7xx_it.o
    0x08004d54   0x08004d54   0x00000002   Code   RO          507    i.PendSV_Handler    stm32h7xx_it.o
    0x08004d56   0x08004d56   0x00000002   PAD
    0x08004d58   0x08004d58   0x00000120   Code   RO         1191    i.RCCEx_PLL2_Config  stm32h7xx_hal_rcc_ex.o
    0x08004e78   0x08004e78   0x00000120   Code   RO         1192    i.RCCEx_PLL3_Config  stm32h7xx_hal_rcc_ex.o
    0x08004f98   0x08004f98   0x00000002   Code   RO          508    i.SVC_Handler       stm32h7xx_it.o
    0x08004f9a   0x08004f9a   0x00000004   Code   RO          509    i.SysTick_Handler   stm32h7xx_it.o
    0x08004f9e   0x08004f9e   0x00000002   PAD
    0x08004fa0   0x08004fa0   0x000000dc   Code   RO           15    i.SystemClock_Config  main.o
    0x0800507c   0x0800507c   0x000000dc   Code   RO         4987    i.SystemInit        system_stm32h7xx.o
    0x08005158   0x08005158   0x000000c4   Code   RO         3536    i.TIM_Base_SetConfig  stm32h7xx_hal_tim.o
    0x0800521c   0x0800521c   0x00000012   Code   RO         3547    i.TIM_ETR_SetConfig  stm32h7xx_hal_tim.o
    0x0800522e   0x0800522e   0x00000002   PAD
    0x08005230   0x08005230   0x00000014   Code   RO         3548    i.TIM_ITRx_SetConfig  stm32h7xx_hal_tim.o
    0x08005244   0x08005244   0x00000022   Code   RO         3556    i.TIM_TI1_ConfigInputStage  stm32h7xx_hal_tim.o
    0x08005266   0x08005266   0x00000024   Code   RO         3558    i.TIM_TI2_ConfigInputStage  stm32h7xx_hal_tim.o
    0x0800528a   0x0800528a   0x00000002   PAD
    0x0800528c   0x0800528c   0x00000044   Code   RO         4882    i.UARTEx_SetNbDataToProcess  stm32h7xx_hal_uart_ex.o
    0x080052d0   0x080052d0   0x000000c8   Code   RO         4491    i.UART_AdvFeatureConfig  stm32h7xx_hal_uart.o
    0x08005398   0x08005398   0x000000aa   Code   RO         4492    i.UART_CheckIdleState  stm32h7xx_hal_uart.o
    0x08005442   0x08005442   0x00000002   PAD
    0x08005444   0x08005444   0x00000054   Code   RO         4503    i.UART_EndRxTransfer  stm32h7xx_hal_uart.o
    0x08005498   0x08005498   0x000003ac   Code   RO         4509    i.UART_SetConfig    stm32h7xx_hal_uart.o
    0x08005844   0x08005844   0x0000008c   Code   RO         4516    i.UART_WaitOnFlagUntilTimeout  stm32h7xx_hal_uart.o
    0x080058d0   0x080058d0   0x00000002   Code   RO          510    i.UsageFault_Handler  stm32h7xx_it.o
    0x080058d2   0x080058d2   0x00000002   PAD
    0x080058d4   0x080058d4   0x00000020   Code   RO        11568    i.__0printf         mc_w.l(printfa.o)
    0x080058f4   0x080058f4   0x00000030   Code   RO        11620    i.__ARM_fpclassify  m_wv.l(fpclassify.o)
    0x08005924   0x08005924   0x00000022   Code   RO         2409    i.__NVIC_SetPriority  stm32h7xx_hal_cortex.o
    0x08005946   0x08005946   0x00000002   PAD
    0x08005948   0x08005948   0x000008f8   Code   RO        11254    i.__hardfp_pow      m_wv.l(pow.o)
    0x08006240   0x08006240   0x00000066   Code   RO        11282    i.__hardfp_sqrt     m_wv.l(sqrt.o)
    0x080062a6   0x080062a6   0x00000070   Code   RO        11638    i.__kernel_poly     m_wv.l(poly.o)
    0x08006316   0x08006316   0x00000002   PAD
    0x08006318   0x08006318   0x00000020   Code   RO        11600    i.__mathlib_dbl_divzero  m_wv.l(dunder.o)
    0x08006338   0x08006338   0x00000006   Code   RO        11602    i.__mathlib_dbl_infnan2  m_wv.l(dunder.o)
    0x0800633e   0x0800633e   0x00000002   PAD
    0x08006340   0x08006340   0x00000018   Code   RO        11603    i.__mathlib_dbl_invalid  m_wv.l(dunder.o)
    0x08006358   0x08006358   0x00000018   Code   RO        11604    i.__mathlib_dbl_overflow  m_wv.l(dunder.o)
    0x08006370   0x08006370   0x00000018   Code   RO        11606    i.__mathlib_dbl_underflow  m_wv.l(dunder.o)
    0x08006388   0x08006388   0x0000000e   Code   RO        11690    i.__scatterload_copy  mc_w.l(handlers.o)
    0x08006396   0x08006396   0x00000002   Code   RO        11691    i.__scatterload_null  mc_w.l(handlers.o)
    0x08006398   0x08006398   0x0000000e   Code   RO        11692    i.__scatterload_zeroinit  mc_w.l(handlers.o)
    0x080063a6   0x080063a6   0x00000002   PAD
    0x080063a8   0x080063a8   0x0000000c   Code   RO        11664    i.__set_errno       mc_w.l(errno.o)
    0x080063b4   0x080063b4   0x00000184   Code   RO        11575    i._fp_digits        mc_w.l(printfa.o)
    0x08006538   0x08006538   0x000006b4   Code   RO        11576    i._printf_core      mc_w.l(printfa.o)
    0x08006bec   0x08006bec   0x00000024   Code   RO        11577    i._printf_post_padding  mc_w.l(printfa.o)
    0x08006c10   0x08006c10   0x0000002e   Code   RO        11578    i._printf_pre_padding  mc_w.l(printfa.o)
    0x08006c3e   0x08006c3e   0x00000002   PAD
    0x08006c40   0x08006c40   0x0000003e   Code   RO        10007    i.arm_bitreversal_32  transformfunctions.o
    0x08006c7e   0x08006c7e   0x000000cc   Code   RO        10012    i.arm_cfft_f32      transformfunctions.o
    0x08006d4a   0x08006d4a   0x00000192   Code   RO        10073    i.arm_cfft_radix8by2_f32  transformfunctions.o
    0x08006edc   0x08006edc   0x0000045a   Code   RO        10074    i.arm_cfft_radix8by4_f32  transformfunctions.o
    0x08007336   0x08007336   0x00000002   PAD
    0x08007338   0x08007338   0x00000044   Code   RO         5948    i.arm_cmplx_mag_f32  complexmathfunctions.o
    0x0800737c   0x0800737c   0x0000002e   Code   RO         8808    i.arm_max_f32       statisticsfunctions.o
    0x080073aa   0x080073aa   0x00000002   PAD
    0x080073ac   0x080073ac   0x000004bc   Code   RO        10124    i.arm_radix8_butterfly_f32  transformfunctions.o
    0x08007868   0x08007868   0x00000018   Code   RO        11616    i.fabs              m_wv.l(fabs.o)
    0x08007880   0x08007880   0x00000018   Code   RO           16    i.fputc             main.o
    0x08007898   0x08007898   0x00000038   Code   RO           17    i.getfftcmplx       main.o
    0x080078d0   0x080078d0   0x000000a8   Code   RO           18    i.getthd            main.o
    0x08007978   0x08007978   0x00000124   Code   RO           19    i.main              main.o
    0x08007a9c   0x08007a9c   0x0000006a   Code   RO        11284    i.sqrt              m_wv.l(sqrt.o)
    0x08007b06   0x08007b06   0x00000008   Data   RO         1700    .constdata          stm32h7xx_hal_dma.o
    0x08007b0e   0x08007b0e   0x00000018   Data   RO         4517    .constdata          stm32h7xx_hal_uart.o
    0x08007b26   0x08007b26   0x00000010   Data   RO         4883    .constdata          stm32h7xx_hal_uart_ex.o
    0x08007b36   0x08007b36   0x00000010   Data   RO         4988    .constdata          system_stm32h7xx.o
    0x08007b46   0x08007b46   0x00000002   PAD
    0x08007b48   0x08007b48   0x00008000   Data   RO         5711    .constdata          commontables.o
    0x0800fb48   0x0800fb48   0x00001f80   Data   RO         5747    .constdata          commontables.o
    0x08011ac8   0x08011ac8   0x00000010   Data   RO         5827    .constdata          commontables.o
    0x08011ad8   0x08011ad8   0x00000088   Data   RO        11257    .constdata          m_wv.l(pow.o)
    0x08011b60   0x08011b60   0x00000008   Data   RO        11640    .constdata          m_wv.l(qnan.o)
    0x08011b68   0x08011b68   0x00000020   Data   RO        11688    Region$$Table       anon$$obj.o


    Execution Region RW_IRAM1 (Exec base: 0x20000000, Load base: 0x08011b88, Size: 0x00000000, Max: 0x00020000, ABSOLUTE)

    **** No section assigned to this execution region ****


    Execution Region RW_IRAM2 (Exec base: 0x24000000, Load base: 0x08011b88, Size: 0x000105e8, Max: 0x00080000, ABSOLUTE)

    Exec Addr    Load Addr    Size         Type   Attr      Idx    E Section Name        Object

    0x24000000   0x08011b88   0x00000010   Data   RW           21    .data               main.o
    0x24000010   0x08011b98   0x0000000c   Data   RW         2579    .data               stm32h7xx_hal.o
    0x2400001c   0x08011ba4   0x00000008   Data   RW         4989    .data               system_stm32h7xx.o
    0x24000024   0x08011bac   0x00000004   Data   RW        11657    .data               mc_w.l(stdout.o)
    0x24000028   0x08011bb0   0x00000004   Data   RW        11665    .data               mc_w.l(errno.o)
    0x2400002c        -       0x00010000   Zero   RW           20    .bss                main.o
    0x2401002c        -       0x000000dc   Zero   RW          335    .bss                adc.o
    0x24010108        -       0x0000004c   Zero   RW          419    .bss                tim.o
    0x24010154        -       0x00000094   Zero   RW          461    .bss                usart.o
    0x240101e8        -       0x00000400   Zero   RW            1    STACK               startup_stm32h750xx.o


==============================================================================

Image component sizes


      Code (inc. data)   RO Data    RW Data    ZI Data      Debug   Object Name

       388         32          0          0        220       2151   adc.o
         0          0      40848          0          0      13641   commontables.o
        68          6          0          0          0       2244   complexmathfunctions.o
        44          4          0          0          0        918   dma.o
        44          6          0          0          0        935   gpio.o
       776         94          0         16      65536    1339191   main.o
        36          8        664          0       1024        856   startup_stm32h750xx.o
        46          0          0          0          0       1366   statisticsfunctions.o
       196         40          0         12          0      22968   stm32h7xx_hal.o
      3096        220          0          0          0      77483   stm32h7xx_hal_adc.o
       314         22          0          0          0      66212   stm32h7xx_hal_adc_ex.o
       198         12          0          0          0      39743   stm32h7xx_hal_cortex.o
      4480        176          8          0          0      10151   stm32h7xx_hal_dma.o
       556         50          0          0          0       1700   stm32h7xx_hal_gpio.o
        28          6          0          0          0        954   stm32h7xx_hal_msp.o
        84          6          0          0          0        813   stm32h7xx_hal_pwr_ex.o
      2466        102          0          0          0       7328   stm32h7xx_hal_rcc.o
      4776        174          0          0          0      10771   stm32h7xx_hal_rcc_ex.o
       782         82          0          0          0       7388   stm32h7xx_hal_tim.o
       164         30          0          0          0       1620   stm32h7xx_hal_tim_ex.o
      1816        112         24          0          0      27122   stm32h7xx_hal_uart.o
       284          6         16          0          0       3925   stm32h7xx_hal_uart_ex.o
        44         12          0          0          0       5253   stm32h7xx_it.o
       220         40         16          8          0       1542   system_stm32h7xx.o
       144         18          0          0         76       1834   tim.o
      2994          4          0          0          0      10585   transformfunctions.o
       240         24          0          0        148       1990   usart.o

    ----------------------------------------------------------------------
     24312       1286      41610         36      67004    1660684   Object Totals
         0          0         32          0          0          0   (incl. Generated)
        28          0          2          0          0          0   (incl. Padding)

    ----------------------------------------------------------------------

      Code (inc. data)   RO Data    RW Data    ZI Data      Debug   Library Member Name

       110         60          0          0          0        580   dunder.o
        24          0          0          0          0        124   fabs.o
        48          0          0          0          0        124   fpclassify.o
       112          0          0          0          0        116   poly.o
      2296        304        136          0          0        320   pow.o
         0          0          8          0          0          0   qnan.o
       208          0          0          0          0        280   sqrt.o
         0          0          0          0          0          0   entry.o
         0          0          0          0          0          0   entry10a.o
         0          0          0          0          0          0   entry11a.o
         4          0          0          0          0          0   entry12b.o
         8          4          0          0          0          0   entry2.o
         4          0          0          0          0          0   entry5.o
         0          0          0          0          0          0   entry7b.o
         0          0          0          0          0          0   entry8b.o
         8          4          0          0          0          0   entry9a.o
        12          6          0          4          0         68   errno.o
        30          0          0          0          0          0   handlers.o
        36          8          0          0          0         68   init.o
         0          0          0          0          0          0   iusefp.o
        30          0          0          0          0         68   llshl.o
        36          0          0          0          0         68   llsshr.o
        32          0          0          0          0         68   llushr.o
        36          0          0          0          0        108   memseta.o
      2218         90          0          0          0        464   printfa.o
         0          0          0          4          0          0   stdout.o
        44          0          0          0          0         80   uidiv.o
        98          0          0          0          0         92   uldiv.o
        48          0          0          0          0         68   cdrcmple.o
       334          0          0          0          0        148   dadd.o
       222          0          0          0          0        100   ddiv.o
       186          0          0          0          0        176   depilogue.o
        48          0          0          0          0         68   dfixul.o
       228          0          0          0          0         96   dmul.o
        46          0          0          0          0         80   dscalb.o

    ----------------------------------------------------------------------
      6518        476        144          8          0       3364   Library Totals
        12          0          0          0          0          0   (incl. Padding)

    ----------------------------------------------------------------------

      Code (inc. data)   RO Data    RW Data    ZI Data      Debug   Library Name

      2798        364        144          0          0       1544   m_wv.l
      2596        112          0          8          0       1084   mc_w.l
      1112          0          0          0          0        736   mf_w.l

    ----------------------------------------------------------------------
      6518        476        144          8          0       3364   Library Totals

    ----------------------------------------------------------------------

==============================================================================


      Code (inc. data)   RO Data    RW Data    ZI Data      Debug   

     30830       1762      41754         44      67004    1652268   Grand Totals
     30830       1762      41754         44      67004    1652268   ELF Image Totals
     30830       1762      41754         44          0          0   ROM Totals

==============================================================================

    Total RO  Size (Code + RO Data)                72584 (  70.88kB)
    Total RW  Size (RW Data + ZI Data)             67048 (  65.48kB)
    Total ROM Size (Code + RO Data + RW Data)      72628 (  70.93kB)

==============================================================================

